Component: ARM Compiler 5.06 update 4 (build 422) Tool: armlink [4d35d2]

==============================================================================

Section Cross References

    main.o(.text) refers to lcd.o(.text) for LCD_ShowString
    main.o(.text) refers to misc.o(.text) for NVIC_PriorityGroupConfig
    main.o(.text) refers to delay.o(.text) for delay_init
    main.o(.text) refers to usart.o(.text) for uart_init
    main.o(.text) refers to lcd_init.o(.text) for LCD_Init
    main.o(.text) refers to encode_motor.o(.text) for Encoder_Init
    main.o(.text) refers to timer.o(.text) for TIM1_Int_Init
    main.o(.text) refers to infrared_sensor.o(.text) for Infrared_Sensor_Init
    main.o(.text) refers to main.o(.data) for state
    system_stm32f10x.o(.text) refers to system_stm32f10x.o(.data) for SystemCoreClock
    led.o(.text) refers to stm32f10x_rcc.o(.text) for RCC_APB2PeriphClockCmd
    led.o(.text) refers to stm32f10x_gpio.o(.text) for GPIO_Init
    encode_motor.o(.text) refers to stm32f10x_rcc.o(.text) for RCC_APB1PeriphClockCmd
    encode_motor.o(.text) refers to stm32f10x_gpio.o(.text) for GPIO_Init
    encode_motor.o(.text) refers to stm32f10x_tim.o(.text) for TIM_TimeBaseInit
    encode_motor.o(.text) refers to stm32f10x_exti.o(.text) for EXTI_Init
    encode_motor.o(.text) refers to misc.o(.text) for NVIC_Init
    encode_motor.o(.text) refers to delay.o(.text) for delay_ms
    encode_motor.o(.text) refers to encode_motor.o(.data) for pause_cnt_front_left
    pid.o(.text) refers to faddsub_clz.o(x$fpl$frsb) for __aeabi_frsub
    pid.o(.text) refers to faddsub_clz.o(x$fpl$fadd) for __aeabi_fadd
    pid.o(.text) refers to faddsub_clz.o(x$fpl$fsub) for __aeabi_fsub
    pid.o(.text) refers to frleqf.o(x$fpl$frleqf) for __aeabi_cfrcmple
    pid.o(.text) refers to fleqf.o(x$fpl$fleqf) for __aeabi_cfcmple
    pid.o(.text) refers to fmul.o(x$fpl$fmul) for __aeabi_fmul
    pid.o(.text) refers to pid.o(.data) for Set_Temp
    infrared_sensor.o(.text) refers to stm32f10x_rcc.o(.text) for RCC_APB2PeriphClockCmd
    infrared_sensor.o(.text) refers to stm32f10x_gpio.o(.text) for GPIO_Init
    lcd.o(.text) refers to lcd_init.o(.text) for LCD_Address_Set
    lcd.o(.text) refers to lcd.o(.constdata) for tfont32
    lcd.o(.text) refers to fmul.o(x$fpl$fmul) for __aeabi_fmul
    lcd.o(.text) refers to ffixu.o(x$fpl$ffixu) for __aeabi_f2uiz
    lcd_init.o(.text) refers to stm32f10x_rcc.o(.text) for RCC_APB2PeriphClockCmd
    lcd_init.o(.text) refers to stm32f10x_gpio.o(.text) for GPIO_Init
    lcd_init.o(.text) refers to delay.o(.text) for delay_ms
    delay.o(.text) refers to misc.o(.text) for SysTick_CLKSourceConfig
    delay.o(.text) refers to system_stm32f10x.o(.data) for SystemCoreClock
    delay.o(.text) refers to delay.o(.data) for fac_us
    usart.o(.text) refers (Special) to use_no_semi_2.o(.text) for __use_no_semihosting
    usart.o(.text) refers to stm32f10x_rcc.o(.text) for RCC_APB2PeriphClockCmd
    usart.o(.text) refers to stm32f10x_gpio.o(.text) for GPIO_Init
    usart.o(.text) refers to misc.o(.text) for NVIC_Init
    usart.o(.text) refers to stm32f10x_usart.o(.text) for USART_Init
    usart.o(.text) refers to usart.o(.data) for USART_RX_STA
    usart.o(.text) refers to usart.o(.bss) for USART_RX_BUF
    usart.o(.bss) refers (Special) to use_no_semi_2.o(.text) for __use_no_semihosting
    usart.o(.data) refers (Special) to use_no_semi_2.o(.text) for __use_no_semihosting
    timer.o(.text) refers to dfix.o(x$fpl$dfix) for __aeabi_d2iz
    timer.o(.text) refers to lcd.o(.text) for LCD_ShowIntNum
    timer.o(.text) refers to ffix.o(x$fpl$ffix) for __aeabi_f2iz
    timer.o(.text) refers to stm32f10x_rcc.o(.text) for RCC_APB2PeriphClockCmd
    timer.o(.text) refers to stm32f10x_tim.o(.text) for TIM_TimeBaseInit
    timer.o(.text) refers to misc.o(.text) for NVIC_Init
    timer.o(.text) refers to dflt_clz.o(x$fpl$dfltu) for __aeabi_ui2d
    timer.o(.text) refers to dmul.o(x$fpl$dmul) for __aeabi_dmul
    timer.o(.text) refers to d2f.o(x$fpl$d2f) for __aeabi_d2f
    timer.o(.text) refers to pid.o(.text) for PID_calc
    timer.o(.text) refers to encode_motor.o(.text) for My_CarGo
    timer.o(.text) refers to encode_motor.o(.data) for V_front_left
    timer.o(.text) refers to pid.o(.data) for PID_OUT
    timer.o(.text) refers to timer.o(.data) for time_cnt
    startup_stm32f10x_hd.o(STACK) refers (Special) to heapauxi.o(.text) for __use_two_region_memory
    startup_stm32f10x_hd.o(HEAP) refers (Special) to heapauxi.o(.text) for __use_two_region_memory
    startup_stm32f10x_hd.o(RESET) refers (Special) to heapauxi.o(.text) for __use_two_region_memory
    startup_stm32f10x_hd.o(RESET) refers to startup_stm32f10x_hd.o(STACK) for __initial_sp
    startup_stm32f10x_hd.o(RESET) refers to startup_stm32f10x_hd.o(.text) for Reset_Handler
    startup_stm32f10x_hd.o(RESET) refers to stm32f10x_it.o(.text) for NMI_Handler
    startup_stm32f10x_hd.o(RESET) refers to encode_motor.o(.text) for EXTI0_IRQHandler
[...]
    rtexit.o(.ARM.exidx) refers (Special) to rtexit2.o(.ARM.Collect$$rtexit$$00000004) for __rt_exit_exit
    rtexit.o(.ARM.exidx) refers (Special) to rtexit2.o(.ARM.Collect$$rtexit$$00000003) for __rt_exit_ls
    rtexit.o(.ARM.exidx) refers (Special) to rtexit2.o(.ARM.Collect$$rtexit$$00000002) for __rt_exit_prels_1
    rtexit.o(.ARM.exidx) refers to rtexit.o(.ARM.Collect$$rtexit$$00000000) for .ARM.Collect$$rtexit$$00000000
    libinit2.o(.ARM.Collect$$libinit$$00000010) refers to libinit2.o(.ARM.Collect$$libinit$$0000000F) for .ARM.Collect$$libinit$$0000000F
    libinit2.o(.ARM.Collect$$libinit$$00000012) refers to libinit2.o(.ARM.Collect$$libinit$$0000000F) for .ARM.Collect$$libinit$$0000000F
    libinit2.o(.ARM.Collect$$libinit$$00000014) refers to libinit2.o(.ARM.Collect$$libinit$$0000000F) for .ARM.Collect$$libinit$$0000000F
    libinit2.o(.ARM.Collect$$libinit$$00000016) refers to libinit2.o(.ARM.Collect$$libinit$$0000000F) for .ARM.Collect$$libinit$$0000000F
    libinit2.o(.ARM.Collect$$libinit$$00000018) refers to libinit2.o(.ARM.Collect$$libinit$$0000000F) for .ARM.Collect$$libinit$$0000000F
    libinit2.o(.ARM.Collect$$libinit$$00000026) refers to argv_veneer.o(.emb_text) for __ARM_argv_veneer
    libinit2.o(.ARM.Collect$$libinit$$00000027) refers to argv_veneer.o(.emb_text) for __ARM_argv_veneer
    rtexit2.o(.ARM.Collect$$rtexit$$00000003) refers to libshutdown.o(.ARM.Collect$$libshutdown$$00000000) for __rt_lib_shutdown
    rtexit2.o(.ARM.Collect$$rtexit$$00000004) refers to usart.o(.text) for _sys_exit
    rtexit2.o(.ARM.exidx) refers to rtexit2.o(.ARM.Collect$$rtexit$$00000001) for .ARM.Collect$$rtexit$$00000001
    rtexit2.o(.ARM.exidx) refers to rtexit2.o(.ARM.Collect$$rtexit$$00000003) for .ARM.Collect$$rtexit$$00000003
    rtexit2.o(.ARM.exidx) refers to rtexit2.o(.ARM.Collect$$rtexit$$00000004) for .ARM.Collect$$rtexit$$00000004
    argv_veneer.o(.emb_text) refers to no_argv.o(.text) for __ARM_get_argv
    _get_argv_nomalloc.o(.text) refers (Special) to hrguard.o(.text) for __heap_region$guard
    _get_argv_nomalloc.o(.text) refers to defsig_rtmem_outer.o(.text) for __rt_SIGRTMEM
    _get_argv_nomalloc.o(.text) refers to sys_command.o(.text) for _sys_command_string
    libshutdown.o(.ARM.Collect$$libshutdown$$00000000) refers (Special) to libshutdown2.o(.ARM.Collect$$libshutdown$$00000002) for __rt_lib_shutdown_cpp_1
    libshutdown.o(.ARM.Collect$$libshutdown$$00000000) refers (Special) to libshutdown2.o(.ARM.Collect$$libshutdown$$00000007) for __rt_lib_shutdown_fp_trap_1
    libshutdown.o(.ARM.Collect$$libshutdown$$00000000) refers (Special) to libshutdown2.o(.ARM.Collect$$libshutdown$$0000000F) for __rt_lib_shutdown_heap_1
    libshutdown.o(.ARM.Collect$$libshutdown$$00000000) refers (Special) to libshutdown2.o(.ARM.Collect$$libshutdown$$00000010) for __rt_lib_shutdown_return
    libshutdown.o(.ARM.Collect$$libshutdown$$00000000) refers (Special) to libshutdown2.o(.ARM.Collect$$libshutdown$$0000000A) for __rt_lib_shutdown_signal_1
    libshutdown.o(.ARM.Collect$$libshutdown$$00000000) refers (Special) to libshutdown2.o(.ARM.Collect$$libshutdown$$00000004) for __rt_lib_shutdown_stdio_1
    libshutdown.o(.ARM.Collect$$libshutdown$$00000000) refers (Special) to libshutdown2.o(.ARM.Collect$$libshutdown$$0000000C) for __rt_lib_shutdown_user_alloc_1
    sys_command.o(.text) refers (Special) to use_no_semi.o(.text) for __I$use$semihosting
    sys_command.o(.text) refers (Special) to indicate_semi.o(.text) for __semihosting_library_function
    defsig_rtmem_outer.o(.text) refers to defsig_rtmem_inner.o(.text) for __rt_SIGRTMEM_inner
    defsig_rtmem_outer.o(.text) refers to defsig_exit.o(.text) for __sig_exit
    defsig_rtmem_formal.o(.text) refers to rt_raise.o(.text) for __rt_raise
    rt_raise.o(.text) refers to __raise.o(.text) for __raise
    rt_raise.o(.text) refers to usart.o(.text) for _sys_exit
    defsig_exit.o(.text) refers to usart.o(.text) for _sys_exit
    defsig_rtmem_inner.o(.text) refers to defsig_general.o(.text) for __default_signal_display
    __raise.o(.text) refers to defsig.o(CL$$defsig) for __default_signal_handler
    defsig_general.o(.text) refers to sys_wrch.o(.text) for _ttywrch
    sys_wrch.o(.text) refers (Special) to use_no_semi.o(.text) for __I$use$semihosting
    sys_wrch.o(.text) refers (Special) to indicate_semi.o(.text) for __semihosting_library_function
    defsig.o(CL$$defsig) refers to defsig_rtmem_inner.o(.text) for __rt_SIGRTMEM_inner
    defsig_abrt_inner.o(.text) refers to defsig_general.o(.text) for __default_signal_display
    defsig_fpe_inner.o(.text) refers to defsig_general.o(.text) for __default_signal_display
    defsig_rtred_inner.o(.text) refers to defsig_general.o(.text) for __default_signal_display
    defsig_stak_inner.o(.text) refers to defsig_general.o(.text) for __default_signal_display
    defsig_pvfn_inner.o(.text) refers to defsig_general.o(.text) for __default_signal_display
    defsig_cppl_inner.o(.text) refers to defsig_general.o(.text) for __default_signal_display
    defsig_segv_inner.o(.text) refers to defsig_general.o(.text) for __default_signal_display
    defsig_other.o(.text) refers to defsig_general.o(.text) for __default_signal_display


==============================================================================

Removing Unused input sections from the image.

    Removing led.o(.text), (56 bytes).
    Removing sys.o(.emb_text), (6 bytes).
    Removing sys.o(.text), (12 bytes).
    Removing core_cm3.o(.emb_text), (32 bytes).
    Removing stm32f10x_spi.o(.text), (780 bytes).

5 unused section(s) (total 886 bytes) removed from the image.

==============================================================================

Image Symbol Table

    Local Symbols

    Symbol Name                              Value     Ov Type        Size  Object(Section)

    ../clib/angel/boardlib.s                 0x00000000   Number         0  boardinit1.o ABSOLUTE
    ../clib/angel/boardlib.s                 0x00000000   Number         0  boardshut.o ABSOLUTE
    ../clib/angel/boardlib.s                 0x00000000   Number         0  boardinit2.o ABSOLUTE
    ../clib/angel/boardlib.s                 0x00000000   Number         0  boardinit3.o ABSOLUTE
    ../clib/angel/dczerorl2.s                0x00000000   Number         0  __dczerorl2.o ABSOLUTE
    ../clib/angel/handlers.s                 0x00000000   Number         0  __scatter_zi.o ABSOLUTE
    ../clib/angel/kernel.s                   0x00000000   Number         0  __rtentry4.o ABSOLUTE
    ../clib/angel/kernel.s                   0x00000000   Number         0  __rtentry2.o ABSOLUTE
    ../clib/angel/kernel.s                   0x00000000   Number         0  rtexit.o ABSOLUTE
    ../clib/angel/kernel.s                   0x00000000   Number         0  rtexit2.o ABSOLUTE
    ../clib/angel/kernel.s                   0x00000000   Number         0  __rtentry.o ABSOLUTE
    ../clib/angel/rt.s                       0x00000000   Number         0  rt_raise.o ABSOLUTE
    ../clib/angel/scatter.s                  0x00000000   Number         0  __scatter.o ABSOLUTE
    ../clib/angel/startup.s                  0x00000000   Number         0  __main.o ABSOLUTE
    ../clib/angel/sys.s                      0x00000000   Number         0  sys_stackheap_outer.o ABSOLUTE
    ../clib/angel/sys.s                      0x00000000   Number         0  use_no_semi.o ABSOLUTE
    ../clib/angel/sys.s                      0x00000000   Number         0  indicate_semi.o ABSOLUTE
    ../clib/angel/sys.s                      0x00000000   Number         0  use_no_semi_2.o ABSOLUTE
    ../clib/angel/sys.s                      0x00000000   Number         0  libspace.o ABSOLUTE
    ../clib/angel/sysapp.c                   0x00000000   Number         0  sys_command.o ABSOLUTE
    ../clib/angel/sysapp.c                   0x00000000   Number         0  sys_wrch.o ABSOLUTE
    ../clib/armsys.c                         0x00000000   Number         0  argv_veneer.o ABSOLUTE
    ../clib/armsys.c                         0x00000000   Number         0  argv_veneer.o ABSOLUTE
    ../clib/armsys.c                         0x00000000   Number         0  _get_argv_nomalloc.o ABSOLUTE
    ../clib/armsys.c                         0x00000000   Number         0  no_argv.o ABSOLUTE
    ../clib/heapalloc.c                      0x00000000   Number         0  hrguard.o ABSOLUTE
    ../clib/heapaux.c                        0x00000000   Number         0  heapauxi.o ABSOLUTE
    ../clib/libinit.s                        0x00000000   Number         0  libshutdown2.o ABSOLUTE
    ../clib/libinit.s                        0x00000000   Number         0  libshutdown.o ABSOLUTE
    ../clib/libinit.s                        0x00000000   Number         0  libinit.o ABSOLUTE
    ../clib/libinit.s                        0x00000000   Number         0  libinit2.o ABSOLUTE
    ../clib/signal.c                         0x00000000   Number         0  defsig_exit.o ABSOLUTE
    ../clib/signal.c                         0x00000000   Number         0  defsig_segv_inner.o ABSOLUTE
    ../clib/signal.c                         0x00000000   Number         0  defsig_cppl_inner.o ABSOLUTE
    ../clib/signal.c                         0x00000000   Number         0  defsig_pvfn_inner.o ABSOLUTE
    ../clib/signal.c                         0x00000000   Number         0  defsig_rtmem_inner.o ABSOLUTE
    ../clib/signal.c                         0x00000000   Number         0  defsig_rtmem_outer.o ABSOLUTE
    ../clib/signal.c                         0x00000000   Number         0  defsig_rtred_inner.o ABSOLUTE
    ../clib/signal.c                         0x00000000   Number         0  __raise.o ABSOLUTE
    ../clib/signal.c                         0x00000000   Number         0  defsig_general.o ABSOLUTE
    ../clib/signal.c                         0x00000000   Number         0  defsig_stak_inner.o ABSOLUTE
    ../clib/signal.c                         0x00000000   Number         0  defsig_abrt_inner.o ABSOLUTE
    ../clib/signal.c                         0x00000000   Number         0  defsig_other.o ABSOLUTE
    ../clib/signal.c                         0x00000000   Number         0  defsig_rtmem_formal.o ABSOLUTE
    ../clib/signal.c                         0x00000000   Number         0  defsig_fpe_inner.o ABSOLUTE
    ../clib/signal.s                         0x00000000   Number         0  defsig.o ABSOLUTE
    ../clib/stdlib.c                         0x00000000   Number         0  exit.o ABSOLUTE
    ../fplib/d2f.s                           0x00000000   Number         0  d2f.o ABSOLUTE
    ../fplib/dfix.s                          0x00000000   Number         0  dfix.o ABSOLUTE
    ../fplib/dflt.s                          0x00000000   Number         0  dflt_clz.o ABSOLUTE
    ../fplib/dmul.s                          0x00000000   Number         0  dmul.o ABSOLUTE
    ../fplib/dnaninf.s                       0x00000000   Number         0  dnaninf.o ABSOLUTE
    ../fplib/dretinf.s                       0x00000000   Number         0  dretinf.o ABSOLUTE
    ../fplib/faddsub.s                       0x00000000   Number         0  faddsub_clz.o ABSOLUTE
    ../fplib/fcmpi.s                         0x00000000   Number         0  fcmpi.o ABSOLUTE
    ../fplib/ffix.s                          0x00000000   Number         0  ffix.o ABSOLUTE
    ../fplib/ffixu.s                         0x00000000   Number         0  ffixu.o ABSOLUTE
    ../fplib/fleqf.s                         0x00000000   Number         0  fleqf.o ABSOLUTE
    ../fplib/fmul.s                          0x00000000   Number         0  fmul.o ABSOLUTE
    ../fplib/fnaninf.s                       0x00000000   Number         0  fnaninf.o ABSOLUTE
    ../fplib/fpinit.s                        0x00000000   Number         0  fpinit.o ABSOLUTE
    ../fplib/fretinf.s                       0x00000000   Number         0  fretinf.o ABSOLUTE
    ../fplib/frleqf.s                        0x00000000   Number         0  frleqf.o ABSOLUTE
    ../fplib/usenofp.s                       0x00000000   Number         0  usenofp.o ABSOLUTE
    ..\CORE\core_cm3.c                       0x00000000   Number         0  core_cm3.o ABSOLUTE
    ..\CORE\startup_stm32f10x_hd.s           0x00000000   Number         0  startup_stm32f10x_hd.o ABSOLUTE
    ..\HARDWARE\LCD\lcd.c                    0x00000000   Number         0  lcd.o ABSOLUTE
    ..\HARDWARE\LCD\lcd_init.c               0x00000000   Number         0  lcd_init.o ABSOLUTE
    ..\HARDWARE\LED\led.c                    0x00000000   Number         0  led.o ABSOLUTE
    ..\HARDWARE\PID\PID.c                    0x00000000   Number         0  pid.o ABSOLUTE
    ..\HARDWARE\encode_motor\encode_motor.c  0x00000000   Number         0  encode_motor.o ABSOLUTE
    ..\HARDWARE\infrared_sensor\infrared_sensor.c 0x00000000   Number         0  infrared_sensor.o ABSOLUTE
    ..\STM32F10x_FWLib\src\misc.c            0x00000000   Number         0  misc.o ABSOLUTE
    ..\STM32F10x_FWLib\src\stm32f10x_exti.c  0x00000000   Number         0  stm32f10x_exti.o ABSOLUTE
    ..\STM32F10x_FWLib\src\stm32f10x_gpio.c  0x00000000   Number         0  stm32f10x_gpio.o ABSOLUTE
    ..\STM32F10x_FWLib\src\stm32f10x_rcc.c   0x00000000   Number         0  stm32f10x_rcc.o ABSOLUTE
    ..\STM32F10x_FWLib\src\stm32f10x_spi.c   0x00000000   Number         0  stm32f10x_spi.o ABSOLUTE
    ..\STM32F10x_FWLib\src\stm32f10x_tim.c   0x00000000   Number         0  stm32f10x_tim.o ABSOLUTE
    ..\STM32F10x_FWLib\src\stm32f10x_usart.c 0x00000000   Number         0  stm32f10x_usart.o ABSOLUTE
    ..\SYSTEM\TIMER\timer.c                  0x00000000   Number         0  timer.o ABSOLUTE
    ..\SYSTEM\delay\delay.c                  0x00000000   Number         0  delay.o ABSOLUTE
    ..\SYSTEM\sys\sys.c                      0x00000000   Number         0  sys.o ABSOLUTE
    ..\SYSTEM\usart\usart.c                  0x00000000   Number         0  usart.o ABSOLUTE
    ..\\CORE\\core_cm3.c                     0x00000000   Number         0  core_cm3.o ABSOLUTE
    ..\\SYSTEM\\sys\\sys.c                   0x00000000   Number         0  sys.o ABSOLUTE
    dc.s                                     0x00000000   Number         0  dc.o ABSOLUTE
    main.c                                   0x00000000   Number         0  main.o ABSOLUTE
    stm32f10x_it.c                           0x00000000   Number         0  stm32f10x_it.o ABSOLUTE
    system_stm32f10x.c                       0x00000000   Number         0  system_stm32f10x.o ABSOLUTE
    RESET                                    0x08000000   Section      304  startup_stm32f10x_hd.o(RESET)
    !!!main                                  0x08000130   Section        8  __main.o(!!!main)
    !!!scatter                               0x08000138   Section       52  __scatter.o(!!!scatter)
    !!dczerorl2                              0x0800016c   Section       90  __dczerorl2.o(!!dczerorl2)
    !!handler_zi                             0x080001c8   Section       28  __scatter_zi.o(!!handler_zi)
    .ARM.Collect$$libinit$$00000000          0x080001e4   Section        2  libinit.o(.ARM.Collect$$libinit$$00000000)
    .ARM.Collect$$libinit$$00000002          0x080001e6   Section        0  libinit2.o(.ARM.Collect$$libinit$$00000002)
    .ARM.Collect$$libinit$$00000004          0x080001e6   Section        0  libinit2.o(.ARM.Collect$$libinit$$00000004)
    .ARM.Collect$$libinit$$0000000A          0x080001e6   Section        0  libinit2.o(.ARM.Collect$$libinit$$0000000A)
    .ARM.Collect$$libinit$$0000000C          0x080001e6   Section        0  libinit2.o(.ARM.Collect$$libinit$$0000000C)
    .ARM.Collect$$libinit$$0000000E          0x080001e6   Section        0  libinit2.o(.ARM.Collect$$libinit$$0000000E)
    .ARM.Collect$$libinit$$00000011          0x080001e6   Section        0  libinit2.o(.ARM.Collect$$libinit$$00000011)
    .ARM.Collect$$libinit$$00000013          0x080001e6   Section        0  libinit2.o(.ARM.Collect$$libinit$$00000013)
    .ARM.Collect$$libinit$$00000015          0x080001e6   Section        0  libinit2.o(.ARM.Collect$$libinit$$00000015)
    .ARM.Collect$$libinit$$00000017          0x080001e6   Section        0  libinit2.o(.ARM.Collect$$libinit$$00000017)
    .ARM.Collect$$libinit$$00000019          0x080001e6   Section        0  libinit2.o(.ARM.Collect$$libinit$$00000019)
    .ARM.Collect$$libinit$$0000001B          0x080001e6   Section        0  libinit2.o(.ARM.Collect$$libinit$$0000001B)
    .ARM.Collect$$libinit$$0000001D          0x080001e6   Section        0  libinit2.o(.ARM.Collect$$libinit$$0000001D)
    .ARM.Collect$$libinit$$0000001F          0x080001e6   Section        0  libinit2.o(.ARM.Collect$$libinit$$0000001F)
    .ARM.Collect$$libinit$$00000021          0x080001e6   Section        0  libinit2.o(.ARM.Collect$$libinit$$00000021)
    .ARM.Collect$$libinit$$00000023          0x080001e6   Section        0  libinit2.o(.ARM.Collect$$libinit$$00000023)
    .ARM.Collect$$libinit$$00000025          0x080001e6   Section        0  libinit2.o(.ARM.Collect$$libinit$$00000025)
    .ARM.Collect$$libinit$$0000002C          0x080001e6   Section        0  libinit2.o(.ARM.Collect$$libinit$$0000002C)
    .ARM.Collect$$libinit$$0000002E          0x080001e6   Section        0  libinit2.o(.ARM.Collect$$libinit$$0000002E)
    .ARM.Collect$$libinit$$00000030          0x080001e6   Section        0  libinit2.o(.ARM.Collect$$libinit$$00000030)
    .ARM.Collect$$libinit$$00000032          0x080001e6   Section        0  libinit2.o(.ARM.Collect$$libinit$$00000032)
    .ARM.Collect$$libinit$$00000033          0x080001e6   Section        2  libinit2.o(.ARM.Collect$$libinit$$00000033)
    .ARM.Collect$$libshutdown$$00000000      0x080001e8   Section        2  libshutdown.o(.ARM.Collect$$libshutdown$$00000000)
    .ARM.Collect$$libshutdown$$00000002      0x080001ea   Section        0  libshutdown2.o(.ARM.Collect$$libshutdown$$00000002)
    .ARM.Collect$$libshutdown$$00000004      0x080001ea   Section        0  libshutdown2.o(.ARM.Collect$$libshutdown$$00000004)
    .ARM.Collect$$libshutdown$$00000007      0x080001ea   Section        0  libshutdown2.o(.ARM.Collect$$libshutdown$$00000007)
    .ARM.Collect$$libshutdown$$0000000A      0x080001ea   Section        0  libshutdown2.o(.ARM.Collect$$libshutdown$$0000000A)
    .ARM.Collect$$libshutdown$$0000000C      0x080001ea   Section        0  libshutdown2.o(.ARM.Collect$$libshutdown$$0000000C)
    .ARM.Collect$$libshutdown$$0000000F      0x080001ea   Section        0  libshutdown2.o(.ARM.Collect$$libshutdown$$0000000F)
    .ARM.Collect$$libshutdown$$00000010      0x080001ea   Section        2  libshutdown2.o(.ARM.Collect$$libshutdown$$00000010)
    .ARM.Collect$$rtentry$$00000000          0x080001ec   Section        0  __rtentry.o(.ARM.Collect$$rtentry$$00000000)
    .ARM.Collect$$rtentry$$00000002          0x080001ec   Section        0  __rtentry2.o(.ARM.Collect$$rtentry$$00000002)
    .ARM.Collect$$rtentry$$00000004          0x080001ec   Section        6  __rtentry4.o(.ARM.Collect$$rtentry$$00000004)
    .ARM.Collect$$rtentry$$00000009          0x080001f2   Section        0  __rtentry2.o(.ARM.Collect$$rtentry$$00000009)
    .ARM.Collect$$rtentry$$0000000A          0x080001f2   Section        4  __rtentry2.o(.ARM.Collect$$rtentry$$0000000A)
    .ARM.Collect$$rtentry$$0000000C          0x080001f6   Section        0  __rtentry2.o(.ARM.Collect$$rtentry$$0000000C)
    .ARM.Collect$$rtentry$$0000000D          0x080001f6   Section        8  __rtentry2.o(.ARM.Collect$$rtentry$$0000000D)
    .ARM.Collect$$rtexit$$00000000           0x080001fe   Section        2  rtexit.o(.ARM.Collect$$rtexit$$00000000)
    .ARM.Collect$$rtexit$$00000002           0x08000200   Section        0  rtexit2.o(.ARM.Collect$$rtexit$$00000002)
    .ARM.Collect$$rtexit$$00000003           0x08000200   Section        4  rtexit2.o(.ARM.Collect$$rtexit$$00000003)
    .ARM.Collect$$rtexit$$00000004           0x08000204   Section        6  rtexit2.o(.ARM.Collect$$rtexit$$00000004)
    .text                                    0x0800020c   Section        0  main.o(.text)
    .text                                    0x080003bc   Section        0  system_stm32f10x.o(.text)
    SetSysClockTo72                          0x080003bd   Thumb Code   214  system_stm32f10x.o(.text)
    SetSysClock                              0x08000493   Thumb Code     8  system_stm32f10x.o(.text)
    .text                                    0x0800059c   Section        0  stm32f10x_it.o(.text)
    .text                                    0x080005b8   Section        0  encode_motor.o(.text)
    .text                                    0x08000cac   Section        0  pid.o(.text)
    .text                                    0x0800114c   Section        0  infrared_sensor.o(.text)
    .text                                    0x08001230   Section        0  lcd.o(.text)
    .text                                    0x08001d04   Section        0  lcd_init.o(.text)
    .text                                    0x08002010   Section        0  delay.o(.text)
    .text                                    0x080020e4   Section        0  usart.o(.text)
    .text                                    0x08002224   Section        0  timer.o(.text)
    .text                                    0x080024fc   Section       64  startup_stm32f10x_hd.o(.text)
    .text                                    0x0800253c   Section        0  stm32f10x_gpio.o(.text)
    .text                                    0x08002898   Section        0  stm32f10x_rcc.o(.text)
    .text                                    0x08002c3c   Section        0  stm32f10x_usart.o(.text)
    .text                                    0x08003044   Section        0  misc.o(.text)
    .text                                    0x08003120   Section        0  stm32f10x_tim.o(.text)
    TI4_Config                               0x080035c7   Thumb Code   130  stm32f10x_tim.o(.text)
    TI3_Config                               0x0800365b   Thumb Code   122  stm32f10x_tim.o(.text)
    TI2_Config                               0x080036ef   Thumb Code   130  stm32f10x_tim.o(.text)
    TI1_Config                               0x08003783   Thumb Code   108  stm32f10x_tim.o(.text)
    .text                                    0x08003f3c   Section        0  stm32f10x_exti.o(.text)
    .text                                    0x08004058   Section        2  use_no_semi_2.o(.text)
    .text                                    0x0800405a   Section        0  heapauxi.o(.text)
    .text                                    0x08004060   Section        2  use_no_semi.o(.text)
    .text                                    0x08004062   Section       74  sys_stackheap_outer.o(.text)
    .text                                    0x080040ac   Section        0  exit.o(.text)
    .text                                    0x080040c0   Section        8  libspace.o(.text)
    x$fpl$d2f                                0x080040c8   Section       98  d2f.o(x$fpl$d2f)
    x$fpl$dfix                               0x0800412c   Section       94  dfix.o(x$fpl$dfix)
    x$fpl$dfltu                              0x0800418a   Section       38  dflt_clz.o(x$fpl$dfltu)
    x$fpl$dmul                               0x080041b0   Section      340  dmul.o(x$fpl$dmul)
    x$fpl$dnaninf                            0x08004304   Section      156  dnaninf.o(x$fpl$dnaninf)
    x$fpl$dretinf                            0x080043a0   Section       12  dretinf.o(x$fpl$dretinf)
    x$fpl$fadd                               0x080043ac   Section      196  faddsub_clz.o(x$fpl$fadd)
    _fadd1                                   0x080043bb   Thumb Code     0  faddsub_clz.o(x$fpl$fadd)
    x$fpl$fcmpinf                            0x08004470   Section       24  fcmpi.o(x$fpl$fcmpinf)
    x$fpl$ffix                               0x08004488   Section       54  ffix.o(x$fpl$ffix)
    x$fpl$ffixu                              0x080044c0   Section       62  ffixu.o(x$fpl$ffixu)
    x$fpl$fleqf                              0x08004500   Section      104  fleqf.o(x$fpl$fleqf)
    x$fpl$fmul                               0x08004568   Section      258  fmul.o(x$fpl$fmul)
    x$fpl$fnaninf                            0x0800466a   Section      140  fnaninf.o(x$fpl$fnaninf)
    x$fpl$fretinf                            0x080046f6   Section       10  fretinf.o(x$fpl$fretinf)
    x$fpl$frleqf                             0x08004700   Section       98  frleqf.o(x$fpl$frleqf)
    x$fpl$frsb                               0x08004762   Section       20  faddsub_clz.o(x$fpl$frsb)
    x$fpl$fsub                               0x08004778   Section      234  faddsub_clz.o(x$fpl$fsub)
    _fsub1                                   0x08004787   Thumb Code     0  faddsub_clz.o(x$fpl$fsub)
    .constdata                               0x08004862   Section    14620  lcd.o(.constdata)
    x$fpl$usenofp                            0x08004862   Section        0  usenofp.o(x$fpl$usenofp)
    .data                                    0x20000000   Section        1  main.o(.data)
    .data                                    0x20000004   Section       20  system_stm32f10x.o(.data)
    .data                                    0x20000018   Section       40  encode_motor.o(.data)
    .data                                    0x20000040   Section      220  pid.o(.data)
    .data                                    0x2000011c   Section        4  delay.o(.data)
    fac_us                                   0x2000011c   Data           1  delay.o(.data)
    fac_ms                                   0x2000011e   Data           2  delay.o(.data)
    .data                                    0x20000120   Section        6  usart.o(.data)
    .data                                    0x20000126   Section        2  timer.o(.data)
    .data                                    0x20000128   Section       20  stm32f10x_rcc.o(.data)
    APBAHBPrescTable                         0x20000128   Data          16  stm32f10x_rcc.o(.data)
    ADCPrescTable                            0x20000138   Data           4  stm32f10x_rcc.o(.data)
    .bss                                     0x2000013c   Section      200  usart.o(.bss)
    .bss                                     0x20000204   Section       96  libspace.o(.bss)
    HEAP                                     0x20000268   Section      512  startup_stm32f10x_hd.o(HEAP)
    Heap_Mem                                 0x20000268   Data         512  startup_stm32f10x_hd.o(HEAP)
    STACK                                    0x20000468   Section     1024  startup_stm32f10x_hd.o(STACK)
    Stack_Mem                                0x20000468   Data        1024  startup_stm32f10x_hd.o(STACK)
    __initial_sp                             0x20000868   Data           0  startup_stm32f10x_hd.o(STACK)

    Global Symbols

    Symbol Name                              Value     Ov Type        Size  Object(Section)

    BuildAttributes$$THM_ISAv4$P$D$K$B$S$PE$A:L22UL41UL21$X:L11$S22US41US21$IEEE1$IW$USESV6$~STKCKD$USESV7$~SHL$OSPACE$ROPI$EBA8$UX$STANDARDLIB$REQ8$PRES8$EABIv2 0x00000000   Number         0  anon$$obj.o ABSOLUTE
    __ARM_use_no_argv                        0x00000000   Number         0  main.o ABSOLUTE
    __ARM_exceptions_init                     - Undefined Weak Reference
    __alloca_initialize                       - Undefined Weak Reference
    __arm_preinit_                            - Undefined Weak Reference
    __cpp_initialize__aeabi_                  - Undefined Weak Reference
    __cxa_finalize                            - Undefined Weak Reference
    __rt_locale                               - Undefined Weak Reference
    __sigvec_lookup                           - Undefined Weak Reference
    _atexit_init                              - Undefined Weak Reference
    _call_atexit_fns                          - Undefined Weak Reference
    _clock_init                               - Undefined Weak Reference
    _fp_trap_init                             - Undefined Weak Reference
    _fp_trap_shutdown                         - Undefined Weak Reference
    _get_lc_collate                           - Undefined Weak Reference
    _get_lc_ctype                             - Undefined Weak Reference
    _get_lc_monetary                          - Undefined Weak Reference
    _get_lc_numeric                           - Undefined Weak Reference
    _get_lc_time                              - Undefined Weak Reference
    _getenv_init                              - Undefined Weak Reference
    _handle_redirection                       - Undefined Weak Reference
    _init_alloc                               - Undefined Weak Reference
    _init_user_alloc                          - Undefined Weak Reference
    _initio                                   - Undefined Weak Reference
    _rand_init                                - Undefined Weak Reference
    _signal_finish                            - Undefined Weak Reference
    _signal_init                              - Undefined Weak Reference
    _terminate_alloc                          - Undefined Weak Reference
    _terminate_user_alloc                     - Undefined Weak Reference
    _terminateio                              - Undefined Weak Reference
    __Vectors_Size                           0x00000130   Number         0  startup_stm32f10x_hd.o ABSOLUTE
    __Vectors                                0x08000000   Data           4  startup_stm32f10x_hd.o(RESET)
    __Vectors_End                            0x08000130   Data           0  startup_stm32f10x_hd.o(RESET)
    __main                                   0x08000131   Thumb Code     8  __main.o(!!!main)
    __scatterload                            0x08000139   Thumb Code     0  __scatter.o(!!!scatter)
    __scatterload_rt2                        0x08000139   Thumb Code    44  __scatter.o(!!!scatter)
    __scatterload_rt2_thumb_only             0x08000139   Thumb Code     0  __scatter.o(!!!scatter)
    __scatterload_null                       0x08000147   Thumb Code     0  __scatter.o(!!!scatter)
    __decompress                             0x0800016d   Thumb Code    90  __dczerorl2.o(!!dczerorl2)
    __decompress1                            0x0800016d   Thumb Code     0  __dczerorl2.o(!!dczerorl2)
    __scatterload_zeroinit                   0x080001c9   Thumb Code    28  __scatter_zi.o(!!handler_zi)
    __rt_lib_init                            0x080001e5   Thumb Code     0  libinit.o(.ARM.Collect$$libinit$$00000000)
    __rt_lib_init_alloca_1                   0x080001e7   Thumb Code     0  libinit2.o(.ARM.Collect$$libinit$$0000002E)
    __rt_lib_init_argv_1                     0x080001e7   Thumb Code     0  libinit2.o(.ARM.Collect$$libinit$$0000002C)
    __rt_lib_init_atexit_1                   0x080001e7   Thumb Code     0  libinit2.o(.ARM.Collect$$libinit$$0000001B)
    __rt_lib_init_clock_1                    0x080001e7   Thumb Code     0  libinit2.o(.ARM.Collect$$libinit$$00000021)
    __rt_lib_init_cpp_1                      0x080001e7   Thumb Code     0  libinit2.o(.ARM.Collect$$libinit$$00000032)
    __rt_lib_init_exceptions_1               0x080001e7   Thumb Code     0  libinit2.o(.ARM.Collect$$libinit$$00000030)
    __rt_lib_init_fp_1                       0x080001e7   Thumb Code     0  libinit2.o(.ARM.Collect$$libinit$$00000002)
    __rt_lib_init_fp_trap_1                  0x080001e7   Thumb Code     0  libinit2.o(.ARM.Collect$$libinit$$0000001F)
    __rt_lib_init_getenv_1                   0x080001e7   Thumb Code     0  libinit2.o(.ARM.Collect$$libinit$$00000023)
    __rt_lib_init_heap_1                     0x080001e7   Thumb Code     0  libinit2.o(.ARM.Collect$$libinit$$0000000A)
    __rt_lib_init_lc_collate_1               0x080001e7   Thumb Code     0  libinit2.o(.ARM.Collect$$libinit$$00000011)
    __rt_lib_init_lc_ctype_1                 0x080001e7   Thumb Code     0  libinit2.o(.ARM.Collect$$libinit$$00000013)
    __rt_lib_init_lc_monetary_1              0x080001e7   Thumb Code     0  libinit2.o(.ARM.Collect$$libinit$$00000015)
    __rt_lib_init_lc_numeric_1               0x080001e7   Thumb Code     0  libinit2.o(.ARM.Collect$$libinit$$00000017)
    __rt_lib_init_lc_time_1                  0x080001e7   Thumb Code     0  libinit2.o(.ARM.Collect$$libinit$$00000019)
    __rt_lib_init_preinit_1                  0x080001e7   Thumb Code     0  libinit2.o(.ARM.Collect$$libinit$$00000004)
    __rt_lib_init_rand_1                     0x080001e7   Thumb Code     0  libinit2.o(.ARM.Collect$$libinit$$0000000E)
    __rt_lib_init_return                     0x080001e7   Thumb Code     0  libinit2.o(.ARM.Collect$$libinit$$00000033)
    __rt_lib_init_signal_1                   0x080001e7   Thumb Code     0  libinit2.o(.ARM.Collect$$libinit$$0000001D)
    __rt_lib_init_stdio_1                    0x080001e7   Thumb Code     0  libinit2.o(.ARM.Collect$$libinit$$00000025)
    __rt_lib_init_user_alloc_1               0x080001e7   Thumb Code     0  libinit2.o(.ARM.Collect$$libinit$$0000000C)
    __rt_lib_shutdown                        0x080001e9   Thumb Code     0  libshutdown.o(.ARM.Collect$$libshutdown$$00000000)
    __rt_lib_shutdown_cpp_1                  0x080001eb   Thumb Code     0  libshutdown2.o(.ARM.Collect$$libshutdown$$00000002)
    __rt_lib_shutdown_fp_trap_1              0x080001eb   Thumb Code     0  libshutdown2.o(.ARM.Collect$$libshutdown$$00000007)
    __rt_lib_shutdown_heap_1                 0x080001eb   Thumb Code     0  libshutdown2.o(.ARM.Collect$$libshutdown$$0000000F)
    __rt_lib_shutdown_return                 0x080001eb   Thumb Code     0  libshutdown2.o(.ARM.Collect$$libshutdown$$00000010)
    __rt_lib_shutdown_signal_1               0x080001eb   Thumb Code     0  libshutdown2.o(.ARM.Collect$$libshutdown$$0000000A)
    __rt_lib_shutdown_stdio_1                0x080001eb   Thumb Code     0  libshutdown2.o(.ARM.Collect$$libshutdown$$00000004)
    __rt_lib_shutdown_user_alloc_1           0x080001eb   Thumb Code     0  libshutdown2.o(.ARM.Collect$$libshutdown$$0000000C)
    __rt_entry                               0x080001ed   Thumb Code     0  __rtentry.o(.ARM.Collect$$rtentry$$00000000)
    __rt_entry_presh_1                       0x080001ed   Thumb Code     0  __rtentry2.o(.ARM.Collect$$rtentry$$00000002)
    __rt_entry_sh                            0x080001ed   Thumb Code     0  __rtentry4.o(.ARM.Collect$$rtentry$$00000004)
    __rt_entry_li                            0x080001f3   Thumb Code     0  __rtentry2.o(.ARM.Collect$$rtentry$$0000000A)
    __rt_entry_postsh_1                      0x080001f3   Thumb Code     0  __rtentry2.o(.ARM.Collect$$rtentry$$00000009)
    __rt_entry_main                          0x080001f7   Thumb Code     0  __rtentry2.o(.ARM.Collect$$rtentry$$0000000D)
    __rt_entry_postli_1                      0x080001f7   Thumb Code     0  __rtentry2.o(.ARM.Collect$$rtentry$$0000000C)
    __rt_exit                                0x080001ff   Thumb Code     0  rtexit.o(.ARM.Collect$$rtexit$$00000000)
    __rt_exit_ls                             0x08000201   Thumb Code     0  rtexit2.o(.ARM.Collect$$rtexit$$00000003)
    __rt_exit_prels_1                        0x08000201   Thumb Code     0  rtexit2.o(.ARM.Collect$$rtexit$$00000002)
    __rt_exit_exit                           0x08000205   Thumb Code     0  rtexit2.o(.ARM.Collect$$rtexit$$00000004)
    OLED_Show                                0x0800020d   Thumb Code   158  main.o(.text)
    main                                     0x080002ab   Thumb Code   188  main.o(.text)
    SystemInit                               0x0800049b   Thumb Code    78  system_stm32f10x.o(.text)
    SystemCoreClockUpdate                    0x080004e9   Thumb Code   142  system_stm32f10x.o(.text)
    NMI_Handler                              0x0800059d   Thumb Code     2  stm32f10x_it.o(.text)
    HardFault_Handler                        0x0800059f   Thumb Code     4  stm32f10x_it.o(.text)
    MemManage_Handler                        0x080005a3   Thumb Code     4  stm32f10x_it.o(.text)
    BusFault_Handler                         0x080005a7   Thumb Code     4  stm32f10x_it.o(.text)
    UsageFault_Handler                       0x080005ab   Thumb Code     4  stm32f10x_it.o(.text)
    SVC_Handler                              0x080005af   Thumb Code     2  stm32f10x_it.o(.text)
    DebugMon_Handler                         0x080005b1   Thumb Code     2  stm32f10x_it.o(.text)
    PendSV_Handler                           0x080005b3   Thumb Code     2  stm32f10x_it.o(.text)
    SysTick_Handler                          0x080005b5   Thumb Code     2  stm32f10x_it.o(.text)
    TIM3_CH1_PWM_Init                        0x080005b9   Thumb Code   198  encode_motor.o(.text)
    TIM3_CH2_PWM_Init                        0x0800067f   Thumb Code   196  encode_motor.o(.text)
    TIM4_CH1_PWM_Init                        0x08000743   Thumb Code   202  encode_motor.o(.text)
    TIM4_CH2_PWM_Init                        0x0800080d   Thumb Code   206  encode_motor.o(.text)
    Encoder_Init_TIM_Exit0                   0x080008db   Thumb Code   106  encode_motor.o(.text)
    Encoder_Init_TIM_Exit1                   0x08000945   Thumb Code   102  encode_motor.o(.text)
    Encoder_Init_TIM_Exit2                   0x080009ab   Thumb Code   128  encode_motor.o(.text)
    Encoder_Init_TIM_Exit3                   0x08000a2b   Thumb Code   104  encode_motor.o(.text)
    Encoder_Init                             0x08000a93   Thumb Code    60  encode_motor.o(.text)
    EXTI0_IRQHandler                         0x08000acf   Thumb Code    20  encode_motor.o(.text)
    EXTI1_IRQHandler                         0x08000ae3   Thumb Code    20  encode_motor.o(.text)
    EXTI2_IRQHandler                         0x08000af7   Thumb Code    20  encode_motor.o(.text)
    EXTI3_IRQHandler                         0x08000b0b   Thumb Code    20  encode_motor.o(.text)
    CarGo                                    0x08000b1f   Thumb Code    64  encode_motor.o(.text)
    CarBack                                  0x08000b5f   Thumb Code    58  encode_motor.o(.text)
    CarLeft                                  0x08000b99   Thumb Code    58  encode_motor.o(.text)
    CarRight                                 0x08000bd3   Thumb Code    56  encode_motor.o(.text)
    CarStop                                  0x08000c0b   Thumb Code    50  encode_motor.o(.text)
    My_CarGo                                 0x08000c3d   Thumb Code    64  encode_motor.o(.text)
    PID_calc                                 0x08000cad   Thumb Code   972  pid.o(.text)
    Behind_Infrared_Sensor_Init              0x0800114d   Thumb Code    40  infrared_sensor.o(.text)
    Front_Infrared_Sensor_Init               0x08001175   Thumb Code   100  infrared_sensor.o(.text)
    Get_Infrared_Sensor                      0x080011d9   Thumb Code    58  infrared_sensor.o(.text)
    Infrared_Sensor_Init                     0x08001213   Thumb Code    12  infrared_sensor.o(.text)
    LCD_Fill                                 0x08001231   Thumb Code    74  lcd.o(.text)
    LCD_DrawPoint                            0x0800127b   Thumb Code    28  lcd.o(.text)
    LCD_DrawLine                             0x08001297   Thumb Code   172  lcd.o(.text)
    LCD_DrawRectangle                        0x08001343   Thumb Code    74  lcd.o(.text)
    Draw_Circle                              0x0800138d   Thumb Code   158  lcd.o(.text)
    LCD_ShowChinese32x32                     0x0800142b   Thumb Code   306  lcd.o(.text)
    LCD_ShowChinese24x24                     0x0800155d   Thumb Code   322  lcd.o(.text)
    LCD_ShowChinese16x16                     0x0800169f   Thumb Code   306  lcd.o(.text)
    LCD_ShowChinese12x12                     0x080017d1   Thumb Code   340  lcd.o(.text)
    LCD_ShowChinese                          0x08001925   Thumb Code   140  lcd.o(.text)
    LCD_ShowChar                             0x080019b1   Thumb Code   328  lcd.o(.text)
    LCD_ShowString                           0x08001af9   Thumb Code    66  lcd.o(.text)
    mypow                                    0x08001b3b   Thumb Code    22  lcd.o(.text)
    LCD_ShowIntNum                           0x08001b51   Thumb Code   150  lcd.o(.text)
    LCD_ShowFloatNum1                        0x08001be7   Thumb Code   184  lcd.o(.text)
    LCD_ShowPicture                          0x08001c9f   Thumb Code   102  lcd.o(.text)
    LCD_GPIO_Init                            0x08001d05   Thumb Code    50  lcd_init.o(.text)
    LCD_Writ_Bus                             0x08001d37   Thumb Code    90  lcd_init.o(.text)
    LCD_WR_DATA8                             0x08001d91   Thumb Code    12  lcd_init.o(.text)
    LCD_WR_DATA                              0x08001d9d   Thumb Code    18  lcd_init.o(.text)
    LCD_WR_REG                               0x08001daf   Thumb Code    32  lcd_init.o(.text)
    LCD_Address_Set                          0x08001dcf   Thumb Code    66  lcd_init.o(.text)
    LCD_Init                                 0x08001e11   Thumb Code   506  lcd_init.o(.text)
    delay_init                               0x08002011   Thumb Code    50  delay.o(.text)
    delay_us                                 0x08002043   Thumb Code    72  delay.o(.text)
    delay_ms                                 0x0800208b   Thumb Code    72  delay.o(.text)
    _sys_exit                                0x080020e5   Thumb Code     6  usart.o(.text)
    fputc                                    0x080020eb   Thumb Code    24  usart.o(.text)
    uart_init                                0x08002103   Thumb Code   152  usart.o(.text)
    USART1_IRQHandler                        0x0800219b   Thumb Code   122  usart.o(.text)
    OLED_update                              0x08002225   Thumb Code   308  timer.o(.text)
    TIM1_Int_Init                            0x08002359   Thumb Code    90  timer.o(.text)
    TIM1_UP_IRQHandler                       0x080023b3   Thumb Code   268  timer.o(.text)
    Reset_Handler                            0x080024fd   Thumb Code     8  startup_stm32f10x_hd.o(.text)
    ADC1_2_IRQHandler                        0x08002517   Thumb Code     0  startup_stm32f10x_hd.o(.text)
    ADC3_IRQHandler                          0x08002517   Thumb Code     0  startup_stm32f10x_hd.o(.text)
    CAN1_RX1_IRQHandler                      0x08002517   Thumb Code     0  startup_stm32f10x_hd.o(.text)
    CAN1_SCE_IRQHandler                      0x08002517   Thumb Code     0  startup_stm32f10x_hd.o(.text)
    DMA1_Channel1_IRQHandler                 0x08002517   Thumb Code     0  startup_stm32f10x_hd.o(.text)
    DMA1_Channel2_IRQHandler                 0x08002517   Thumb Code     0  startup_stm32f10x_hd.o(.text)
    DMA1_Channel3_IRQHandler                 0x08002517   Thumb Code     0  startup_stm32f10x_hd.o(.text)
    DMA1_Channel4_IRQHandler                 0x08002517   Thumb Code     0  startup_stm32f10x_hd.o(.text)
    DMA1_Channel5_IRQHandler                 0x08002517   Thumb Code     0  startup_stm32f10x_hd.o(.text)
    DMA1_Channel6_IRQHandler                 0x08002517   Thumb Code     0  startup_stm32f10x_hd.o(.text)
    DMA1_Channel7_IRQHandler                 0x08002517   Thumb Code     0  startup_stm32f10x_hd.o(.text)
    DMA2_Channel1_IRQHandler                 0x08002517   Thumb Code     0  startup_stm32f10x_hd.o(.text)
    DMA2_Channel2_IRQHandler                 0x08002517   Thumb Code     0  startup_stm32f10x_hd.o(.text)
    DMA2_Channel3_IRQHandler                 0x08002517   Thumb Code     0  startup_stm32f10x_hd.o(.text)
    DMA2_Channel4_5_IRQHandler               0x08002517   Thumb Code     0  startup_stm32f10x_hd.o(.text)
    EXTI15_10_IRQHandler                     0x08002517   Thumb Code     0  startup_stm32f10x_hd.o(.text)
    EXTI4_IRQHandler                         0x08002517   Thumb Code     0  startup_stm32f10x_hd.o(.text)
    EXTI9_5_IRQHandler                       0x08002517   Thumb Code     0  startup_stm32f10x_hd.o(.text)
    FLASH_IRQHandler                         0x08002517   Thumb Code     0  startup_stm32f10x_hd.o(.text)
    FSMC_IRQHandler                          0x08002517   Thumb Code     0  startup_stm32f10x_hd.o(.text)
    I2C1_ER_IRQHandler                       0x08002517   Thumb Code     0  startup_stm32f10x_hd.o(.text)
    I2C1_EV_IRQHandler                       0x08002517   Thumb Code     0  startup_stm32f10x_hd.o(.text)
    I2C2_ER_IRQHandler                       0x08002517   Thumb Code     0  startup_stm32f10x_hd.o(.text)
    I2C2_EV_IRQHandler                       0x08002517   Thumb Code     0  startup_stm32f10x_hd.o(.text)
    PVD_IRQHandler                           0x08002517   Thumb Code     0  startup_stm32f10x_hd.o(.text)
    RCC_IRQHandler                           0x08002517   Thumb Code     0  startup_stm32f10x_hd.o(.text)
    RTCAlarm_IRQHandler                      0x08002517   Thumb Code     0  startup_stm32f10x_hd.o(.text)
    RTC_IRQHandler                           0x08002517   Thumb Code     0  startup_stm32f10x_hd.o(.text)
    SDIO_IRQHandler                          0x08002517   Thumb Code     0  startup_stm32f10x_hd.o(.text)
    SPI1_IRQHandler                          0x08002517   Thumb Code     0  startup_stm32f10x_hd.o(.text)
    SPI2_IRQHandler                          0x08002517   Thumb Code     0  startup_stm32f10x_hd.o(.text)
    SPI3_IRQHandler                          0x08002517   Thumb Code     0  startup_stm32f10x_hd.o(.text)
    TAMPER_IRQHandler                        0x08002517   Thumb Code     0  startup_stm32f10x_hd.o(.text)
    TIM1_BRK_IRQHandler                      0x08002517   Thumb Code     0  startup_stm32f10x_hd.o(.text)
    TIM1_CC_IRQHandler                       0x08002517   Thumb Code     0  startup_stm32f10x_hd.o(.text)
    TIM1_TRG_COM_IRQHandler                  0x08002517   Thumb Code     0  startup_stm32f10x_hd.o(.text)
    TIM2_IRQHandler                          0x08002517   Thumb Code     0  startup_stm32f10x_hd.o(.text)
    TIM3_IRQHandler                          0x08002517   Thumb Code     0  startup_stm32f10x_hd.o(.text)
    TIM4_IRQHandler                          0x08002517   Thumb Code     0  startup_stm32f10x_hd.o(.text)
    TIM5_IRQHandler                          0x08002517   Thumb Code     0  startup_stm32f10x_hd.o(.text)
    TIM6_IRQHandler                          0x08002517   Thumb Code     0  startup_stm32f10x_hd.o(.text)
    TIM7_IRQHandler                          0x08002517   Thumb Code     0  startup_stm32f10x_hd.o(.text)
    TIM8_BRK_IRQHandler                      0x08002517   Thumb Code     0  startup_stm32f10x_hd.o(.text)
    TIM8_CC_IRQHandler                       0x08002517   Thumb Code     0  startup_stm32f10x_hd.o(.text)
    TIM8_TRG_COM_IRQHandler                  0x08002517   Thumb Code     0  startup_stm32f10x_hd.o(.text)
    TIM8_UP_IRQHandler                       0x08002517   Thumb Code     0  startup_stm32f10x_hd.o(.text)
    UART4_IRQHandler                         0x08002517   Thumb Code     0  startup_stm32f10x_hd.o(.text)
    UART5_IRQHandler                         0x08002517   Thumb Code     0  startup_stm32f10x_hd.o(.text)
    USART2_IRQHandler                        0x08002517   Thumb Code     0  startup_stm32f10x_hd.o(.text)
    USART3_IRQHandler                        0x08002517   Thumb Code     0  startup_stm32f10x_hd.o(.text)
    USBWakeUp_IRQHandler                     0x08002517   Thumb Code     0  startup_stm32f10x_hd.o(.text)
    USB_HP_CAN1_TX_IRQHandler                0x08002517   Thumb Code     0  startup_stm32f10x_hd.o(.text)
    USB_LP_CAN1_RX0_IRQHandler               0x08002517   Thumb Code     0  startup_stm32f10x_hd.o(.text)
    WWDG_IRQHandler                          0x08002517   Thumb Code     0  startup_stm32f10x_hd.o(.text)
    __user_initial_stackheap                 0x08002519   Thumb Code     0  startup_stm32f10x_hd.o(.text)
    GPIO_DeInit                              0x0800253d   Thumb Code   172  stm32f10x_gpio.o(.text)
    GPIO_AFIODeInit                          0x080025e9   Thumb Code    20  stm32f10x_gpio.o(.text)
    GPIO_Init                                0x080025fd   Thumb Code   278  stm32f10x_gpio.o(.text)
    GPIO_StructInit                          0x08002713   Thumb Code    16  stm32f10x_gpio.o(.text)
    GPIO_ReadInputDataBit                    0x08002723   Thumb Code    18  stm32f10x_gpio.o(.text)
    GPIO_ReadInputData                       0x08002735   Thumb Code     8  stm32f10x_gpio.o(.text)
    GPIO_ReadOutputDataBit                   0x0800273d   Thumb Code    18  stm32f10x_gpio.o(.text)
    GPIO_ReadOutputData                      0x0800274f   Thumb Code     8  stm32f10x_gpio.o(.text)
    GPIO_SetBits                             0x08002757   Thumb Code     4  stm32f10x_gpio.o(.text)
    GPIO_ResetBits                           0x0800275b   Thumb Code     4  stm32f10x_gpio.o(.text)
    GPIO_WriteBit                            0x0800275f   Thumb Code    10  stm32f10x_gpio.o(.text)
    GPIO_Write                               0x08002769   Thumb Code     4  stm32f10x_gpio.o(.text)
    GPIO_PinLockConfig                       0x0800276d   Thumb Code    18  stm32f10x_gpio.o(.text)
    GPIO_EventOutputConfig                   0x0800277f   Thumb Code    26  stm32f10x_gpio.o(.text)
    GPIO_EventOutputCmd                      0x08002799   Thumb Code     6  stm32f10x_gpio.o(.text)
    GPIO_PinRemapConfig                      0x0800279f   Thumb Code   138  stm32f10x_gpio.o(.text)
    GPIO_EXTILineConfig                      0x08002829   Thumb Code    66  stm32f10x_gpio.o(.text)
    GPIO_ETH_MediaInterfaceConfig            0x0800286b   Thumb Code     8  stm32f10x_gpio.o(.text)
    RCC_DeInit                               0x08002899   Thumb Code    64  stm32f10x_rcc.o(.text)
    RCC_HSEConfig                            0x080028d9   Thumb Code    70  stm32f10x_rcc.o(.text)
    RCC_GetFlagStatus                        0x0800291f   Thumb Code    56  stm32f10x_rcc.o(.text)
    RCC_WaitForHSEStartUp                    0x08002957   Thumb Code    56  stm32f10x_rcc.o(.text)
    RCC_AdjustHSICalibrationValue            0x0800298f   Thumb Code    20  stm32f10x_rcc.o(.text)
    RCC_HSICmd                               0x080029a3   Thumb Code     6  stm32f10x_rcc.o(.text)
    RCC_PLLConfig                            0x080029a9   Thumb Code    24  stm32f10x_rcc.o(.text)
    RCC_PLLCmd                               0x080029c1   Thumb Code     6  stm32f10x_rcc.o(.text)
    RCC_SYSCLKConfig                         0x080029c7   Thumb Code    18  stm32f10x_rcc.o(.text)
    RCC_GetSYSCLKSource                      0x080029d9   Thumb Code    10  stm32f10x_rcc.o(.text)
    RCC_HCLKConfig                           0x080029e3   Thumb Code    18  stm32f10x_rcc.o(.text)
    RCC_PCLK1Config                          0x080029f5   Thumb Code    18  stm32f10x_rcc.o(.text)
    RCC_PCLK2Config                          0x08002a07   Thumb Code    20  stm32f10x_rcc.o(.text)
    RCC_ITConfig                             0x08002a1b   Thumb Code    26  stm32f10x_rcc.o(.text)
    RCC_USBCLKConfig                         0x08002a35   Thumb Code     8  stm32f10x_rcc.o(.text)
    RCC_ADCCLKConfig                         0x08002a3d   Thumb Code    18  stm32f10x_rcc.o(.text)
    RCC_LSEConfig                            0x08002a4f   Thumb Code    50  stm32f10x_rcc.o(.text)
    RCC_LSICmd                               0x08002a81   Thumb Code     6  stm32f10x_rcc.o(.text)
    RCC_RTCCLKConfig                         0x08002a87   Thumb Code    12  stm32f10x_rcc.o(.text)
    RCC_RTCCLKCmd                            0x08002a93   Thumb Code     8  stm32f10x_rcc.o(.text)
    RCC_GetClocksFreq                        0x08002a9b   Thumb Code   192  stm32f10x_rcc.o(.text)
    RCC_AHBPeriphClockCmd                    0x08002b5b   Thumb Code    26  stm32f10x_rcc.o(.text)
    RCC_APB2PeriphClockCmd                   0x08002b75   Thumb Code    26  stm32f10x_rcc.o(.text)
    RCC_APB1PeriphClockCmd                   0x08002b8f   Thumb Code    26  stm32f10x_rcc.o(.text)
    RCC_APB2PeriphResetCmd                   0x08002ba9   Thumb Code    26  stm32f10x_rcc.o(.text)
    RCC_APB1PeriphResetCmd                   0x08002bc3   Thumb Code    26  stm32f10x_rcc.o(.text)
    RCC_BackupResetCmd                       0x08002bdd   Thumb Code     8  stm32f10x_rcc.o(.text)
    RCC_ClockSecuritySystemCmd               0x08002be5   Thumb Code     6  stm32f10x_rcc.o(.text)
    RCC_MCOConfig                            0x08002beb   Thumb Code     6  stm32f10x_rcc.o(.text)
    RCC_ClearFlag                            0x08002bf1   Thumb Code    14  stm32f10x_rcc.o(.text)
    RCC_GetITStatus                          0x08002bff   Thumb Code    20  stm32f10x_rcc.o(.text)
    RCC_ClearITPendingBit                    0x08002c13   Thumb Code     6  stm32f10x_rcc.o(.text)
    USART_DeInit                             0x08002c3d   Thumb Code   134  stm32f10x_usart.o(.text)
    USART_Init                               0x08002cc3   Thumb Code   210  stm32f10x_usart.o(.text)
    USART_StructInit                         0x08002d95   Thumb Code    24  stm32f10x_usart.o(.text)
    USART_ClockInit                          0x08002dad   Thumb Code    34  stm32f10x_usart.o(.text)
    USART_ClockStructInit                    0x08002dcf   Thumb Code    12  stm32f10x_usart.o(.text)
    USART_Cmd                                0x08002ddb   Thumb Code    24  stm32f10x_usart.o(.text)
    USART_ITConfig                           0x08002df3   Thumb Code    74  stm32f10x_usart.o(.text)
    USART_DMACmd                             0x08002e3d   Thumb Code    18  stm32f10x_usart.o(.text)
    USART_SetAddress                         0x08002e4f   Thumb Code    18  stm32f10x_usart.o(.text)
    USART_WakeUpConfig                       0x08002e61   Thumb Code    18  stm32f10x_usart.o(.text)
    USART_ReceiverWakeUpCmd                  0x08002e73   Thumb Code    24  stm32f10x_usart.o(.text)
    USART_LINBreakDetectLengthConfig         0x08002e8b   Thumb Code    18  stm32f10x_usart.o(.text)
    USART_LINCmd                             0x08002e9d   Thumb Code    24  stm32f10x_usart.o(.text)
    USART_SendData                           0x08002eb5   Thumb Code     8  stm32f10x_usart.o(.text)
    USART_ReceiveData                        0x08002ebd   Thumb Code    10  stm32f10x_usart.o(.text)
    USART_SendBreak                          0x08002ec7   Thumb Code    10  stm32f10x_usart.o(.text)
    USART_SetGuardTime                       0x08002ed1   Thumb Code    16  stm32f10x_usart.o(.text)
    USART_SetPrescaler                       0x08002ee1   Thumb Code    16  stm32f10x_usart.o(.text)
    USART_SmartCardCmd                       0x08002ef1   Thumb Code    24  stm32f10x_usart.o(.text)
    USART_SmartCardNACKCmd                   0x08002f09   Thumb Code    24  stm32f10x_usart.o(.text)
    USART_HalfDuplexCmd                      0x08002f21   Thumb Code    24  stm32f10x_usart.o(.text)
    USART_OverSampling8Cmd                   0x08002f39   Thumb Code    22  stm32f10x_usart.o(.text)
    USART_OneBitMethodCmd                    0x08002f4f   Thumb Code    24  stm32f10x_usart.o(.text)
    USART_IrDAConfig                         0x08002f67   Thumb Code    18  stm32f10x_usart.o(.text)
    USART_IrDACmd                            0x08002f79   Thumb Code    24  stm32f10x_usart.o(.text)
    USART_GetFlagStatus                      0x08002f91   Thumb Code    26  stm32f10x_usart.o(.text)
    USART_ClearFlag                          0x08002fab   Thumb Code    18  stm32f10x_usart.o(.text)
    USART_GetITStatus                        0x08002fbd   Thumb Code    84  stm32f10x_usart.o(.text)
    USART_ClearITPendingBit                  0x08003011   Thumb Code    52  stm32f10x_usart.o(.text)
    NVIC_PriorityGroupConfig                 0x08003045   Thumb Code    10  misc.o(.text)
    NVIC_Init                                0x0800304f   Thumb Code   100  misc.o(.text)
    NVIC_SetVectorTable                      0x080030b3   Thumb Code    14  misc.o(.text)
    NVIC_SystemLPConfig                      0x080030c1   Thumb Code    34  misc.o(.text)
    SysTick_CLKSourceConfig                  0x080030e3   Thumb Code    40  misc.o(.text)
    TIM_DeInit                               0x08003121   Thumb Code   424  stm32f10x_tim.o(.text)
    TIM_TimeBaseInit                         0x080032c9   Thumb Code   122  stm32f10x_tim.o(.text)
    TIM_OC1Init                              0x08003343   Thumb Code   132  stm32f10x_tim.o(.text)
    TIM_OC2Init                              0x080033c7   Thumb Code   154  stm32f10x_tim.o(.text)
    TIM_OC3Init                              0x08003461   Thumb Code   150  stm32f10x_tim.o(.text)
    TIM_OC4Init                              0x080034f7   Thumb Code   182  stm32f10x_tim.o(.text)
    TIM_SetIC4Prescaler                      0x080035ad   Thumb Code    26  stm32f10x_tim.o(.text)
    TIM_SetIC3Prescaler                      0x08003649   Thumb Code    18  stm32f10x_tim.o(.text)
    TIM_SetIC2Prescaler                      0x080036d5   Thumb Code    26  stm32f10x_tim.o(.text)
    TIM_SetIC1Prescaler                      0x08003771   Thumb Code    18  stm32f10x_tim.o(.text)
    TIM_ICInit                               0x080037ef   Thumb Code   150  stm32f10x_tim.o(.text)
    TIM_PWMIConfig                           0x08003885   Thumb Code   124  stm32f10x_tim.o(.text)
    TIM_BDTRConfig                           0x08003901   Thumb Code    32  stm32f10x_tim.o(.text)
    TIM_TimeBaseStructInit                   0x08003921   Thumb Code    18  stm32f10x_tim.o(.text)
    TIM_OCStructInit                         0x08003933   Thumb Code    20  stm32f10x_tim.o(.text)
    TIM_ICStructInit                         0x08003947   Thumb Code    18  stm32f10x_tim.o(.text)
    TIM_BDTRStructInit                       0x08003959   Thumb Code    40  stm32f10x_tim.o(.text)
    TIM_Cmd                                  0x08003981   Thumb Code    24  stm32f10x_tim.o(.text)
    TIM_CtrlPWMOutputs                       0x08003999   Thumb Code    30  stm32f10x_tim.o(.text)
    TIM_ITConfig                             0x080039b7   Thumb Code    18  stm32f10x_tim.o(.text)
    TIM_GenerateEvent                        0x080039c9   Thumb Code     4  stm32f10x_tim.o(.text)
    TIM_DMAConfig                            0x080039cd   Thumb Code    10  stm32f10x_tim.o(.text)
    TIM_DMACmd                               0x080039d7   Thumb Code    18  stm32f10x_tim.o(.text)
    TIM_InternalClockConfig                  0x080039e9   Thumb Code    12  stm32f10x_tim.o(.text)
    TIM_SelectInputTrigger                   0x080039f5   Thumb Code    18  stm32f10x_tim.o(.text)
    TIM_ITRxExternalClockConfig              0x08003a07   Thumb Code    24  stm32f10x_tim.o(.text)
    TIM_TIxExternalClockConfig               0x08003a1f   Thumb Code    62  stm32f10x_tim.o(.text)
    TIM_ETRConfig                            0x08003a5d   Thumb Code    28  stm32f10x_tim.o(.text)
    TIM_ETRClockMode1Config                  0x08003a79   Thumb Code    54  stm32f10x_tim.o(.text)
    TIM_ETRClockMode2Config                  0x08003aaf   Thumb Code    32  stm32f10x_tim.o(.text)
    TIM_PrescalerConfig                      0x08003acf   Thumb Code     6  stm32f10x_tim.o(.text)
    TIM_CounterModeConfig                    0x08003ad5   Thumb Code    18  stm32f10x_tim.o(.text)
    TIM_EncoderInterfaceConfig               0x08003ae7   Thumb Code    66  stm32f10x_tim.o(.text)
    TIM_ForcedOC1Config                      0x08003b29   Thumb Code    18  stm32f10x_tim.o(.text)
    TIM_ForcedOC2Config                      0x08003b3b   Thumb Code    26  stm32f10x_tim.o(.text)
    TIM_ForcedOC3Config                      0x08003b55   Thumb Code    18  stm32f10x_tim.o(.text)
    TIM_ForcedOC4Config                      0x08003b67   Thumb Code    26  stm32f10x_tim.o(.text)
    TIM_ARRPreloadConfig                     0x08003b81   Thumb Code    24  stm32f10x_tim.o(.text)
    TIM_SelectCOM                            0x08003b99   Thumb Code    24  stm32f10x_tim.o(.text)
    TIM_SelectCCDMA                          0x08003bb1   Thumb Code    24  stm32f10x_tim.o(.text)
    TIM_CCPreloadControl                     0x08003bc9   Thumb Code    24  stm32f10x_tim.o(.text)
    TIM_OC1PreloadConfig                     0x08003be1   Thumb Code    18  stm32f10x_tim.o(.text)
    TIM_OC2PreloadConfig                     0x08003bf3   Thumb Code    26  stm32f10x_tim.o(.text)
    TIM_OC3PreloadConfig                     0x08003c0d   Thumb Code    18  stm32f10x_tim.o(.text)
    TIM_OC4PreloadConfig                     0x08003c1f   Thumb Code    26  stm32f10x_tim.o(.text)
    TIM_OC1FastConfig                        0x08003c39   Thumb Code    18  stm32f10x_tim.o(.text)
    TIM_OC2FastConfig                        0x08003c4b   Thumb Code    26  stm32f10x_tim.o(.text)
    TIM_OC3FastConfig                        0x08003c65   Thumb Code    18  stm32f10x_tim.o(.text)
    TIM_OC4FastConfig                        0x08003c77   Thumb Code    26  stm32f10x_tim.o(.text)
    TIM_ClearOC1Ref                          0x08003c91   Thumb Code    18  stm32f10x_tim.o(.text)
    TIM_ClearOC2Ref                          0x08003ca3   Thumb Code    24  stm32f10x_tim.o(.text)
    TIM_ClearOC3Ref                          0x08003cbb   Thumb Code    18  stm32f10x_tim.o(.text)
    TIM_ClearOC4Ref                          0x08003ccd   Thumb Code    24  stm32f10x_tim.o(.text)
    TIM_OC1PolarityConfig                    0x08003ce5   Thumb Code    18  stm32f10x_tim.o(.text)
    TIM_OC1NPolarityConfig                   0x08003cf7   Thumb Code    18  stm32f10x_tim.o(.text)
    TIM_OC2PolarityConfig                    0x08003d09   Thumb Code    26  stm32f10x_tim.o(.text)
    TIM_OC2NPolarityConfig                   0x08003d23   Thumb Code    26  stm32f10x_tim.o(.text)
    TIM_OC3PolarityConfig                    0x08003d3d   Thumb Code    26  stm32f10x_tim.o(.text)
    TIM_OC3NPolarityConfig                   0x08003d57   Thumb Code    26  stm32f10x_tim.o(.text)
    TIM_OC4PolarityConfig                    0x08003d71   Thumb Code    26  stm32f10x_tim.o(.text)
    TIM_CCxCmd                               0x08003d8b   Thumb Code    30  stm32f10x_tim.o(.text)
    TIM_CCxNCmd                              0x08003da9   Thumb Code    30  stm32f10x_tim.o(.text)
    TIM_SelectOCxM                           0x08003dc7   Thumb Code    82  stm32f10x_tim.o(.text)
    TIM_UpdateDisableConfig                  0x08003e19   Thumb Code    24  stm32f10x_tim.o(.text)
    TIM_UpdateRequestConfig                  0x08003e31   Thumb Code    24  stm32f10x_tim.o(.text)
    TIM_SelectHallSensor                     0x08003e49   Thumb Code    24  stm32f10x_tim.o(.text)
    TIM_SelectOnePulseMode                   0x08003e61   Thumb Code    18  stm32f10x_tim.o(.text)
    TIM_SelectOutputTrigger                  0x08003e73   Thumb Code    18  stm32f10x_tim.o(.text)
    TIM_SelectSlaveMode                      0x08003e85   Thumb Code    18  stm32f10x_tim.o(.text)
    TIM_SelectMasterSlaveMode                0x08003e97   Thumb Code    18  stm32f10x_tim.o(.text)
    TIM_SetCounter                           0x08003ea9   Thumb Code     4  stm32f10x_tim.o(.text)
    TIM_SetAutoreload                        0x08003ead   Thumb Code     4  stm32f10x_tim.o(.text)
    TIM_SetCompare1                          0x08003eb1   Thumb Code     4  stm32f10x_tim.o(.text)
    TIM_SetCompare2                          0x08003eb5   Thumb Code     4  stm32f10x_tim.o(.text)
    TIM_SetCompare3                          0x08003eb9   Thumb Code     4  stm32f10x_tim.o(.text)
    TIM_SetCompare4                          0x08003ebd   Thumb Code     6  stm32f10x_tim.o(.text)
    TIM_SetClockDivision                     0x08003ec3   Thumb Code    18  stm32f10x_tim.o(.text)
    TIM_GetCapture1                          0x08003ed5   Thumb Code     6  stm32f10x_tim.o(.text)
    TIM_GetCapture2                          0x08003edb   Thumb Code     6  stm32f10x_tim.o(.text)
    TIM_GetCapture3                          0x08003ee1   Thumb Code     6  stm32f10x_tim.o(.text)
    TIM_GetCapture4                          0x08003ee7   Thumb Code     8  stm32f10x_tim.o(.text)
    TIM_GetCounter                           0x08003eef   Thumb Code     6  stm32f10x_tim.o(.text)
    TIM_GetPrescaler                         0x08003ef5   Thumb Code     6  stm32f10x_tim.o(.text)
    TIM_GetFlagStatus                        0x08003efb   Thumb Code    18  stm32f10x_tim.o(.text)
    TIM_ClearFlag                            0x08003f0d   Thumb Code     6  stm32f10x_tim.o(.text)
    TIM_GetITStatus                          0x08003f13   Thumb Code    34  stm32f10x_tim.o(.text)
    TIM_ClearITPendingBit                    0x08003f35   Thumb Code     6  stm32f10x_tim.o(.text)
    EXTI_DeInit                              0x08003f3d   Thumb Code    28  stm32f10x_exti.o(.text)
    EXTI_Init                                0x08003f59   Thumb Code   142  stm32f10x_exti.o(.text)
    EXTI_StructInit                          0x08003fe7   Thumb Code    16  stm32f10x_exti.o(.text)
    EXTI_GenerateSWInterrupt                 0x08003ff7   Thumb Code    16  stm32f10x_exti.o(.text)
    EXTI_GetFlagStatus                       0x08004007   Thumb Code    22  stm32f10x_exti.o(.text)
    EXTI_ClearFlag                           0x0800401d   Thumb Code     8  stm32f10x_exti.o(.text)
    EXTI_GetITStatus                         0x08004025   Thumb Code    34  stm32f10x_exti.o(.text)
    EXTI_ClearITPendingBit                   0x08004047   Thumb Code     8  stm32f10x_exti.o(.text)
    __use_no_semihosting                     0x08004059   Thumb Code     2  use_no_semi_2.o(.text)
    __use_two_region_memory                  0x0800405b   Thumb Code     2  heapauxi.o(.text)
    __rt_heap_escrow$2region                 0x0800405d   Thumb Code     2  heapauxi.o(.text)
    __rt_heap_expand$2region                 0x0800405f   Thumb Code     2  heapauxi.o(.text)
    __I$use$semihosting                      0x08004061   Thumb Code     0  use_no_semi.o(.text)
    __use_no_semihosting_swi                 0x08004061   Thumb Code     2  use_no_semi.o(.text)
    __user_setup_stackheap                   0x08004063   Thumb Code    74  sys_stackheap_outer.o(.text)
    exit                                     0x080040ad   Thumb Code    18  exit.o(.text)
    __user_libspace                          0x080040c1   Thumb Code     8  libspace.o(.text)
    __user_perproc_libspace                  0x080040c1   Thumb Code     0  libspace.o(.text)
    __user_perthread_libspace                0x080040c1   Thumb Code     0  libspace.o(.text)
    __aeabi_d2f                              0x080040c9   Thumb Code     0  d2f.o(x$fpl$d2f)
    _d2f                                     0x080040c9   Thumb Code    98  d2f.o(x$fpl$d2f)
    __aeabi_d2iz                             0x0800412d   Thumb Code     0  dfix.o(x$fpl$dfix)
    _dfix                                    0x0800412d   Thumb Code    94  dfix.o(x$fpl$dfix)
    __aeabi_ui2d                             0x0800418b   Thumb Code     0  dflt_clz.o(x$fpl$dfltu)
    _dfltu                                   0x0800418b   Thumb Code    38  dflt_clz.o(x$fpl$dfltu)
    __aeabi_dmul                             0x080041b1   Thumb Code     0  dmul.o(x$fpl$dmul)
    _dmul                                    0x080041b1   Thumb Code   332  dmul.o(x$fpl$dmul)
    __fpl_dnaninf                            0x08004305   Thumb Code   156  dnaninf.o(x$fpl$dnaninf)
    __fpl_dretinf                            0x080043a1   Thumb Code    12  dretinf.o(x$fpl$dretinf)
    __aeabi_fadd                             0x080043ad   Thumb Code     0  faddsub_clz.o(x$fpl$fadd)
    _fadd                                    0x080043ad   Thumb Code   196  faddsub_clz.o(x$fpl$fadd)
    __fpl_fcmp_Inf                           0x08004471   Thumb Code    24  fcmpi.o(x$fpl$fcmpinf)
    __aeabi_f2iz                             0x08004489   Thumb Code     0  ffix.o(x$fpl$ffix)
    _ffix                                    0x08004489   Thumb Code    54  ffix.o(x$fpl$ffix)
    __aeabi_f2uiz                            0x080044c1   Thumb Code     0  ffixu.o(x$fpl$ffixu)
    _ffixu                                   0x080044c1   Thumb Code    62  ffixu.o(x$fpl$ffixu)
    __aeabi_cfcmple                          0x08004501   Thumb Code     0  fleqf.o(x$fpl$fleqf)
    _fcmple                                  0x08004501   Thumb Code   104  fleqf.o(x$fpl$fleqf)
    __fpl_fcmple_InfNaN                      0x08004553   Thumb Code     0  fleqf.o(x$fpl$fleqf)
    __aeabi_fmul                             0x08004569   Thumb Code     0  fmul.o(x$fpl$fmul)
    _fmul                                    0x08004569   Thumb Code   258  fmul.o(x$fpl$fmul)
    __fpl_fnaninf                            0x0800466b   Thumb Code   140  fnaninf.o(x$fpl$fnaninf)
    __fpl_fretinf                            0x080046f7   Thumb Code    10  fretinf.o(x$fpl$fretinf)
    __aeabi_cfrcmple                         0x08004701   Thumb Code     0  frleqf.o(x$fpl$frleqf)
    _frcmple                                 0x08004701   Thumb Code    98  frleqf.o(x$fpl$frleqf)
    __aeabi_frsub                            0x08004763   Thumb Code     0  faddsub_clz.o(x$fpl$frsb)
    _frsb                                    0x08004763   Thumb Code    20  faddsub_clz.o(x$fpl$frsb)
    __aeabi_fsub                             0x08004779   Thumb Code     0  faddsub_clz.o(x$fpl$fsub)
    _fsub                                    0x08004779   Thumb Code   234  faddsub_clz.o(x$fpl$fsub)
    __I$use$fp                               0x08004862   Number         0  usenofp.o(x$fpl$usenofp)
    ascii_1206                               0x08004862   Data        1140  lcd.o(.constdata)
    ascii_1608                               0x08004cd6   Data        1520  lcd.o(.constdata)
    ascii_2412                               0x080052c6   Data        4560  lcd.o(.constdata)
    ascii_3216                               0x08006496   Data        6080  lcd.o(.constdata)
    tfont12                                  0x08007c56   Data         130  lcd.o(.constdata)
    tfont16                                  0x08007cd8   Data         170  lcd.o(.constdata)
    tfont24                                  0x08007d82   Data         370  lcd.o(.constdata)
    tfont32                                  0x08007ef4   Data         650  lcd.o(.constdata)
    Region$$Table$$Base                      0x08008180   Number         0  anon$$obj.o(Region$$Table)
    Region$$Table$$Limit                     0x080081a0   Number         0  anon$$obj.o(Region$$Table)
    state                                    0x20000000   Data           1  main.o(.data)
    SystemCoreClock                          0x20000004   Data           4  system_stm32f10x.o(.data)
    AHBPrescTable                            0x20000008   Data          16  system_stm32f10x.o(.data)
    V_front_left                             0x20000018   Data           8  encode_motor.o(.data)
    V_front_right                            0x20000020   Data           8  encode_motor.o(.data)
    V_behind_left                            0x20000028   Data           8  encode_motor.o(.data)
    V_behind_right                           0x20000030   Data           8  encode_motor.o(.data)
    pause_cnt_front_left                     0x20000038   Data           2  encode_motor.o(.data)
    pause_cnt_front_right                    0x2000003a   Data           2  encode_motor.o(.data)
    pause_cnt_behind_left                    0x2000003c   Data           2  encode_motor.o(.data)
    pause_cnt_behind_right                   0x2000003e   Data           2  encode_motor.o(.data)
    P                                        0x20000040   Data           4  pid.o(.data)
    I                                        0x20000044   Data           4  pid.o(.data)
    D                                        0x20000048   Data           4  pid.o(.data)
    Set_Temp                                 0x2000004c   Data           4  pid.o(.data)
    PID_OUT                                  0x20000050   Data           4  pid.o(.data)
    PWM_Duty                                 0x20000054   Data           4  pid.o(.data)
    P_OUT                                    0x20000058   Data           4  pid.o(.data)
    I_OUT                                    0x2000005c   Data           4  pid.o(.data)
    D_OUT                                    0x20000060   Data           4  pid.o(.data)
    Current_Error                            0x20000064   Data           4  pid.o(.data)
    Last_Error                               0x20000068   Data           4  pid.o(.data)
    Sum_Error                                0x2000006c   Data           4  pid.o(.data)
    PID_I_MAX                                0x20000070   Data           4  pid.o(.data)
    PID_I_MIN                                0x20000074   Data           4  pid.o(.data)
    V_DATA_MAX                               0x20000078   Data           4  pid.o(.data)
    V_DATA_MIN                               0x2000007c   Data           4  pid.o(.data)
    Set_Temp1                                0x20000080   Data           4  pid.o(.data)
    PID_OUT1                                 0x20000084   Data           4  pid.o(.data)
    PWM_Duty1                                0x20000088   Data           4  pid.o(.data)
    P_OUT1                                   0x2000008c   Data           4  pid.o(.data)
    I_OUT1                                   0x20000090   Data           4  pid.o(.data)
    D_OUT1                                   0x20000094   Data           4  pid.o(.data)
    Current_Error1                           0x20000098   Data           4  pid.o(.data)
    Last_Error1                              0x2000009c   Data           4  pid.o(.data)
    Sum_Error1                               0x200000a0   Data           4  pid.o(.data)
    PID_I_MAX1                               0x200000a4   Data           4  pid.o(.data)
    PID_I_MIN1                               0x200000a8   Data           4  pid.o(.data)
    V_DATA_MAX1                              0x200000ac   Data           4  pid.o(.data)
    V_DATA_MIN1                              0x200000b0   Data           4  pid.o(.data)
    Set_Temp2                                0x200000b4   Data           4  pid.o(.data)
    PID_OUT2                                 0x200000b8   Data           4  pid.o(.data)
    PWM_Duty2                                0x200000bc   Data           4  pid.o(.data)
    P_OUT2                                   0x200000c0   Data           4  pid.o(.data)
    I_OUT2                                   0x200000c4   Data           4  pid.o(.data)
    D_OUT2                                   0x200000c8   Data           4  pid.o(.data)
    Current_Error2                           0x200000cc   Data           4  pid.o(.data)
    Last_Error2                              0x200000d0   Data           4  pid.o(.data)
    Sum_Error2                               0x200000d4   Data           4  pid.o(.data)
    PID_I_MAX2                               0x200000d8   Data           4  pid.o(.data)
    PID_I_MIN2                               0x200000dc   Data           4  pid.o(.data)
    V_DATA_MAX2                              0x200000e0   Data           4  pid.o(.data)
    V_DATA_MIN2                              0x200000e4   Data           4  pid.o(.data)
    Set_Temp3                                0x200000e8   Data           4  pid.o(.data)
    PID_OUT3                                 0x200000ec   Data           4  pid.o(.data)
    PWM_Duty3                                0x200000f0   Data           4  pid.o(.data)
    P_OUT3                                   0x200000f4   Data           4  pid.o(.data)
    I_OUT3                                   0x200000f8   Data           4  pid.o(.data)
    D_OUT3                                   0x200000fc   Data           4  pid.o(.data)
    Current_Error3                           0x20000100   Data           4  pid.o(.data)
    Last_Error3                              0x20000104   Data           4  pid.o(.data)
    Sum_Error3                               0x20000108   Data           4  pid.o(.data)
    PID_I_MAX3                               0x2000010c   Data           4  pid.o(.data)
    PID_I_MIN3                               0x20000110   Data           4  pid.o(.data)
    V_DATA_MAX3                              0x20000114   Data           4  pid.o(.data)
    V_DATA_MIN3                              0x20000118   Data           4  pid.o(.data)
    __stdout                                 0x20000120   Data           4  usart.o(.data)
    USART_RX_STA                             0x20000124   Data           2  usart.o(.data)
    time_cnt                                 0x20000126   Data           2  timer.o(.data)
    USART_RX_BUF                             0x2000013c   Data         200  usart.o(.bss)
    __libspace_start                         0x20000204   Data          96  libspace.o(.bss)
    __temporary_stack_top$libspace           0x20000264   Data           0  libspace.o(.bss)



==============================================================================

Memory Map of the image

  Image Entry point : 0x08000131

  Load Region LR_IROM1 (Base: 0x08000000, Size: 0x000082dc, Max: 0x00010000, ABSOLUTE, COMPRESSED[0x000081dc])

    Execution Region ER_IROM1 (Base: 0x08000000, Size: 0x000081a0, Max: 0x00010000, ABSOLUTE)

    Base Addr    Size         Type   Attr      Idx    E Section Name        Object

    0x08000000   0x00000130   Data   RO          371    RESET               startup_stm32f10x_hd.o
    0x08000130   0x00000008   Code   RO          468  * !!!main             c_w.l(__main.o)
    0x08000138   0x00000034   Code   RO          670    !!!scatter          c_w.l(__scatter.o)
    0x0800016c   0x0000005a   Code   RO          668    !!dczerorl2         c_w.l(__dczerorl2.o)
    0x080001c6   0x00000002   PAD
    0x080001c8   0x0000001c   Code   RO          672    !!handler_zi        c_w.l(__scatter_zi.o)
    0x080001e4   0x00000002   Code   RO          542    .ARM.Collect$$libinit$$00000000  c_w.l(libinit.o)
    0x080001e6   0x00000000   Code   RO          549    .ARM.Collect$$libinit$$00000002  c_w.l(libinit2.o)
    0x080001e6   0x00000000   Code   RO          551    .ARM.Collect$$libinit$$00000004  c_w.l(libinit2.o)
    0x080001e6   0x00000000   Code   RO          554    .ARM.Collect$$libinit$$0000000A  c_w.l(libinit2.o)
    0x080001e6   0x00000000   Code   RO          556    .ARM.Collect$$libinit$$0000000C  c_w.l(libinit2.o)
    0x080001e6   0x00000000   Code   RO          558    .ARM.Collect$$libinit$$0000000E  c_w.l(libinit2.o)
    0x080001e6   0x00000000   Code   RO          561    .ARM.Collect$$libinit$$00000011  c_w.l(libinit2.o)
    0x080001e6   0x00000000   Code   RO          563    .ARM.Collect$$libinit$$00000013  c_w.l(libinit2.o)
    0x080001e6   0x00000000   Code   RO          565    .ARM.Collect$$libinit$$00000015  c_w.l(libinit2.o)
    0x080001e6   0x00000000   Code   RO          567    .ARM.Collect$$libinit$$00000017  c_w.l(libinit2.o)
    0x080001e6   0x00000000   Code   RO          569    .ARM.Collect$$libinit$$00000019  c_w.l(libinit2.o)
    0x080001e6   0x00000000   Code   RO          571    .ARM.Collect$$libinit$$0000001B  c_w.l(libinit2.o)
    0x080001e6   0x00000000   Code   RO          573    .ARM.Collect$$libinit$$0000001D  c_w.l(libinit2.o)
    0x080001e6   0x00000000   Code   RO          575    .ARM.Collect$$libinit$$0000001F  c_w.l(libinit2.o)
    0x080001e6   0x00000000   Code   RO          577    .ARM.Collect$$libinit$$00000021  c_w.l(libinit2.o)
    0x080001e6   0x00000000   Code   RO          579    .ARM.Collect$$libinit$$00000023  c_w.l(libinit2.o)
    0x080001e6   0x00000000   Code   RO          581    .ARM.Collect$$libinit$$00000025  c_w.l(libinit2.o)
    0x080001e6   0x00000000   Code   RO          585    .ARM.Collect$$libinit$$0000002C  c_w.l(libinit2.o)
    0x080001e6   0x00000000   Code   RO          587    .ARM.Collect$$libinit$$0000002E  c_w.l(libinit2.o)
    0x080001e6   0x00000000   Code   RO          589    .ARM.Collect$$libinit$$00000030  c_w.l(libinit2.o)
    0x080001e6   0x00000000   Code   RO          591    .ARM.Collect$$libinit$$00000032  c_w.l(libinit2.o)
    0x080001e6   0x00000002   Code   RO          592    .ARM.Collect$$libinit$$00000033  c_w.l(libinit2.o)
    0x080001e8   0x00000002   Code   RO          610    .ARM.Collect$$libshutdown$$00000000  c_w.l(libshutdown.o)
    0x080001ea   0x00000000   Code   RO          620    .ARM.Collect$$libshutdown$$00000002  c_w.l(libshutdown2.o)
    0x080001ea   0x00000000   Code   RO          622    .ARM.Collect$$libshutdown$$00000004  c_w.l(libshutdown2.o)
    0x080001ea   0x00000000   Code   RO          625    .ARM.Collect$$libshutdown$$00000007  c_w.l(libshutdown2.o)
    0x080001ea   0x00000000   Code   RO          628    .ARM.Collect$$libshutdown$$0000000A  c_w.l(libshutdown2.o)
    0x080001ea   0x00000000   Code   RO          630    .ARM.Collect$$libshutdown$$0000000C  c_w.l(libshutdown2.o)
    0x080001ea   0x00000000   Code   RO          633    .ARM.Collect$$libshutdown$$0000000F  c_w.l(libshutdown2.o)
    0x080001ea   0x00000002   Code   RO          634    .ARM.Collect$$libshutdown$$00000010  c_w.l(libshutdown2.o)
    0x080001ec   0x00000000   Code   RO          506    .ARM.Collect$$rtentry$$00000000  c_w.l(__rtentry.o)
    0x080001ec   0x00000000   Code   RO          519    .ARM.Collect$$rtentry$$00000002  c_w.l(__rtentry2.o)
    0x080001ec   0x00000006   Code   RO          531    .ARM.Collect$$rtentry$$00000004  c_w.l(__rtentry4.o)
    0x080001f2   0x00000000   Code   RO          521    .ARM.Collect$$rtentry$$00000009  c_w.l(__rtentry2.o)
    0x080001f2   0x00000004   Code   RO          522    .ARM.Collect$$rtentry$$0000000A  c_w.l(__rtentry2.o)
    0x080001f6   0x00000000   Code   RO          524    .ARM.Collect$$rtentry$$0000000C  c_w.l(__rtentry2.o)
    0x080001f6   0x00000008   Code   RO          525    .ARM.Collect$$rtentry$$0000000D  c_w.l(__rtentry2.o)
    0x080001fe   0x00000002   Code   RO          546    .ARM.Collect$$rtexit$$00000000  c_w.l(rtexit.o)
    0x08000200   0x00000000   Code   RO          594    .ARM.Collect$$rtexit$$00000002  c_w.l(rtexit2.o)
    0x08000200   0x00000004   Code   RO          595    .ARM.Collect$$rtexit$$00000003  c_w.l(rtexit2.o)
    0x08000204   0x00000006   Code   RO          596    .ARM.Collect$$rtexit$$00000004  c_w.l(rtexit2.o)
    0x0800020a   0x00000002   PAD
    0x0800020c   0x000001b0   Code   RO            1    .text               main.o
    0x080003bc   0x000001e0   Code   RO          141    .text               system_stm32f10x.o
    0x0800059c   0x0000001a   Code   RO          181    .text               stm32f10x_it.o
    0x080005b6   0x00000002   PAD
    0x080005b8   0x000006f4   Code   RO          212    .text               encode_motor.o
    0x08000cac   0x000004a0   Code   RO          230    .text               pid.o
    0x0800114c   0x000000e4   Code   RO          248    .text               infrared_sensor.o
    0x08001230   0x00000ad4   Code   RO          260    .text               lcd.o
    0x08001d04   0x0000030c   Code   RO          278    .text               lcd_init.o
    0x08002010   0x000000d4   Code   RO          290    .text               delay.o
    0x080020e4   0x00000140   Code   RO          321    .text               usart.o
    0x08002224   0x000002d8   Code   RO          344    .text               timer.o
    0x080024fc   0x00000040   Code   RO          372    .text               startup_stm32f10x_hd.o
    0x0800253c   0x0000035c   Code   RO          376    .text               stm32f10x_gpio.o
    0x08002898   0x000003a4   Code   RO          388    .text               stm32f10x_rcc.o
    0x08002c3c   0x00000408   Code   RO          402    .text               stm32f10x_usart.o
    0x08003044   0x000000dc   Code   RO          414    .text               misc.o
    0x08003120   0x00000e1a   Code   RO          426    .text               stm32f10x_tim.o
    0x08003f3a   0x00000002   PAD
    0x08003f3c   0x0000011c   Code   RO          438    .text               stm32f10x_exti.o
    0x08004058   0x00000002   Code   RO          464    .text               c_w.l(use_no_semi_2.o)
    0x0800405a   0x00000006   Code   RO          466    .text               c_w.l(heapauxi.o)
    0x08004060   0x00000002   Code   RO          504    .text               c_w.l(use_no_semi.o)
    0x08004062   0x0000004a   Code   RO          533    .text               c_w.l(sys_stackheap_outer.o)
    0x080040ac   0x00000012   Code   RO          535    .text               c_w.l(exit.o)
    0x080040be   0x00000002   PAD
    0x080040c0   0x00000008   Code   RO          543    .text               c_w.l(libspace.o)
    0x080040c8   0x00000062   Code   RO          470    x$fpl$d2f           fz_ws.l(d2f.o)
    0x0800412a   0x00000002   PAD
    0x0800412c   0x0000005e   Code   RO          472    x$fpl$dfix          fz_ws.l(dfix.o)
    0x0800418a   0x00000026   Code   RO          476    x$fpl$dfltu         fz_ws.l(dflt_clz.o)
    0x080041b0   0x00000154   Code   RO          482    x$fpl$dmul          fz_ws.l(dmul.o)
    0x08004304   0x0000009c   Code   RO          507    x$fpl$dnaninf       fz_ws.l(dnaninf.o)
    0x080043a0   0x0000000c   Code   RO          509    x$fpl$dretinf       fz_ws.l(dretinf.o)
    0x080043ac   0x000000c4   Code   RO          484    x$fpl$fadd          fz_ws.l(faddsub_clz.o)
    0x08004470   0x00000018   Code   RO          511    x$fpl$fcmpinf       fz_ws.l(fcmpi.o)
    0x08004488   0x00000036   Code   RO          490    x$fpl$ffix          fz_ws.l(ffix.o)
    0x080044be   0x00000002   PAD
    0x080044c0   0x0000003e   Code   RO          494    x$fpl$ffixu         fz_ws.l(ffixu.o)
    0x080044fe   0x00000002   PAD
    0x08004500   0x00000068   Code   RO          498    x$fpl$fleqf         fz_ws.l(fleqf.o)
    0x08004568   0x00000102   Code   RO          500    x$fpl$fmul          fz_ws.l(fmul.o)
    0x0800466a   0x0000008c   Code   RO          513    x$fpl$fnaninf       fz_ws.l(fnaninf.o)
    0x080046f6   0x0000000a   Code   RO          515    x$fpl$fretinf       fz_ws.l(fretinf.o)
    0x08004700   0x00000062   Code   RO          502    x$fpl$frleqf        fz_ws.l(frleqf.o)
    0x08004762   0x00000014   Code   RO          485    x$fpl$frsb          fz_ws.l(faddsub_clz.o)
    0x08004776   0x00000002   PAD
    0x08004778   0x000000ea   Code   RO          486    x$fpl$fsub          fz_ws.l(faddsub_clz.o)
    0x08004862   0x00000000   Code   RO          517    x$fpl$usenofp       fz_ws.l(usenofp.o)
    0x08004862   0x0000391c   Data   RO          261    .constdata          lcd.o
    0x0800817e   0x00000002   PAD
    0x08008180   0x00000020   Data   RO          666    Region$$Table       anon$$obj.o


    Execution Region RW_IRAM1 (Base: 0x20000000, Size: 0x00000868, Max: 0x00005000, ABSOLUTE, COMPRESSED[0x0000003c])

    Base Addr    Size         Type   Attr      Idx    E Section Name        Object

    0x20000000   0x00000001   Data   RW            2    .data               main.o
    0x20000001   0x00000003   PAD
    0x20000004   0x00000014   Data   RW          142    .data               system_stm32f10x.o
    0x20000018   0x00000028   Data   RW          213    .data               encode_motor.o
    0x20000040   0x000000dc   Data   RW          231    .data               pid.o
    0x2000011c   0x00000004   Data   RW          291    .data               delay.o
    0x20000120   0x00000006   Data   RW          323    .data               usart.o
    0x20000126   0x00000002   Data   RW          345    .data               timer.o
    0x20000128   0x00000014   Data   RW          389    .data               stm32f10x_rcc.o
    0x2000013c   0x000000c8   Zero   RW          322    .bss                usart.o
    0x20000204   0x00000060   Zero   RW          544    .bss                c_w.l(libspace.o)
    0x20000264   0x00000004   PAD
    0x20000268   0x00000200   Zero   RW          370    HEAP                startup_stm32f10x_hd.o
    0x20000468   0x00000400   Zero   RW          369    STACK               startup_stm32f10x_hd.o


==============================================================================

Image component sizes


      Code (inc. data)   RO Data    RW Data    ZI Data      Debug   Object Name

       212         18          0          4          0       1175   delay.o
      1780         68          0         40          0       5749   encode_motor.o
       228         18          0          0          0       1234   infrared_sensor.o
      2772         40      14620          0          0      10713   lcd.o
       780          6          0          0          0       2090   lcd_init.o
       432        102          0          1          0     255085   main.o
       220         22          0          0          0       1929   misc.o
      1184        212          0        220          0       3374   pid.o
        64         26        304          0       1536        844   startup_stm32f10x_hd.o
       284         10          0          0          0       2387   stm32f10x_exti.o
       860         38          0          0          0       5865   stm32f10x_gpio.o
        26          0          0          0          0       1246   stm32f10x_it.o
       932         36          0         20          0       9112   stm32f10x_rcc.o
      3610         88          0          0          0      22972   stm32f10x_tim.o
      1032         22          0          0          0       8588   stm32f10x_usart.o
         0          0          0          0          0         32   sys.o
       480         38          0         20          0       1935   system_stm32f10x.o
       728         62          0          2          0       1366   timer.o
       320         16          0          6        200       3370   usart.o

    ----------------------------------------------------------------------
     15948        822      14958        316       1736     339066   Object Totals
         0          0         32          0          0          0   (incl. Generated)
         4          0          2          3          0          0   (incl. Padding)

    ----------------------------------------------------------------------

      Code (inc. data)   RO Data    RW Data    ZI Data      Debug   Library Member Name

        90          0          0          0          0          0   __dczerorl2.o
         8          0          0          0          0         68   __main.o
         0          0          0          0          0          0   __rtentry.o
        12          0          0          0          0          0   __rtentry2.o
         6          0          0          0          0          0   __rtentry4.o
        52          8          0          0          0          0   __scatter.o
        28          0          0          0          0          0   __scatter_zi.o
        18          0          0          0          0         80   exit.o
         6          0          0          0          0        152   heapauxi.o
         2          0          0          0          0          0   libinit.o
         2          0          0          0          0          0   libinit2.o
         2          0          0          0          0          0   libshutdown.o
         2          0          0          0          0          0   libshutdown2.o
         8          4          0          0         96         68   libspace.o
         2          0          0          0          0          0   rtexit.o
        10          0          0          0          0          0   rtexit2.o
        74          0          0          0          0         80   sys_stackheap_outer.o
         2          0          0          0          0         68   use_no_semi.o
         2          0          0          0          0         68   use_no_semi_2.o
        98          4          0          0          0         92   d2f.o
        94          4          0          0          0         92   dfix.o
        38          0          0          0          0         68   dflt_clz.o
       340         12          0          0          0        104   dmul.o
       156          4          0          0          0         92   dnaninf.o
        12          0          0          0          0         68   dretinf.o
       450          8          0          0          0        236   faddsub_clz.o
        24          0          0          0          0         68   fcmpi.o
        54          4          0          0          0         84   ffix.o
        62          4          0          0          0         84   ffixu.o
       104          4          0          0          0         84   fleqf.o
       258          4          0          0          0         84   fmul.o
       140          4          0          0          0         84   fnaninf.o
        10          0          0          0          0         68   fretinf.o
        98          0          0          0          0         68   frleqf.o
         0          0          0          0          0          0   usenofp.o

    ----------------------------------------------------------------------
      2278         64          0          0        100       1960   Library Totals
        14          0          0          0          4          0   (incl. Padding)

    ----------------------------------------------------------------------

      Code (inc. data)   RO Data    RW Data    ZI Data      Debug   Library Name

       326         12          0          0         96        584   c_w.l
      1938         52          0          0          0       1376   fz_ws.l

    ----------------------------------------------------------------------
      2278         64          0          0        100       1960   Library Totals

    ----------------------------------------------------------------------

==============================================================================


      Code (inc. data)   RO Data    RW Data    ZI Data      Debug   

     18226        886      14958        316       1836     338630   Grand Totals
     18226        886      14958         60       1836     338630   ELF Image Totals (compressed)
     18226        886      14958         60          0          0   ROM Totals

==============================================================================

    Total RO  Size (Code + RO Data)                33184 (  32.41kB)
    Total RW  Size (RW Data + ZI Data)              2152 (   2.10kB)
    Total ROM Size (Code + RO Data + RW Data)      33244 (  32.46kB)

==============================================================================

