Component: ARM Compiler 5.06 update 4 (build 422) Tool: armlink [4d35d2]

==============================================================================

Section Cross References

    main.o(.text) refers to misc.o(.text) for NVIC_PriorityGroupConfig
    main.o(.text) refers to delay.o(.text) for delay_init
    main.o(.text) refers to usart.o(.text) for uart_init
    main.o(.text) refers to usart2.o(.text) for usart2_init
    main.o(.text) refers to timer.o(.text) for TIM3_Int_Init
    main.o(.text) refers to pwm.o(.text) for TIM4_PWM_Init
    main.o(.text) refers to stm32f4xx_tim.o(.text) for TIM_SetCompare2
    main.o(.text) refers to us100.o(.text) for UltrasonicWave_Timerx_Init
    main.o(.text) refers to jidianqi.o(.text) for jidianqi_Init
    main.o(.text) refers to lcd.o(.text) for LCD_Init
    main.o(.text) refers to interface.o(.text) for Mode1_Select_Display
    main.o(.text) refers to control.o(.text) for USART2_Rx_Task
    main.o(.text) refers to f2d.o(x$fpl$f2d) for __aeabi_f2d
    main.o(.text) refers to ddiv.o(x$fpl$ddiv) for __aeabi_ddiv
    main.o(.text) refers to daddsub_clz.o(x$fpl$dadd) for __aeabi_dadd
    main.o(.text) refers to dfix.o(x$fpl$dfix) for __aeabi_d2iz
    main.o(.text) refers to dflt_clz.o(x$fpl$dfltu) for __aeabi_ui2d
    main.o(.text) refers to d2f.o(x$fpl$d2f) for __aeabi_d2f
    main.o(.text) refers to pow.o(i.__hardfp_pow) for __hardfp_pow
    main.o(.text) refers to dmul.o(x$fpl$dmul) for __aeabi_dmul
    main.o(.text) refers to daddsub_clz.o(x$fpl$dsub) for __aeabi_dsub
    main.o(.text) refers to touch.o(.data) for tp_dev
    main.o(.text) refers to lcd.o(.data) for POINT_COLOR
    main.o(.text) refers to main.o(.data) for MODE
    main.o(.text) refers to dflt_clz.o(x$fpl$dflt) for __aeabi_i2d
    main.o(.text) refers to fabs.o(i.__hardfp_fabs) for __hardfp_fabs
    main.o(.text) refers to dleqf.o(x$fpl$dleqf) for __aeabi_cdcmple
    system_stm32f4xx.o(.text) refers to system_stm32f4xx.o(.data) for SystemCoreClock
    led.o(.text) refers to stm32f4xx_rcc.o(.text) for RCC_AHB1PeriphClockCmd
    led.o(.text) refers to stm32f4xx_gpio.o(.text) for GPIO_Init
    lcd.o(.text) refers to _printf_percent.o(.ARM.Collect$$_printf_percent$$00000000) for _printf_percent
    lcd.o(.text) refers to _printf_x.o(.ARM.Collect$$_printf_percent$$0000000C) for _printf_x
    lcd.o(.text) refers to _printf_hex_int.o(.text) for _printf_longlong_hex
    lcd.o(.text) refers to delay.o(.text) for delay_us
    lcd.o(.text) refers to lcd.o(.bss) for lcddev
    lcd.o(.text) refers to lcd.o(.data) for POINT_COLOR
    lcd.o(.text) refers to dflt_clz.o(x$fpl$dfltu) for __aeabi_ui2d
    lcd.o(.text) refers to dmul.o(x$fpl$dmul) for __aeabi_dmul
    lcd.o(.text) refers to dfixu.o(x$fpl$dfixu) for __aeabi_d2uiz
    lcd.o(.text) refers to stm32f4xx_rcc.o(.text) for RCC_AHB1PeriphClockCmd
    lcd.o(.text) refers to stm32f4xx_gpio.o(.text) for GPIO_Init
    lcd.o(.text) refers to stm32f4xx_fsmc.o(.text) for FSMC_NORSRAMInit
    lcd.o(.text) refers to noretval__2printf.o(.text) for __2printf
    lcd.o(.text) refers to lcd.o(.constdata) for asc2_1206
    usart2.o(.text) refers to stm32f4xx_rcc.o(.text) for RCC_AHB1PeriphClockCmd
    usart2.o(.text) refers to stm32f4xx_gpio.o(.text) for GPIO_Init
    usart2.o(.text) refers to stm32f4xx_usart.o(.text) for USART_Init
    usart2.o(.text) refers to misc.o(.text) for NVIC_Init
    usart2.o(.text) refers to usart2.o(.data) for state
    usart2.o(.text) refers to main.o(.data) for RxCounter1
    usart2.o(.text) refers to main.o(.bss) for RxBuffer1
    timer.o(.text) refers to stm32f4xx_rcc.o(.text) for RCC_APB1PeriphClockCmd
    timer.o(.text) refers to stm32f4xx_tim.o(.text) for TIM_TimeBaseInit
    timer.o(.text) refers to misc.o(.text) for NVIC_Init
    pwm.o(.text) refers to stm32f4xx_rcc.o(.text) for RCC_APB1PeriphClockCmd
    pwm.o(.text) refers to stm32f4xx_gpio.o(.text) for GPIO_PinAFConfig
    pwm.o(.text) refers to stm32f4xx_tim.o(.text) for TIM_TimeBaseInit
    control.o(.text) refers to stm32f4xx_usart.o(.text) for USART_ITConfig
    control.o(.text) refers to f2d.o(x$fpl$f2d) for __aeabi_f2d
    control.o(.text) refers to fabs.o(i.__hardfp_fabs) for __hardfp_fabs
    control.o(.text) refers to dleqf.o(x$fpl$dleqf) for __aeabi_cdcmple
    control.o(.text) refers to jidianqi.o(.text) for jidianqi_state
    control.o(.text) refers to delay.o(.text) for delay_ms
    control.o(.text) refers to us100.o(.text) for UltrasonicWave_StartMeasure
    control.o(.text) refers to main.o(.data) for RxFlag1
    control.o(.text) refers to main.o(.bss) for RxBuffer1
    control.o(.text) refers to control.o(.data) for Dis_Cam_temp
    control.o(.text) refers to control.o(.bss) for Dis_Cam_Buf
    24cxx.o(.text) refers to myiic.o(.text) for IIC_Init
    24cxx.o(.text) refers to delay.o(.text) for delay_ms
    interface.o(.text) refers to lcd.o(.text) for LCD_Fill
    interface.o(.text) refers to touch.o(.data) for tp_dev
[...]
    __rt_lib_init_lc_numeric_1               0x0800026f   Thumb Code     0  libinit2.o(.ARM.Collect$$libinit$$00000017)
    __rt_lib_init_lc_time_1                  0x0800026f   Thumb Code     0  libinit2.o(.ARM.Collect$$libinit$$00000019)
    __rt_lib_init_return                     0x0800026f   Thumb Code     0  libinit2.o(.ARM.Collect$$libinit$$00000033)
    __rt_lib_init_signal_1                   0x0800026f   Thumb Code     0  libinit2.o(.ARM.Collect$$libinit$$0000001D)
    __rt_lib_init_stdio_1                    0x0800026f   Thumb Code     0  libinit2.o(.ARM.Collect$$libinit$$00000025)
    __rt_lib_shutdown                        0x08000271   Thumb Code     0  libshutdown.o(.ARM.Collect$$libshutdown$$00000000)
    __rt_lib_shutdown_cpp_1                  0x08000273   Thumb Code     0  libshutdown2.o(.ARM.Collect$$libshutdown$$00000002)
    __rt_lib_shutdown_fp_trap_1              0x08000273   Thumb Code     0  libshutdown2.o(.ARM.Collect$$libshutdown$$00000007)
    __rt_lib_shutdown_heap_1                 0x08000273   Thumb Code     0  libshutdown2.o(.ARM.Collect$$libshutdown$$0000000F)
    __rt_lib_shutdown_return                 0x08000273   Thumb Code     0  libshutdown2.o(.ARM.Collect$$libshutdown$$00000010)
    __rt_lib_shutdown_signal_1               0x08000273   Thumb Code     0  libshutdown2.o(.ARM.Collect$$libshutdown$$0000000A)
    __rt_lib_shutdown_stdio_1                0x08000273   Thumb Code     0  libshutdown2.o(.ARM.Collect$$libshutdown$$00000004)
    __rt_lib_shutdown_user_alloc_1           0x08000273   Thumb Code     0  libshutdown2.o(.ARM.Collect$$libshutdown$$0000000C)
    __rt_entry                               0x08000275   Thumb Code     0  __rtentry.o(.ARM.Collect$$rtentry$$00000000)
    __rt_entry_presh_1                       0x08000275   Thumb Code     0  __rtentry2.o(.ARM.Collect$$rtentry$$00000002)
    __rt_entry_sh                            0x08000275   Thumb Code     0  __rtentry4.o(.ARM.Collect$$rtentry$$00000004)
    __rt_entry_li                            0x0800027b   Thumb Code     0  __rtentry2.o(.ARM.Collect$$rtentry$$0000000A)
    __rt_entry_postsh_1                      0x0800027b   Thumb Code     0  __rtentry2.o(.ARM.Collect$$rtentry$$00000009)
    __rt_entry_main                          0x0800027f   Thumb Code     0  __rtentry2.o(.ARM.Collect$$rtentry$$0000000D)
    __rt_entry_postli_1                      0x0800027f   Thumb Code     0  __rtentry2.o(.ARM.Collect$$rtentry$$0000000C)
    __rt_exit                                0x08000287   Thumb Code     0  rtexit.o(.ARM.Collect$$rtexit$$00000000)
    __rt_exit_ls                             0x08000289   Thumb Code     0  rtexit2.o(.ARM.Collect$$rtexit$$00000003)
    __rt_exit_prels_1                        0x08000289   Thumb Code     0  rtexit2.o(.ARM.Collect$$rtexit$$00000002)
    __rt_exit_exit                           0x0800028d   Thumb Code     0  rtexit2.o(.ARM.Collect$$rtexit$$00000004)
    main                                     0x08000295   Thumb Code   194  main.o(.text)
    Turn_Angle                               0x08000357   Thumb Code   172  main.o(.text)
    Calculate                                0x08000403   Thumb Code   428  main.o(.text)
    TIM3_IRQHandler                          0x080005af   Thumb Code  1656  main.o(.text)
    NMI_Handler                              0x08000c39   Thumb Code     2  stm32f4xx_it.o(.text)
    HardFault_Handler                        0x08000c3b   Thumb Code     4  stm32f4xx_it.o(.text)
    MemManage_Handler                        0x08000c3f   Thumb Code     4  stm32f4xx_it.o(.text)
    BusFault_Handler                         0x08000c43   Thumb Code     4  stm32f4xx_it.o(.text)
    UsageFault_Handler                       0x08000c47   Thumb Code     4  stm32f4xx_it.o(.text)
    SVC_Handler                              0x08000c4b   Thumb Code     2  stm32f4xx_it.o(.text)
    DebugMon_Handler                         0x08000c4d   Thumb Code     2  stm32f4xx_it.o(.text)
    PendSV_Handler                           0x08000c4f   Thumb Code     2  stm32f4xx_it.o(.text)
    SysTick_Handler                          0x08000c51   Thumb Code     2  stm32f4xx_it.o(.text)
    SystemInit                               0x08000d31   Thumb Code    88  system_stm32f4xx.o(.text)
    SystemCoreClockUpdate                    0x08000d89   Thumb Code   174  system_stm32f4xx.o(.text)
    LCD_WR_REG                               0x08000e65   Thumb Code    18  lcd.o(.text)
    LCD_WR_DATA                              0x08000e77   Thumb Code    20  lcd.o(.text)
    LCD_RD_DATA                              0x08000e8b   Thumb Code    16  lcd.o(.text)
    LCD_WriteReg                             0x08000e9b   Thumb Code    14  lcd.o(.text)
    LCD_ReadReg                              0x08000ea9   Thumb Code    22  lcd.o(.text)
    LCD_WriteRAM_Prepare                     0x08000ebf   Thumb Code    10  lcd.o(.text)
    LCD_WriteRAM                             0x08000ec9   Thumb Code     8  lcd.o(.text)
    LCD_BGR2RGB                              0x08000ed1   Thumb Code    26  lcd.o(.text)
    opt_delay                                0x08000eeb   Thumb Code    14  lcd.o(.text)
    LCD_SetCursor                            0x08000ef9   Thumb Code   418  lcd.o(.text)
    LCD_ReadPoint                            0x0800109b   Thumb Code   360  lcd.o(.text)
    LCD_DisplayOn                            0x08001203   Thumb Code   102  lcd.o(.text)
    LCD_DisplayOff                           0x08001269   Thumb Code    90  lcd.o(.text)
    LCD_Scan_Dir                             0x080012c3   Thumb Code   744  lcd.o(.text)
    LCD_DrawPoint                            0x080015ab   Thumb Code    28  lcd.o(.text)
    LCD_Fast_DrawPoint                       0x080015c7   Thumb Code   388  lcd.o(.text)
    LCD_SSD_BackLightSet                     0x0800174b   Thumb Code    88  lcd.o(.text)
    LCD_Display_Dir                          0x080017a3   Thumb Code   444  lcd.o(.text)
    LCD_Set_Window                           0x0800195f   Thumb Code   546  lcd.o(.text)
    LCD_Clear                                0x08001b81   Thumb Code   100  lcd.o(.text)
    LCD_Init                                 0x08001be5   Thumb Code 14696  lcd.o(.text)
    LCD_Fill                                 0x0800554d   Thumb Code   180  lcd.o(.text)
    LCD_Color_Fill                           0x08005601   Thumb Code   100  lcd.o(.text)
    LCD_DrawLine                             0x08005665   Thumb Code   176  lcd.o(.text)
    LCD_DrawRectangle                        0x08005715   Thumb Code    60  lcd.o(.text)
    LCD_Draw_Circle                          0x08005751   Thumb Code   152  lcd.o(.text)
    LCD_ShowChar                             0x080057e9   Thumb Code   272  lcd.o(.text)
    LCD_Pow                                  0x080058f9   Thumb Code    22  lcd.o(.text)
    LCD_ShowNum                              0x0800590f   Thumb Code   148  lcd.o(.text)
    LCD_ShowxNum                             0x080059a3   Thumb Code   220  lcd.o(.text)
    LCD_ShowString                           0x08005a7f   Thumb Code   102  lcd.o(.text)
    usart2_init                              0x08005ae5   Thumb Code   166  usart2.o(.text)
    Openmv_Receive_Data                      0x08005b8b   Thumb Code   184  usart2.o(.text)
    USART2_IRQHandler                        0x08005c43   Thumb Code    40  usart2.o(.text)
    TIM3_Int_Init                            0x08005c85   Thumb Code    88  timer.o(.text)
    TIM14_PWM_Init                           0x08005ce1   Thumb Code   152  pwm.o(.text)
    TIM11_PWM_Init                           0x08005d79   Thumb Code   150  pwm.o(.text)
    TIM4_PWM_Init                            0x08005e0f   Thumb Code   196  pwm.o(.text)
    USART2_Rx_Task                           0x08005ee9   Thumb Code   190  control.o(.text)
    IncPID_Pos                               0x08005fa7   Thumb Code   372  control.o(.text)
    Shoot_Control                            0x0800611b   Thumb Code    84  control.o(.text)
    Get_Dis                                  0x0800616f   Thumb Code     8  control.o(.text)
    AT24CXX_Init                             0x080061ed   Thumb Code     8  24cxx.o(.text)
    AT24CXX_ReadOneByte                      0x080061f5   Thumb Code    88  24cxx.o(.text)
    AT24CXX_WriteOneByte                     0x0800624d   Thumb Code    80  24cxx.o(.text)
    AT24CXX_WriteLenByte                     0x0800629d   Thumb Code    42  24cxx.o(.text)
    AT24CXX_ReadLenByte                      0x080062c7   Thumb Code    44  24cxx.o(.text)
    AT24CXX_Check                            0x080062f3   Thumb Code    46  24cxx.o(.text)
    AT24CXX_Read                             0x08006321   Thumb Code    34  24cxx.o(.text)
    AT24CXX_Write                            0x08006343   Thumb Code    36  24cxx.o(.text)
    Mode_Select_Display                      0x08006369   Thumb Code   420  interface.o(.text)
    Mode1_Select_Display                     0x0800650d   Thumb Code  1904  interface.o(.text)
    Mode2_Select_Display                     0x08006c7d   Thumb Code   424  interface.o(.text)
    Mode3_Select_Display                     0x08006e25   Thumb Code   330  interface.o(.text)
    Debug_Data_Display                       0x08006f6f   Thumb Code   634  interface.o(.text)
    jidianqi_Init                            0x08007259   Thumb Code    60  jidianqi.o(.text)
    jidianqi_state                           0x08007295   Thumb Code    74  jidianqi.o(.text)
    clear_buff2                              0x080072e5   Thumb Code    24  us100.o(.text)
    Trig                                     0x080072fd   Thumb Code    38  us100.o(.text)
    readTembuff                              0x08007323   Thumb Code    98  us100.o(.text)
    UltrasonicWave_Configuration             0x08007385   Thumb Code   144  us100.o(.text)
    EXTI0_IRQHandler                         0x08007415   Thumb Code   316  us100.o(.text)
    UltrasonicWave_StartMeasure              0x08007551   Thumb Code    26  us100.o(.text)
    UltrasonicWave_Timerx_Init               0x0800756b   Thumb Code    48  us100.o(.text)
    CT_Delay                                 0x08007605   Thumb Code    10  ctiic.o(.text)
    CT_IIC_Init                              0x0800760f   Thumb Code    60  ctiic.o(.text)
    CT_IIC_Start                             0x0800764b   Thumb Code    62  ctiic.o(.text)
    CT_IIC_Stop                              0x08007689   Thumb Code    56  ctiic.o(.text)
    CT_IIC_Wait_Ack                          0x080076c1   Thumb Code    78  ctiic.o(.text)
    CT_IIC_Ack                               0x0800770f   Thumb Code    66  ctiic.o(.text)
    CT_IIC_NAck                              0x08007751   Thumb Code    66  ctiic.o(.text)
    CT_IIC_Send_Byte                         0x08007793   Thumb Code    82  ctiic.o(.text)
    CT_IIC_Read_Byte                         0x080077e5   Thumb Code    92  ctiic.o(.text)
    FT5206_WR_Reg                            0x08007859   Thumb Code    82  ft5206.o(.text)
    FT5206_RD_Reg                            0x080078ab   Thumb Code    88  ft5206.o(.text)
    FT5206_Init                              0x08007903   Thumb Code   202  ft5206.o(.text)
    FT5206_Scan                              0x080079cd   Thumb Code   400  ft5206.o(.text)
    GT9147_WR_Reg                            0x08007b85   Thumb Code    92  gt9147.o(.text)
    GT9147_Send_Cfg                          0x08007be1   Thumb Code    86  gt9147.o(.text)
    GT9147_RD_Reg                            0x08007c37   Thumb Code    98  gt9147.o(.text)
    GT9147_Init                              0x08007c99   Thumb Code   248  gt9147.o(.text)
    GT9147_Scan                              0x08007d91   Thumb Code   494  gt9147.o(.text)
    OTT2001A_WR_Reg                          0x08007fcd   Thumb Code    92  ott2001a.o(.text)
    OTT2001A_RD_Reg                          0x08008029   Thumb Code    98  ott2001a.o(.text)
    OTT2001A_SensorControl                   0x0800808b   Thumb Code    28  ott2001a.o(.text)
    OTT2001A_Init                            0x080080a7   Thumb Code   142  ott2001a.o(.text)
    OTT2001A_Scan                            0x08008135   Thumb Code   478  ott2001a.o(.text)
    TP_Write_Byte                            0x08008355   Thumb Code    64  touch.o(.text)
    TP_Read_AD                               0x08008395   Thumb Code   132  touch.o(.text)
    TP_Read_XOY                              0x08008419   Thumb Code   120  touch.o(.text)
    TP_Read_XY                               0x08008491   Thumb Code    38  touch.o(.text)
    TP_Read_XY2                              0x080084b7   Thumb Code   192  touch.o(.text)
    TP_Drow_Touch_Point                      0x08008577   Thumb Code   108  touch.o(.text)
    TP_Draw_Big_Point                        0x080085e3   Thumb Code    54  touch.o(.text)
    TP_Scan                                  0x08008619   Thumb Code   244  touch.o(.text)
    TP_Save_Adjdata                          0x0800870d   Thumb Code   166  touch.o(.text)
    TP_Get_Adjdata                           0x080087b3   Thumb Code   162  touch.o(.text)
    TP_Adj_Info_Show                         0x08008855   Thumb Code   374  touch.o(.text)
    TP_Adjust                                0x080089cb   Thumb Code  2290  touch.o(.text)
    TP_Init                                  0x080092bd   Thumb Code   290  touch.o(.text)
    IIC_Init                                 0x08009439   Thumb Code    62  myiic.o(.text)
    IIC_Start                                0x08009477   Thumb Code    68  myiic.o(.text)
    IIC_Stop                                 0x080094bb   Thumb Code    62  myiic.o(.text)
    IIC_Wait_Ack                             0x080094f9   Thumb Code    82  myiic.o(.text)
    IIC_Ack                                  0x0800954b   Thumb Code    66  myiic.o(.text)
    IIC_NAck                                 0x0800958d   Thumb Code    66  myiic.o(.text)
    IIC_Send_Byte                            0x080095cf   Thumb Code    90  myiic.o(.text)
    IIC_Read_Byte                            0x08009629   Thumb Code    94  myiic.o(.text)
    delay_init                               0x08009695   Thumb Code    52  delay.o(.text)
    delay_us                                 0x080096c9   Thumb Code    72  delay.o(.text)
    delay_xms                                0x08009711   Thumb Code    72  delay.o(.text)
    delay_ms                                 0x08009759   Thumb Code    56  delay.o(.text)
    _sys_exit                                0x08009799   Thumb Code     4  usart.o(.text)
    fputc                                    0x0800979d   Thumb Code    22  usart.o(.text)
    uart_init                                0x080097b3   Thumb Code   164  usart.o(.text)
    Reset_Handler                            0x08009861   Thumb Code     8  startup_stm32f40_41xxx.o(.text)
    ADC_IRQHandler                           0x0800987b   Thumb Code     0  startup_stm32f40_41xxx.o(.text)
    CAN1_RX0_IRQHandler                      0x0800987b   Thumb Code     0  startup_stm32f40_41xxx.o(.text)
    CAN1_RX1_IRQHandler                      0x0800987b   Thumb Code     0  startup_stm32f40_41xxx.o(.text)
    CAN1_SCE_IRQHandler                      0x0800987b   Thumb Code     0  startup_stm32f40_41xxx.o(.text)
    CAN1_TX_IRQHandler                       0x0800987b   Thumb Code     0  startup_stm32f40_41xxx.o(.text)
    CAN2_RX0_IRQHandler                      0x0800987b   Thumb Code     0  startup_stm32f40_41xxx.o(.text)
    CAN2_RX1_IRQHandler                      0x0800987b   Thumb Code     0  startup_stm32f40_41xxx.o(.text)
    CAN2_SCE_IRQHandler                      0x0800987b   Thumb Code     0  startup_stm32f40_41xxx.o(.text)
    CAN2_TX_IRQHandler                       0x0800987b   Thumb Code     0  startup_stm32f40_41xxx.o(.text)
    CRYP_IRQHandler                          0x0800987b   Thumb Code     0  startup_stm32f40_41xxx.o(.text)
    DCMI_IRQHandler                          0x0800987b   Thumb Code     0  startup_stm32f40_41xxx.o(.text)
    DMA1_Stream0_IRQHandler                  0x0800987b   Thumb Code     0  startup_stm32f40_41xxx.o(.text)
    DMA1_Stream1_IRQHandler                  0x0800987b   Thumb Code     0  startup_stm32f40_41xxx.o(.text)
    DMA1_Stream2_IRQHandler                  0x0800987b   Thumb Code     0  startup_stm32f40_41xxx.o(.text)
    DMA1_Stream3_IRQHandler                  0x0800987b   Thumb Code     0  startup_stm32f40_41xxx.o(.text)
    DMA1_Stream4_IRQHandler                  0x0800987b   Thumb Code     0  startup_stm32f40_41xxx.o(.text)
    DMA1_Stream5_IRQHandler                  0x0800987b   Thumb Code     0  startup_stm32f40_41xxx.o(.text)
    DMA1_Stream6_IRQHandler                  0x0800987b   Thumb Code     0  startup_stm32f40_41xxx.o(.text)
    DMA1_Stream7_IRQHandler                  0x0800987b   Thumb Code     0  startup_stm32f40_41xxx.o(.text)
    DMA2_Stream0_IRQHandler                  0x0800987b   Thumb Code     0  startup_stm32f40_41xxx.o(.text)
    DMA2_Stream1_IRQHandler                  0x0800987b   Thumb Code     0  startup_stm32f40_41xxx.o(.text)
    DMA2_Stream2_IRQHandler                  0x0800987b   Thumb Code     0  startup_stm32f40_41xxx.o(.text)
    DMA2_Stream3_IRQHandler                  0x0800987b   Thumb Code     0  startup_stm32f40_41xxx.o(.text)
    DMA2_Stream4_IRQHandler                  0x0800987b   Thumb Code     0  startup_stm32f40_41xxx.o(.text)
    DMA2_Stream5_IRQHandler                  0x0800987b   Thumb Code     0  startup_stm32f40_41xxx.o(.text)
    DMA2_Stream6_IRQHandler                  0x0800987b   Thumb Code     0  startup_stm32f40_41xxx.o(.text)
    DMA2_Stream7_IRQHandler                  0x0800987b   Thumb Code     0  startup_stm32f40_41xxx.o(.text)
    ETH_IRQHandler                           0x0800987b   Thumb Code     0  startup_stm32f40_41xxx.o(.text)
    ETH_WKUP_IRQHandler                      0x0800987b   Thumb Code     0  startup_stm32f40_41xxx.o(.text)
    EXTI15_10_IRQHandler                     0x0800987b   Thumb Code     0  startup_stm32f40_41xxx.o(.text)
    EXTI1_IRQHandler                         0x0800987b   Thumb Code     0  startup_stm32f40_41xxx.o(.text)
    EXTI2_IRQHandler                         0x0800987b   Thumb Code     0  startup_stm32f40_41xxx.o(.text)
    EXTI3_IRQHandler                         0x0800987b   Thumb Code     0  startup_stm32f40_41xxx.o(.text)
    EXTI4_IRQHandler                         0x0800987b   Thumb Code     0  startup_stm32f40_41xxx.o(.text)
    EXTI9_5_IRQHandler                       0x0800987b   Thumb Code     0  startup_stm32f40_41xxx.o(.text)
    FLASH_IRQHandler                         0x0800987b   Thumb Code     0  startup_stm32f40_41xxx.o(.text)
    FPU_IRQHandler                           0x0800987b   Thumb Code     0  startup_stm32f40_41xxx.o(.text)
    FSMC_IRQHandler                          0x0800987b   Thumb Code     0  startup_stm32f40_41xxx.o(.text)
    HASH_RNG_IRQHandler                      0x0800987b   Thumb Code     0  startup_stm32f40_41xxx.o(.text)
    I2C1_ER_IRQHandler                       0x0800987b   Thumb Code     0  startup_stm32f40_41xxx.o(.text)
    I2C1_EV_IRQHandler                       0x0800987b   Thumb Code     0  startup_stm32f40_41xxx.o(.text)
    I2C2_ER_IRQHandler                       0x0800987b   Thumb Code     0  startup_stm32f40_41xxx.o(.text)
    I2C2_EV_IRQHandler                       0x0800987b   Thumb Code     0  startup_stm32f40_41xxx.o(.text)
    I2C3_ER_IRQHandler                       0x0800987b   Thumb Code     0  startup_stm32f40_41xxx.o(.text)
    I2C3_EV_IRQHandler                       0x0800987b   Thumb Code     0  startup_stm32f40_41xxx.o(.text)
    OTG_FS_IRQHandler                        0x0800987b   Thumb Code     0  startup_stm32f40_41xxx.o(.text)
    OTG_FS_WKUP_IRQHandler                   0x0800987b   Thumb Code     0  startup_stm32f40_41xxx.o(.text)
    OTG_HS_EP1_IN_IRQHandler                 0x0800987b   Thumb Code     0  startup_stm32f40_41xxx.o(.text)
    OTG_HS_EP1_OUT_IRQHandler                0x0800987b   Thumb Code     0  startup_stm32f40_41xxx.o(.text)
    OTG_HS_IRQHandler                        0x0800987b   Thumb Code     0  startup_stm32f40_41xxx.o(.text)
    OTG_HS_WKUP_IRQHandler                   0x0800987b   Thumb Code     0  startup_stm32f40_41xxx.o(.text)
    PVD_IRQHandler                           0x0800987b   Thumb Code     0  startup_stm32f40_41xxx.o(.text)
    RCC_IRQHandler                           0x0800987b   Thumb Code     0  startup_stm32f40_41xxx.o(.text)
    RTC_Alarm_IRQHandler                     0x0800987b   Thumb Code     0  startup_stm32f40_41xxx.o(.text)
    RTC_WKUP_IRQHandler                      0x0800987b   Thumb Code     0  startup_stm32f40_41xxx.o(.text)
    SDIO_IRQHandler                          0x0800987b   Thumb Code     0  startup_stm32f40_41xxx.o(.text)
    SPI1_IRQHandler                          0x0800987b   Thumb Code     0  startup_stm32f40_41xxx.o(.text)
    SPI2_IRQHandler                          0x0800987b   Thumb Code     0  startup_stm32f40_41xxx.o(.text)
    SPI3_IRQHandler                          0x0800987b   Thumb Code     0  startup_stm32f40_41xxx.o(.text)
    TAMP_STAMP_IRQHandler                    0x0800987b   Thumb Code     0  startup_stm32f40_41xxx.o(.text)
    TIM1_BRK_TIM9_IRQHandler                 0x0800987b   Thumb Code     0  startup_stm32f40_41xxx.o(.text)
    TIM1_CC_IRQHandler                       0x0800987b   Thumb Code     0  startup_stm32f40_41xxx.o(.text)
    TIM1_TRG_COM_TIM11_IRQHandler            0x0800987b   Thumb Code     0  startup_stm32f40_41xxx.o(.text)
    TIM1_UP_TIM10_IRQHandler                 0x0800987b   Thumb Code     0  startup_stm32f40_41xxx.o(.text)
    TIM2_IRQHandler                          0x0800987b   Thumb Code     0  startup_stm32f40_41xxx.o(.text)
    TIM4_IRQHandler                          0x0800987b   Thumb Code     0  startup_stm32f40_41xxx.o(.text)
    TIM5_IRQHandler                          0x0800987b   Thumb Code     0  startup_stm32f40_41xxx.o(.text)
    TIM6_DAC_IRQHandler                      0x0800987b   Thumb Code     0  startup_stm32f40_41xxx.o(.text)
    TIM7_IRQHandler                          0x0800987b   Thumb Code     0  startup_stm32f40_41xxx.o(.text)
    TIM8_BRK_TIM12_IRQHandler                0x0800987b   Thumb Code     0  startup_stm32f40_41xxx.o(.text)
    TIM8_CC_IRQHandler                       0x0800987b   Thumb Code     0  startup_stm32f40_41xxx.o(.text)
    TIM8_TRG_COM_TIM14_IRQHandler            0x0800987b   Thumb Code     0  startup_stm32f40_41xxx.o(.text)
    TIM8_UP_TIM13_IRQHandler                 0x0800987b   Thumb Code     0  startup_stm32f40_41xxx.o(.text)
    UART4_IRQHandler                         0x0800987b   Thumb Code     0  startup_stm32f40_41xxx.o(.text)
    UART5_IRQHandler                         0x0800987b   Thumb Code     0  startup_stm32f40_41xxx.o(.text)
    USART1_IRQHandler                        0x0800987b   Thumb Code     0  startup_stm32f40_41xxx.o(.text)
    USART3_IRQHandler                        0x0800987b   Thumb Code     0  startup_stm32f40_41xxx.o(.text)
    USART6_IRQHandler                        0x0800987b   Thumb Code     0  startup_stm32f40_41xxx.o(.text)
    WWDG_IRQHandler                          0x0800987b   Thumb Code     0  startup_stm32f40_41xxx.o(.text)
    __user_initial_stackheap                 0x0800987d   Thumb Code     0  startup_stm32f40_41xxx.o(.text)
    NVIC_PriorityGroupConfig                 0x080098a1   Thumb Code    10  misc.o(.text)
    NVIC_Init                                0x080098ab   Thumb Code   106  misc.o(.text)
    NVIC_SetVectorTable                      0x08009915   Thumb Code    14  misc.o(.text)
    NVIC_SystemLPConfig                      0x08009923   Thumb Code    34  misc.o(.text)
    SysTick_CLKSourceConfig                  0x08009945   Thumb Code    40  misc.o(.text)
    GPIO_DeInit                              0x08009981   Thumb Code   268  stm32f4xx_gpio.o(.text)
    GPIO_Init                                0x08009a8d   Thumb Code   144  stm32f4xx_gpio.o(.text)
    GPIO_StructInit                          0x08009b1d   Thumb Code    18  stm32f4xx_gpio.o(.text)
    GPIO_PinLockConfig                       0x08009b2f   Thumb Code    34  stm32f4xx_gpio.o(.text)
    GPIO_ReadInputDataBit                    0x08009b51   Thumb Code    18  stm32f4xx_gpio.o(.text)
    GPIO_ReadInputData                       0x08009b63   Thumb Code     8  stm32f4xx_gpio.o(.text)
    GPIO_ReadOutputDataBit                   0x08009b6b   Thumb Code    18  stm32f4xx_gpio.o(.text)
    GPIO_ReadOutputData                      0x08009b7d   Thumb Code     8  stm32f4xx_gpio.o(.text)
    GPIO_SetBits                             0x08009b85   Thumb Code     4  stm32f4xx_gpio.o(.text)
    GPIO_ResetBits                           0x08009b89   Thumb Code     4  stm32f4xx_gpio.o(.text)
    GPIO_WriteBit                            0x08009b8d   Thumb Code    10  stm32f4xx_gpio.o(.text)
    GPIO_Write                               0x08009b97   Thumb Code     4  stm32f4xx_gpio.o(.text)
    GPIO_ToggleBits                          0x08009b9b   Thumb Code     8  stm32f4xx_gpio.o(.text)
    GPIO_PinAFConfig                         0x08009ba3   Thumb Code    70  stm32f4xx_gpio.o(.text)
    FSMC_NORSRAMDeInit                       0x08009c15   Thumb Code    54  stm32f4xx_fsmc.o(.text)
    FSMC_NORSRAMInit                         0x08009c4b   Thumb Code   230  stm32f4xx_fsmc.o(.text)
    FSMC_NORSRAMStructInit                   0x08009d31   Thumb Code    48  stm32f4xx_fsmc.o(.text)
    FSMC_NORSRAMCmd                          0x08009d61   Thumb Code    46  stm32f4xx_fsmc.o(.text)
    FSMC_NANDDeInit                          0x08009d8f   Thumb Code    62  stm32f4xx_fsmc.o(.text)
    FSMC_NANDInit                            0x08009dcd   Thumb Code   132  stm32f4xx_fsmc.o(.text)
    FSMC_NANDStructInit                      0x08009e51   Thumb Code    54  stm32f4xx_fsmc.o(.text)
    FSMC_NANDCmd                             0x08009e87   Thumb Code    86  stm32f4xx_fsmc.o(.text)
    FSMC_NANDECCCmd                          0x08009edd   Thumb Code    86  stm32f4xx_fsmc.o(.text)
    FSMC_GetECC                              0x08009f33   Thumb Code    24  stm32f4xx_fsmc.o(.text)
    FSMC_PCCARDDeInit                        0x08009f4b   Thumb Code    36  stm32f4xx_fsmc.o(.text)
    FSMC_PCCARDInit                          0x08009f6f   Thumb Code   130  stm32f4xx_fsmc.o(.text)
    FSMC_PCCARDStructInit                    0x08009ff1   Thumb Code    60  stm32f4xx_fsmc.o(.text)
    FSMC_PCCARDCmd                           0x0800a02d   Thumb Code    44  stm32f4xx_fsmc.o(.text)
    FSMC_ITConfig                            0x0800a059   Thumb Code   128  stm32f4xx_fsmc.o(.text)
    FSMC_GetFlagStatus                       0x0800a0d9   Thumb Code    54  stm32f4xx_fsmc.o(.text)
    FSMC_ClearFlag                           0x0800a10f   Thumb Code    74  stm32f4xx_fsmc.o(.text)
    FSMC_GetITStatus                         0x0800a159   Thumb Code    62  stm32f4xx_fsmc.o(.text)
    FSMC_ClearITPendingBit                   0x0800a197   Thumb Code    66  stm32f4xx_fsmc.o(.text)
    RCC_DeInit                               0x0800a1dd   Thumb Code    82  stm32f4xx_rcc.o(.text)
    RCC_HSEConfig                            0x0800a22f   Thumb Code    14  stm32f4xx_rcc.o(.text)
    RCC_GetFlagStatus                        0x0800a23d   Thumb Code    60  stm32f4xx_rcc.o(.text)
    RCC_WaitForHSEStartUp                    0x0800a279   Thumb Code    56  stm32f4xx_rcc.o(.text)
    RCC_AdjustHSICalibrationValue            0x0800a2b1   Thumb Code    20  stm32f4xx_rcc.o(.text)
    RCC_HSICmd                               0x0800a2c5   Thumb Code     6  stm32f4xx_rcc.o(.text)
    RCC_LSEConfig                            0x0800a2cb   Thumb Code    46  stm32f4xx_rcc.o(.text)
    RCC_LSICmd                               0x0800a2f9   Thumb Code     6  stm32f4xx_rcc.o(.text)
    RCC_PLLConfig                            0x0800a2ff   Thumb Code    32  stm32f4xx_rcc.o(.text)
    RCC_PLLCmd                               0x0800a31f   Thumb Code     6  stm32f4xx_rcc.o(.text)
    RCC_PLLI2SConfig                         0x0800a325   Thumb Code    14  stm32f4xx_rcc.o(.text)
    RCC_PLLI2SCmd                            0x0800a333   Thumb Code     6  stm32f4xx_rcc.o(.text)
    RCC_PLLSAIConfig                         0x0800a339   Thumb Code    20  stm32f4xx_rcc.o(.text)
    RCC_PLLSAICmd                            0x0800a34d   Thumb Code     6  stm32f4xx_rcc.o(.text)
    RCC_ClockSecuritySystemCmd               0x0800a353   Thumb Code     6  stm32f4xx_rcc.o(.text)
    RCC_MCO1Config                           0x0800a359   Thumb Code    28  stm32f4xx_rcc.o(.text)
    RCC_MCO2Config                           0x0800a375   Thumb Code    28  stm32f4xx_rcc.o(.text)
    RCC_SYSCLKConfig                         0x0800a391   Thumb Code    20  stm32f4xx_rcc.o(.text)
    RCC_GetSYSCLKSource                      0x0800a3a5   Thumb Code    12  stm32f4xx_rcc.o(.text)
    RCC_HCLKConfig                           0x0800a3b1   Thumb Code    20  stm32f4xx_rcc.o(.text)
    RCC_PCLK1Config                          0x0800a3c5   Thumb Code    20  stm32f4xx_rcc.o(.text)
    RCC_PCLK2Config                          0x0800a3d9   Thumb Code    22  stm32f4xx_rcc.o(.text)
    RCC_GetClocksFreq                        0x0800a3ef   Thumb Code   222  stm32f4xx_rcc.o(.text)
    RCC_RTCCLKConfig                         0x0800a4cd   Thumb Code    54  stm32f4xx_rcc.o(.text)
    RCC_RTCCLKCmd                            0x0800a503   Thumb Code     8  stm32f4xx_rcc.o(.text)
    RCC_BackupResetCmd                       0x0800a50b   Thumb Code     8  stm32f4xx_rcc.o(.text)
    RCC_I2SCLKConfig                         0x0800a513   Thumb Code     6  stm32f4xx_rcc.o(.text)
    RCC_SAIPLLI2SClkDivConfig                0x0800a519   Thumb Code    26  stm32f4xx_rcc.o(.text)
    RCC_SAIPLLSAIClkDivConfig                0x0800a533   Thumb Code    28  stm32f4xx_rcc.o(.text)
    RCC_SAIBlockACLKConfig                   0x0800a54f   Thumb Code    20  stm32f4xx_rcc.o(.text)
    RCC_SAIBlockBCLKConfig                   0x0800a563   Thumb Code    20  stm32f4xx_rcc.o(.text)
    RCC_LTDCCLKDivConfig                     0x0800a577   Thumb Code    20  stm32f4xx_rcc.o(.text)
    RCC_TIMCLKPresConfig                     0x0800a58b   Thumb Code     6  stm32f4xx_rcc.o(.text)
    RCC_AHB1PeriphClockCmd                   0x0800a591   Thumb Code    34  stm32f4xx_rcc.o(.text)
    RCC_AHB2PeriphClockCmd                   0x0800a5b3   Thumb Code    78  stm32f4xx_rcc.o(.text)
    RCC_AHB3PeriphClockCmd                   0x0800a601   Thumb Code    34  stm32f4xx_rcc.o(.text)
    RCC_APB1PeriphClockCmd                   0x0800a623   Thumb Code    34  stm32f4xx_rcc.o(.text)
    RCC_APB2PeriphClockCmd                   0x0800a645   Thumb Code    34  stm32f4xx_rcc.o(.text)
    RCC_AHB1PeriphResetCmd                   0x0800a667   Thumb Code    34  stm32f4xx_rcc.o(.text)
    RCC_AHB2PeriphResetCmd                   0x0800a689   Thumb Code    34  stm32f4xx_rcc.o(.text)
    RCC_AHB3PeriphResetCmd                   0x0800a6ab   Thumb Code    34  stm32f4xx_rcc.o(.text)
    RCC_APB1PeriphResetCmd                   0x0800a6cd   Thumb Code    34  stm32f4xx_rcc.o(.text)
    RCC_APB2PeriphResetCmd                   0x0800a6ef   Thumb Code    34  stm32f4xx_rcc.o(.text)
    RCC_AHB1PeriphClockLPModeCmd             0x0800a711   Thumb Code    34  stm32f4xx_rcc.o(.text)
    RCC_AHB2PeriphClockLPModeCmd             0x0800a733   Thumb Code    34  stm32f4xx_rcc.o(.text)
    RCC_AHB3PeriphClockLPModeCmd             0x0800a755   Thumb Code    34  stm32f4xx_rcc.o(.text)
    RCC_APB1PeriphClockLPModeCmd             0x0800a777   Thumb Code    34  stm32f4xx_rcc.o(.text)
    RCC_APB2PeriphClockLPModeCmd             0x0800a799   Thumb Code    34  stm32f4xx_rcc.o(.text)
    RCC_LSEModeConfig                        0x0800a7bb   Thumb Code    40  stm32f4xx_rcc.o(.text)
    RCC_ITConfig                             0x0800a7e3   Thumb Code    34  stm32f4xx_rcc.o(.text)
    RCC_ClearFlag                            0x0800a805   Thumb Code    18  stm32f4xx_rcc.o(.text)
    RCC_GetITStatus                          0x0800a817   Thumb Code    22  stm32f4xx_rcc.o(.text)
    RCC_ClearITPendingBit                    0x0800a82d   Thumb Code     8  stm32f4xx_rcc.o(.text)
    SYSCFG_DeInit                            0x0800a839   Thumb Code    22  stm32f4xx_syscfg.o(.text)
    SYSCFG_MemoryRemapConfig                 0x0800a84f   Thumb Code     6  stm32f4xx_syscfg.o(.text)
    SYSCFG_MemorySwappingBank                0x0800a855   Thumb Code     6  stm32f4xx_syscfg.o(.text)
    SYSCFG_EXTILineConfig                    0x0800a85b   Thumb Code    66  stm32f4xx_syscfg.o(.text)
    SYSCFG_ETH_MediaInterfaceConfig          0x0800a89d   Thumb Code     8  stm32f4xx_syscfg.o(.text)
    SYSCFG_CompensationCellCmd               0x0800a8a5   Thumb Code     6  stm32f4xx_syscfg.o(.text)
    SYSCFG_GetCompensationCellStatus         0x0800a8ab   Thumb Code    22  stm32f4xx_syscfg.o(.text)
    USART_DeInit                             0x0800a8cd   Thumb Code   206  stm32f4xx_usart.o(.text)
    USART_Init                               0x0800a99b   Thumb Code   204  stm32f4xx_usart.o(.text)
    USART_StructInit                         0x0800aa67   Thumb Code    24  stm32f4xx_usart.o(.text)
    USART_ClockInit                          0x0800aa7f   Thumb Code    32  stm32f4xx_usart.o(.text)
    USART_ClockStructInit                    0x0800aa9f   Thumb Code    12  stm32f4xx_usart.o(.text)
    USART_Cmd                                0x0800aaab   Thumb Code    24  stm32f4xx_usart.o(.text)
    USART_SetPrescaler                       0x0800aac3   Thumb Code    16  stm32f4xx_usart.o(.text)
    USART_OverSampling8Cmd                   0x0800aad3   Thumb Code    22  stm32f4xx_usart.o(.text)
    USART_OneBitMethodCmd                    0x0800aae9   Thumb Code    24  stm32f4xx_usart.o(.text)
    USART_SendData                           0x0800ab01   Thumb Code     8  stm32f4xx_usart.o(.text)
    USART_ReceiveData                        0x0800ab09   Thumb Code    10  stm32f4xx_usart.o(.text)
    USART_SetAddress                         0x0800ab13   Thumb Code    18  stm32f4xx_usart.o(.text)
    USART_ReceiverWakeUpCmd                  0x0800ab25   Thumb Code    24  stm32f4xx_usart.o(.text)
    USART_WakeUpConfig                       0x0800ab3d   Thumb Code    18  stm32f4xx_usart.o(.text)
    USART_LINBreakDetectLengthConfig         0x0800ab4f   Thumb Code    18  stm32f4xx_usart.o(.text)
    USART_LINCmd                             0x0800ab61   Thumb Code    24  stm32f4xx_usart.o(.text)
    USART_SendBreak                          0x0800ab79   Thumb Code    10  stm32f4xx_usart.o(.text)
    USART_HalfDuplexCmd                      0x0800ab83   Thumb Code    24  stm32f4xx_usart.o(.text)
    USART_SetGuardTime                       0x0800ab9b   Thumb Code    16  stm32f4xx_usart.o(.text)
    USART_SmartCardCmd                       0x0800abab   Thumb Code    24  stm32f4xx_usart.o(.text)
    USART_SmartCardNACKCmd                   0x0800abc3   Thumb Code    24  stm32f4xx_usart.o(.text)
    USART_IrDAConfig                         0x0800abdb   Thumb Code    18  stm32f4xx_usart.o(.text)
    USART_IrDACmd                            0x0800abed   Thumb Code    24  stm32f4xx_usart.o(.text)
    USART_DMACmd                             0x0800ac05   Thumb Code    18  stm32f4xx_usart.o(.text)
    USART_ITConfig                           0x0800ac17   Thumb Code    74  stm32f4xx_usart.o(.text)
    USART_GetFlagStatus                      0x0800ac61   Thumb Code    26  stm32f4xx_usart.o(.text)
    USART_ClearFlag                          0x0800ac7b   Thumb Code    18  stm32f4xx_usart.o(.text)
    USART_GetITStatus                        0x0800ac8d   Thumb Code   118  stm32f4xx_usart.o(.text)
    USART_ClearITPendingBit                  0x0800ad03   Thumb Code    30  stm32f4xx_usart.o(.text)
    TIM_DeInit                               0x0800ad21   Thumb Code   346  stm32f4xx_tim.o(.text)
    TIM_TimeBaseInit                         0x0800ae7b   Thumb Code   104  stm32f4xx_tim.o(.text)
    TIM_TimeBaseStructInit                   0x0800aee3   Thumb Code    18  stm32f4xx_tim.o(.text)
    TIM_PrescalerConfig                      0x0800aef5   Thumb Code     6  stm32f4xx_tim.o(.text)
    TIM_CounterModeConfig                    0x0800aefb   Thumb Code    18  stm32f4xx_tim.o(.text)
    TIM_SetCounter                           0x0800af0d   Thumb Code     4  stm32f4xx_tim.o(.text)
    TIM_SetAutoreload                        0x0800af11   Thumb Code     4  stm32f4xx_tim.o(.text)
    TIM_GetCounter                           0x0800af15   Thumb Code     6  stm32f4xx_tim.o(.text)
    TIM_GetPrescaler                         0x0800af1b   Thumb Code     6  stm32f4xx_tim.o(.text)
    TIM_UpdateDisableConfig                  0x0800af21   Thumb Code    24  stm32f4xx_tim.o(.text)
    TIM_UpdateRequestConfig                  0x0800af39   Thumb Code    24  stm32f4xx_tim.o(.text)
    TIM_ARRPreloadConfig                     0x0800af51   Thumb Code    24  stm32f4xx_tim.o(.text)
    TIM_SelectOnePulseMode                   0x0800af69   Thumb Code    18  stm32f4xx_tim.o(.text)
    TIM_SetClockDivision                     0x0800af7b   Thumb Code    18  stm32f4xx_tim.o(.text)
    TIM_Cmd                                  0x0800af8d   Thumb Code    24  stm32f4xx_tim.o(.text)
    TIM_OC1Init                              0x0800afa5   Thumb Code   114  stm32f4xx_tim.o(.text)
    TIM_OC2Init                              0x0800b017   Thumb Code   154  stm32f4xx_tim.o(.text)
    TIM_OC3Init                              0x0800b0b1   Thumb Code   204  stm32f4xx_tim.o(.text)
    TIM_OC4Init                              0x0800b17d   Thumb Code   112  stm32f4xx_tim.o(.text)
    TIM_OCStructInit                         0x0800b1ed   Thumb Code    20  stm32f4xx_tim.o(.text)
    TIM_SelectOCxM                           0x0800b201   Thumb Code    86  stm32f4xx_tim.o(.text)
    TIM_SetCompare1                          0x0800b257   Thumb Code     4  stm32f4xx_tim.o(.text)
    TIM_SetCompare2                          0x0800b25b   Thumb Code     4  stm32f4xx_tim.o(.text)
    TIM_SetCompare3                          0x0800b25f   Thumb Code     4  stm32f4xx_tim.o(.text)
    TIM_SetCompare4                          0x0800b263   Thumb Code     4  stm32f4xx_tim.o(.text)
    TIM_ForcedOC1Config                      0x0800b267   Thumb Code    18  stm32f4xx_tim.o(.text)
    TIM_ForcedOC2Config                      0x0800b279   Thumb Code    26  stm32f4xx_tim.o(.text)
    TIM_ForcedOC3Config                      0x0800b293   Thumb Code    18  stm32f4xx_tim.o(.text)
    TIM_ForcedOC4Config                      0x0800b2a5   Thumb Code    26  stm32f4xx_tim.o(.text)
    TIM_OC1PreloadConfig                     0x0800b2bf   Thumb Code    18  stm32f4xx_tim.o(.text)
    TIM_OC2PreloadConfig                     0x0800b2d1   Thumb Code    26  stm32f4xx_tim.o(.text)
    TIM_OC3PreloadConfig                     0x0800b2eb   Thumb Code    18  stm32f4xx_tim.o(.text)
    TIM_OC4PreloadConfig                     0x0800b2fd   Thumb Code    26  stm32f4xx_tim.o(.text)
    TIM_OC1FastConfig                        0x0800b317   Thumb Code    18  stm32f4xx_tim.o(.text)
    TIM_OC2FastConfig                        0x0800b329   Thumb Code    26  stm32f4xx_tim.o(.text)
    TIM_OC3FastConfig                        0x0800b343   Thumb Code    18  stm32f4xx_tim.o(.text)
    TIM_OC4FastConfig                        0x0800b355   Thumb Code    26  stm32f4xx_tim.o(.text)
    TIM_ClearOC1Ref                          0x0800b36f   Thumb Code    18  stm32f4xx_tim.o(.text)
    TIM_ClearOC2Ref                          0x0800b381   Thumb Code    24  stm32f4xx_tim.o(.text)
    TIM_ClearOC3Ref                          0x0800b399   Thumb Code    18  stm32f4xx_tim.o(.text)
    TIM_ClearOC4Ref                          0x0800b3ab   Thumb Code    24  stm32f4xx_tim.o(.text)
    TIM_OC1PolarityConfig                    0x0800b3c3   Thumb Code    18  stm32f4xx_tim.o(.text)
    TIM_OC1NPolarityConfig                   0x0800b3d5   Thumb Code    18  stm32f4xx_tim.o(.text)
    TIM_OC2PolarityConfig                    0x0800b3e7   Thumb Code    26  stm32f4xx_tim.o(.text)
    TIM_OC2NPolarityConfig                   0x0800b401   Thumb Code    26  stm32f4xx_tim.o(.text)
    TIM_OC3PolarityConfig                    0x0800b41b   Thumb Code    26  stm32f4xx_tim.o(.text)
    TIM_OC3NPolarityConfig                   0x0800b435   Thumb Code    26  stm32f4xx_tim.o(.text)
    TIM_OC4PolarityConfig                    0x0800b44f   Thumb Code    26  stm32f4xx_tim.o(.text)
    TIM_CCxCmd                               0x0800b469   Thumb Code    30  stm32f4xx_tim.o(.text)
    TIM_CCxNCmd                              0x0800b487   Thumb Code    30  stm32f4xx_tim.o(.text)
    TIM_SetIC4Prescaler                      0x0800b4a5   Thumb Code    26  stm32f4xx_tim.o(.text)
    TIM_SetIC3Prescaler                      0x0800b50f   Thumb Code    18  stm32f4xx_tim.o(.text)
    TIM_SetIC2Prescaler                      0x0800b569   Thumb Code    26  stm32f4xx_tim.o(.text)
    TIM_SetIC1Prescaler                      0x0800b5dd   Thumb Code    18  stm32f4xx_tim.o(.text)
    TIM_ICInit                               0x0800b629   Thumb Code   110  stm32f4xx_tim.o(.text)
    TIM_ICStructInit                         0x0800b697   Thumb Code    18  stm32f4xx_tim.o(.text)
    TIM_PWMIConfig                           0x0800b6a9   Thumb Code   124  stm32f4xx_tim.o(.text)
    TIM_GetCapture1                          0x0800b725   Thumb Code     6  stm32f4xx_tim.o(.text)
    TIM_GetCapture2                          0x0800b72b   Thumb Code     6  stm32f4xx_tim.o(.text)
    TIM_GetCapture3                          0x0800b731   Thumb Code     6  stm32f4xx_tim.o(.text)
    TIM_GetCapture4                          0x0800b737   Thumb Code     6  stm32f4xx_tim.o(.text)
    TIM_BDTRConfig                           0x0800b73d   Thumb Code    32  stm32f4xx_tim.o(.text)
    TIM_BDTRStructInit                       0x0800b75d   Thumb Code    18  stm32f4xx_tim.o(.text)
    TIM_CtrlPWMOutputs                       0x0800b76f   Thumb Code    30  stm32f4xx_tim.o(.text)
    TIM_SelectCOM                            0x0800b78d   Thumb Code    24  stm32f4xx_tim.o(.text)
    TIM_CCPreloadControl                     0x0800b7a5   Thumb Code    24  stm32f4xx_tim.o(.text)
    TIM_ITConfig                             0x0800b7bd   Thumb Code    18  stm32f4xx_tim.o(.text)
    TIM_GenerateEvent                        0x0800b7cf   Thumb Code     4  stm32f4xx_tim.o(.text)
    TIM_GetFlagStatus                        0x0800b7d3   Thumb Code    18  stm32f4xx_tim.o(.text)
    TIM_ClearFlag                            0x0800b7e5   Thumb Code     6  stm32f4xx_tim.o(.text)
    TIM_GetITStatus                          0x0800b7eb   Thumb Code    34  stm32f4xx_tim.o(.text)
    TIM_ClearITPendingBit                    0x0800b80d   Thumb Code     6  stm32f4xx_tim.o(.text)
    TIM_DMAConfig                            0x0800b813   Thumb Code    10  stm32f4xx_tim.o(.text)
    TIM_DMACmd                               0x0800b81d   Thumb Code    18  stm32f4xx_tim.o(.text)
    TIM_SelectCCDMA                          0x0800b82f   Thumb Code    24  stm32f4xx_tim.o(.text)
    TIM_InternalClockConfig                  0x0800b847   Thumb Code    12  stm32f4xx_tim.o(.text)
    TIM_SelectInputTrigger                   0x0800b853   Thumb Code    18  stm32f4xx_tim.o(.text)
    TIM_ITRxExternalClockConfig              0x0800b865   Thumb Code    24  stm32f4xx_tim.o(.text)
    TIM_TIxExternalClockConfig               0x0800b87d   Thumb Code    62  stm32f4xx_tim.o(.text)
    TIM_ETRConfig                            0x0800b8bb   Thumb Code    28  stm32f4xx_tim.o(.text)
    TIM_ETRClockMode1Config                  0x0800b8d7   Thumb Code    54  stm32f4xx_tim.o(.text)
    TIM_ETRClockMode2Config                  0x0800b90d   Thumb Code    32  stm32f4xx_tim.o(.text)
    TIM_SelectOutputTrigger                  0x0800b92d   Thumb Code    18  stm32f4xx_tim.o(.text)
    TIM_SelectSlaveMode                      0x0800b93f   Thumb Code    18  stm32f4xx_tim.o(.text)
    TIM_SelectMasterSlaveMode                0x0800b951   Thumb Code    18  stm32f4xx_tim.o(.text)
    TIM_EncoderInterfaceConfig               0x0800b963   Thumb Code    66  stm32f4xx_tim.o(.text)
    TIM_SelectHallSensor                     0x0800b9a5   Thumb Code    24  stm32f4xx_tim.o(.text)
    TIM_RemapConfig                          0x0800b9bd   Thumb Code     6  stm32f4xx_tim.o(.text)
    EXTI_DeInit                              0x0800b9c5   Thumb Code    28  stm32f4xx_exti.o(.text)
    EXTI_Init                                0x0800b9e1   Thumb Code   142  stm32f4xx_exti.o(.text)
    EXTI_StructInit                          0x0800ba6f   Thumb Code    16  stm32f4xx_exti.o(.text)
    EXTI_GenerateSWInterrupt                 0x0800ba7f   Thumb Code    16  stm32f4xx_exti.o(.text)
    EXTI_GetFlagStatus                       0x0800ba8f   Thumb Code    22  stm32f4xx_exti.o(.text)
    EXTI_ClearFlag                           0x0800baa5   Thumb Code     8  stm32f4xx_exti.o(.text)
    EXTI_GetITStatus                         0x0800baad   Thumb Code    22  stm32f4xx_exti.o(.text)
    EXTI_ClearITPendingBit                   0x0800bac3   Thumb Code     8  stm32f4xx_exti.o(.text)
    __use_no_semihosting                     0x0800bad5   Thumb Code     2  use_no_semi_2.o(.text)
    __2printf                                0x0800bad9   Thumb Code    20  noretval__2printf.o(.text)
    __2sprintf                               0x0800baf1   Thumb Code    34  noretval__2sprintf.o(.text)
    _printf_str                              0x0800bb19   Thumb Code    82  _printf_str.o(.text)
    _printf_int_dec                          0x0800bb6d   Thumb Code   104  _printf_dec.o(.text)
    _printf_int_hex                          0x0800bbe5   Thumb Code    84  _printf_hex_int.o(.text)
    _printf_longlong_hex                     0x0800bbe5   Thumb Code     0  _printf_hex_int.o(.text)
    __printf                                 0x0800bc3d   Thumb Code   270  __printf_wp.o(.text)
    strcmp                                   0x0800bd4d   Thumb Code   128  strcmpv7m.o(.text)
    __use_two_region_memory                  0x0800bdcd   Thumb Code     2  heapauxi.o(.text)
    __rt_heap_escrow$2region                 0x0800bdcf   Thumb Code     2  heapauxi.o(.text)
    __rt_heap_expand$2region                 0x0800bdd1   Thumb Code     2  heapauxi.o(.text)
    __I$use$semihosting                      0x0800bdd3   Thumb Code     0  use_no_semi.o(.text)
    __use_no_semihosting_swi                 0x0800bdd3   Thumb Code     2  use_no_semi.o(.text)
    __read_errno                             0x0800bdd5   Thumb Code    10  _rserrno.o(.text)
    __set_errno                              0x0800bddf   Thumb Code    12  _rserrno.o(.text)
    _printf_int_common                       0x0800bdeb   Thumb Code   178  _printf_intcommon.o(.text)
    __lib_sel_fp_printf                      0x0800be9d   Thumb Code     2  _printf_fp_dec.o(.text)
    _printf_fp_dec_real                      0x0800c04b   Thumb Code   620  _printf_fp_dec.o(.text)
    _printf_char_common                      0x0800c2c3   Thumb Code    32  _printf_char_common.o(.text)
    _sputc                                   0x0800c2e9   Thumb Code    10  _sputc.o(.text)
    _printf_cs_common                        0x0800c2f3   Thumb Code    20  _printf_char.o(.text)
    _printf_char                             0x0800c307   Thumb Code    16  _printf_char.o(.text)
    _printf_string                           0x0800c317   Thumb Code     8  _printf_char.o(.text)
    _printf_char_file                        0x0800c321   Thumb Code    32  _printf_char_file.o(.text)
    __rt_locale                              0x0800c345   Thumb Code     8  rt_locale_intlibspace.o(.text)
    __aeabi_errno_addr                       0x0800c34d   Thumb Code     8  rt_errno_addr_intlibspace.o(.text)
    __errno$intlibspace                      0x0800c34d   Thumb Code     0  rt_errno_addr_intlibspace.o(.text)
    __rt_errno_addr$intlibspace              0x0800c34d   Thumb Code     0  rt_errno_addr_intlibspace.o(.text)
    _ll_udiv10                               0x0800c355   Thumb Code   138  lludiv10.o(.text)
    _printf_fp_infnan                        0x0800c3e1   Thumb Code   112  _printf_fp_infnan.o(.text)
    _btod_etento                             0x0800c461   Thumb Code   216  bigflt0.o(.text)
    ferror                                   0x0800c53d   Thumb Code     8  ferror.o(.text)
    __user_libspace                          0x0800c545   Thumb Code     8  libspace.o(.text)
    __user_perproc_libspace                  0x0800c545   Thumb Code     0  libspace.o(.text)
    __user_perthread_libspace                0x0800c545   Thumb Code     0  libspace.o(.text)
    __user_setup_stackheap                   0x0800c54d   Thumb Code    74  sys_stackheap_outer.o(.text)
    exit                                     0x0800c597   Thumb Code    18  exit.o(.text)
    _btod_d2e                                0x0800c5a9   Thumb Code    62  btod.o(CL$$btod_d2e)
    _d2e_denorm_low                          0x0800c5e7   Thumb Code    70  btod.o(CL$$btod_d2e_denorm_low)
    _d2e_norm_op1                            0x0800c62d   Thumb Code    96  btod.o(CL$$btod_d2e_norm_op1)
    __btod_div_common                        0x0800c68d   Thumb Code   696  btod.o(CL$$btod_div_common)
    _e2e                                     0x0800c9c5   Thumb Code   198  btod.o(CL$$btod_e2e)
    _btod_ediv                               0x0800ca8b   Thumb Code    40  btod.o(CL$$btod_ediv)
    _btod_emul                               0x0800cab3   Thumb Code    40  btod.o(CL$$btod_emul)
    __btod_mult_common                       0x0800cadb   Thumb Code   580  btod.o(CL$$btod_mult_common)
    __ARM_fpclassify                         0x0800cd1f   Thumb Code    48  fpclassify.o(i.__ARM_fpclassify)
    __hardfp_fabs                            0x0800cd4f   Thumb Code    20  fabs.o(i.__hardfp_fabs)
    __hardfp_pow                             0x0800cd69   Thumb Code  3072  pow.o(i.__hardfp_pow)
    __hardfp_sqrt                            0x0800d9b9   Thumb Code   122  sqrt.o(i.__hardfp_sqrt)
    __kernel_poly                            0x0800da33   Thumb Code   248  poly.o(i.__kernel_poly)
    __mathlib_dbl_divzero                    0x0800db31   Thumb Code    28  dunder.o(i.__mathlib_dbl_divzero)
    __mathlib_dbl_infnan2                    0x0800db61   Thumb Code    20  dunder.o(i.__mathlib_dbl_infnan2)
    __mathlib_dbl_invalid                    0x0800db79   Thumb Code    24  dunder.o(i.__mathlib_dbl_invalid)
    __mathlib_dbl_overflow                   0x0800db99   Thumb Code    24  dunder.o(i.__mathlib_dbl_overflow)
    __mathlib_dbl_underflow                  0x0800dbb9   Thumb Code    24  dunder.o(i.__mathlib_dbl_underflow)
    _is_digit                                0x0800dbd9   Thumb Code    14  __printf_wp.o(i._is_digit)
    fabs                                     0x0800dbe7   Thumb Code    24  fabs.o(i.fabs)
    sqrt                                     0x0800dbff   Thumb Code   110  sqrt.o(i.sqrt)
    _get_lc_numeric                          0x0800dc6d   Thumb Code    44  lc_numeric_c.o(locale$$code)
    __aeabi_dneg                             0x0800dc99   Thumb Code     0  basic.o(x$fpl$basic)
    _dneg                                    0x0800dc99   Thumb Code     6  basic.o(x$fpl$basic)
    __aeabi_fneg                             0x0800dc9f   Thumb Code     0  basic.o(x$fpl$basic)
    _fneg                                    0x0800dc9f   Thumb Code     6  basic.o(x$fpl$basic)
    _dabs                                    0x0800dca5   Thumb Code     6  basic.o(x$fpl$basic)
    _fabs                                    0x0800dcab   Thumb Code     6  basic.o(x$fpl$basic)
    __aeabi_d2f                              0x0800dcb1   Thumb Code     0  d2f.o(x$fpl$d2f)
    _d2f                                     0x0800dcb1   Thumb Code    98  d2f.o(x$fpl$d2f)
    __aeabi_dadd                             0x0800dd15   Thumb Code     0  daddsub_clz.o(x$fpl$dadd)
    _dadd                                    0x0800dd15   Thumb Code   332  daddsub_clz.o(x$fpl$dadd)
    __fpl_dcheck_NaN1                        0x0800de65   Thumb Code    10  dcheck1.o(x$fpl$dcheck1)
    __fpl_dcmp_Inf                           0x0800de75   Thumb Code    24  dcmpi.o(x$fpl$dcmpinf)
    __aeabi_ddiv                             0x0800de8d   Thumb Code     0  ddiv.o(x$fpl$ddiv)
    _ddiv                                    0x0800de8d   Thumb Code   552  ddiv.o(x$fpl$ddiv)
    __aeabi_d2iz                             0x0800e13d   Thumb Code     0  dfix.o(x$fpl$dfix)
    _dfix                                    0x0800e13d   Thumb Code    94  dfix.o(x$fpl$dfix)
    __aeabi_d2uiz                            0x0800e19d   Thumb Code     0  dfixu.o(x$fpl$dfixu)
    _dfixu                                   0x0800e19d   Thumb Code    90  dfixu.o(x$fpl$dfixu)
    __aeabi_i2d                              0x0800e1f7   Thumb Code     0  dflt_clz.o(x$fpl$dflt)
    _dflt                                    0x0800e1f7   Thumb Code    46  dflt_clz.o(x$fpl$dflt)
    __aeabi_ui2d                             0x0800e225   Thumb Code     0  dflt_clz.o(x$fpl$dfltu)
    _dfltu                                   0x0800e225   Thumb Code    38  dflt_clz.o(x$fpl$dfltu)
    __aeabi_cdcmple                          0x0800e24d   Thumb Code     0  dleqf.o(x$fpl$dleqf)
    _dcmple                                  0x0800e24d   Thumb Code   120  dleqf.o(x$fpl$dleqf)
    __fpl_dcmple_InfNaN                      0x0800e2af   Thumb Code     0  dleqf.o(x$fpl$dleqf)
    __aeabi_dmul                             0x0800e2c5   Thumb Code     0  dmul.o(x$fpl$dmul)
    _dmul                                    0x0800e2c5   Thumb Code   332  dmul.o(x$fpl$dmul)
    __fpl_dnaninf                            0x0800e419   Thumb Code   156  dnaninf.o(x$fpl$dnaninf)
    __fpl_dretinf                            0x0800e4b5   Thumb Code    12  dretinf.o(x$fpl$dretinf)
    __aeabi_cdrcmple                         0x0800e4c1   Thumb Code     0  drleqf.o(x$fpl$drleqf)
    _drcmple                                 0x0800e4c1   Thumb Code   108  drleqf.o(x$fpl$drleqf)
    __aeabi_drsub                            0x0800e52d   Thumb Code     0  daddsub_clz.o(x$fpl$drsb)
    _drsb                                    0x0800e52d   Thumb Code    22  daddsub_clz.o(x$fpl$drsb)
    _dsqrt                                   0x0800e545   Thumb Code   404  dsqrt_umaal.o(x$fpl$dsqrt)
    __aeabi_dsub                             0x0800e6dd   Thumb Code     0  daddsub_clz.o(x$fpl$dsub)
    _dsub                                    0x0800e6dd   Thumb Code   464  daddsub_clz.o(x$fpl$dsub)
    __aeabi_f2d                              0x0800e8b1   Thumb Code     0  f2d.o(x$fpl$f2d)
    _f2d                                     0x0800e8b1   Thumb Code    86  f2d.o(x$fpl$f2d)
    __fpl_fnaninf                            0x0800e907   Thumb Code   140  fnaninf.o(x$fpl$fnaninf)
    _fp_init                                 0x0800e993   Thumb Code    10  fpinit.o(x$fpl$fpinit)
    __fplib_config_fpu_vfp                   0x0800e99b   Thumb Code     0  fpinit.o(x$fpl$fpinit)
    __fplib_config_pureend_doubles           0x0800e99b   Thumb Code     0  fpinit.o(x$fpl$fpinit)
    __fpl_fretinf                            0x0800e99d   Thumb Code    10  fretinf.o(x$fpl$fretinf)
    _printf_fp_dec                           0x0800e9a7   Thumb Code     4  printf1.o(x$fpl$printf1)
    __fpl_return_NaN                         0x0800e9ab   Thumb Code   100  retnan.o(x$fpl$retnan)
    __ARM_scalbn                             0x0800ea0f   Thumb Code    92  scalbn.o(x$fpl$scalbn)
    __fpl_cmpreturn                          0x0800ea6b   Thumb Code    48  trapv.o(x$fpl$trapveneer)
    __I$use$fp                               0x0800ea9a   Number         0  usenofp.o(x$fpl$usenofp)
    asc2_1206                                0x0800ea9a   Data        1140  lcd.o(.constdata)
    asc2_1608                                0x0800ef0e   Data        1520  lcd.o(.constdata)
    asc2_2412                                0x0800f4fe   Data        3420  lcd.o(.constdata)
    FT5206_TPX_TBL                           0x0801025a   Data          10  ft5206.o(.constdata)
    GT9147_CFG_TBL                           0x08010264   Data         184  gt9147.o(.constdata)
    GT9147_TPX_TBL                           0x0801031c   Data          10  gt9147.o(.constdata)
    OTT_TPX_TBL                              0x08010326   Data          10  ott2001a.o(.constdata)
    TP_REMIND_MSG_TBL                        0x08010330   Data           4  touch.o(.constdata)
    FSMC_DefaultTimingStruct                 0x08010334   Data          28  stm32f4xx_fsmc.o(.constdata)
    __mathlib_zero                           0x08010400   Data           8  qnan.o(.constdata)
    Region$$Table$$Base                      0x08010518   Number         0  anon$$obj.o(Region$$Table)
    Region$$Table$$Limit                     0x08010538   Number         0  anon$$obj.o(Region$$Table)
    RxCounter1                               0x20000000   Data           1  main.o(.data)
    RxFlag1                                  0x20000001   Data           1  main.o(.data)
    Ball_flag                                0x20000002   Data           1  main.o(.data)
    X                                        0x20000004   Data           2  main.o(.data)
    Dis                                      0x20000006   Data           2  main.o(.data)
    Dis_Chao                                 0x20000008   Data           2  main.o(.data)
    Dis_Cam                                  0x2000000a   Data           2  main.o(.data)
    Angle                                    0x2000000c   Data           4  main.o(.data)
    Display_Flag                             0x20000010   Data           1  main.o(.data)
    MODE                                     0x20000014   Data           4  main.o(.data)
    Start                                    0x20000018   Data           4  main.o(.data)
    Receive_flag                             0x2000001c   Data           4  main.o(.data)
    angle_V                                  0x20000020   Data           4  main.o(.data)
    angle_H                                  0x20000024   Data           4  main.o(.data)
    Switch_flag                              0x20000028   Data           4  main.o(.data)
    Dis_Num                                  0x2000002c   Data           3  main.o(.data)
    Ang_Num                                  0x2000002f   Data           3  main.o(.data)
    Angle_Neg_flag                           0x20000032   Data           1  main.o(.data)
    temp1                                    0x20000034   Data           4  main.o(.data)
    flag_flip                                0x20000038   Data           1  main.o(.data)
    find_flag                                0x20000039   Data           1  main.o(.data)
    Shoot_flag                               0x2000003a   Data           1  main.o(.data)
    aaa                                      0x2000003b   Data           1  main.o(.data)
    t                                        0x2000003c   Data           2  main.o(.data)
    tt                                       0x2000003e   Data           1  main.o(.data)
    tt_chong_flag                            0x2000003f   Data           1  main.o(.data)
    tt_chong                                 0x20000040   Data           2  main.o(.data)
    tt_chong_flag_5                          0x20000042   Data           2  main.o(.data)
    LastX                                    0x20000044   Data           2  main.o(.data)
    LastY                                    0x20000046   Data           2  main.o(.data)
    XSpeed                                   0x20000048   Data           4  main.o(.data)
    YSpeed                                   0x2000004c   Data           4  main.o(.data)
    Err_X                                    0x20000050   Data           4  main.o(.data)
    Err_Y                                    0x20000054   Data           4  main.o(.data)
    Err_X_LAST                               0x20000058   Data           4  main.o(.data)
    Err_Y_LAST                               0x2000005c   Data           4  main.o(.data)
    Spd_Err_X                                0x20000060   Data           4  main.o(.data)
    Spd_Err_Y                                0x20000064   Data           4  main.o(.data)
    Spd_Err_X_LAST                           0x20000068   Data           4  main.o(.data)
    Spd_Err_Y_LAST                           0x2000006c   Data           4  main.o(.data)
    X_Static_PWM                             0x20000070   Data           4  main.o(.data)
    Y_Static_PWM                             0x20000074   Data           4  main.o(.data)
    PWM_X                                    0x20000078   Data           4  main.o(.data)
    PWM_Y                                    0x2000007c   Data           4  main.o(.data)
    POSX_Integral                            0x20000080   Data           4  main.o(.data)
    POSY_Integral                            0x20000084   Data           4  main.o(.data)
    Spd_Aim_X                                0x20000088   Data           4  main.o(.data)
    Spd_Aim_Y                                0x2000008c   Data           4  main.o(.data)
    Aim_X                                    0x20000090   Data           4  main.o(.data)
    Aim_Y                                    0x20000094   Data           4  main.o(.data)
    Kp                                       0x20000098   Data           4  main.o(.data)
    Ki                                       0x2000009c   Data           4  main.o(.data)
    Kd                                       0x200000a0   Data           4  main.o(.data)
    SystemCoreClock                          0x200000a4   Data           4  system_stm32f4xx.o(.data)
    AHBPrescTable                            0x200000a8   Data          16  system_stm32f4xx.o(.data)
    POINT_COLOR                              0x200000b8   Data           2  lcd.o(.data)
    BACK_COLOR                               0x200000ba   Data           2  lcd.o(.data)
    tem                                      0x200000dc   Data           4  us100.o(.data)
    distance                                 0x200000e0   Data           4  us100.o(.data)
    Fake_flag                                0x200000e4   Data           1  us100.o(.data)
    tp_dev                                   0x200000f4   Data          52  touch.o(.data)
    CMD_RDX                                  0x20000128   Data           1  touch.o(.data)
    CMD_RDY                                  0x20000129   Data           1  touch.o(.data)
    __stdout                                 0x20000130   Data           4  usart.o(.data)
    USART_RX_STA                             0x20000134   Data           2  usart.o(.data)
    RxBuffer1                                0x20000148   Data          20  main.o(.bss)
    Buf                                      0x2000015c   Data         100  main.o(.bss)
    lcddev                                   0x200001c0   Data          14  lcd.o(.bss)
    buff                                     0x200001e2   Data         100  us100.o(.bss)
    __libspace_start                         0x2000025c   Data          96  libspace.o(.bss)
    __temporary_stack_top$libspace           0x200002bc   Data           0  libspace.o(.bss)



==============================================================================

Memory Map of the image

  Image Entry point : 0x08000189

  Load Region LR_IROM1 (Base: 0x08000000, Size: 0x0001069c, Max: 0x00100000, ABSOLUTE, COMPRESSED[0x000105a8])

    Execution Region ER_IROM1 (Base: 0x08000000, Size: 0x00010554, Max: 0x00100000, ABSOLUTE)

    Base Addr    Size         Type   Attr      Idx    E Section Name        Object

    0x08000000   0x00000188   Data   RO          732    RESET               startup_stm32f40_41xxx.o
    0x08000188   0x00000008   Code   RO         1522  * !!!main             c_w.l(__main.o)
    0x08000190   0x00000034   Code   RO         1854    !!!scatter          c_w.l(__scatter.o)
    0x080001c4   0x0000005a   Code   RO         1852    !!dczerorl2         c_w.l(__dczerorl2.o)
    0x0800021e   0x00000002   PAD
    0x08000220   0x0000001c   Code   RO         1856    !!handler_zi        c_w.l(__scatter_zi.o)
    0x0800023c   0x00000000   Code   RO         1517    .ARM.Collect$$_printf_percent$$00000000  c_w.l(_printf_percent.o)
    0x0800023c   0x00000006   Code   RO         1516    .ARM.Collect$$_printf_percent$$00000003  c_w.l(_printf_f.o)
    0x08000242   0x00000006   Code   RO         1515    .ARM.Collect$$_printf_percent$$00000009  c_w.l(_printf_d.o)
    0x08000248   0x00000006   Code   RO         1514    .ARM.Collect$$_printf_percent$$0000000C  c_w.l(_printf_x.o)
    0x0800024e   0x00000006   Code   RO         1513    .ARM.Collect$$_printf_percent$$00000014  c_w.l(_printf_s.o)
    0x08000254   0x00000004   Code   RO         1609    .ARM.Collect$$_printf_percent$$00000017  c_w.l(_printf_percent_end.o)
    0x08000258   0x00000002   Code   RO         1725    .ARM.Collect$$libinit$$00000000  c_w.l(libinit.o)
    0x0800025a   0x00000004   Code   RO         1726    .ARM.Collect$$libinit$$00000001  c_w.l(libinit2.o)
    0x0800025e   0x00000000   Code   RO         1729    .ARM.Collect$$libinit$$00000004  c_w.l(libinit2.o)
    0x0800025e   0x00000000   Code   RO         1732    .ARM.Collect$$libinit$$0000000A  c_w.l(libinit2.o)
    0x0800025e   0x00000000   Code   RO         1734    .ARM.Collect$$libinit$$0000000C  c_w.l(libinit2.o)
    0x0800025e   0x00000000   Code   RO         1736    .ARM.Collect$$libinit$$0000000E  c_w.l(libinit2.o)
    0x0800025e   0x00000006   Code   RO         1737    .ARM.Collect$$libinit$$0000000F  c_w.l(libinit2.o)
    0x08000264   0x00000000   Code   RO         1739    .ARM.Collect$$libinit$$00000011  c_w.l(libinit2.o)
    0x08000264   0x00000000   Code   RO         1741    .ARM.Collect$$libinit$$00000013  c_w.l(libinit2.o)
    0x08000264   0x00000000   Code   RO         1743    .ARM.Collect$$libinit$$00000015  c_w.l(libinit2.o)
    0x08000264   0x0000000a   Code   RO         1744    .ARM.Collect$$libinit$$00000016  c_w.l(libinit2.o)
    0x0800026e   0x00000000   Code   RO         1745    .ARM.Collect$$libinit$$00000017  c_w.l(libinit2.o)
    0x0800026e   0x00000000   Code   RO         1747    .ARM.Collect$$libinit$$00000019  c_w.l(libinit2.o)
    0x0800026e   0x00000000   Code   RO         1749    .ARM.Collect$$libinit$$0000001B  c_w.l(libinit2.o)
    0x0800026e   0x00000000   Code   RO         1751    .ARM.Collect$$libinit$$0000001D  c_w.l(libinit2.o)
    0x0800026e   0x00000000   Code   RO         1753    .ARM.Collect$$libinit$$0000001F  c_w.l(libinit2.o)
    0x0800026e   0x00000000   Code   RO         1755    .ARM.Collect$$libinit$$00000021  c_w.l(libinit2.o)
    0x0800026e   0x00000000   Code   RO         1757    .ARM.Collect$$libinit$$00000023  c_w.l(libinit2.o)
    0x0800026e   0x00000000   Code   RO         1759    .ARM.Collect$$libinit$$00000025  c_w.l(libinit2.o)
    0x0800026e   0x00000000   Code   RO         1763    .ARM.Collect$$libinit$$0000002C  c_w.l(libinit2.o)
    0x0800026e   0x00000000   Code   RO         1765    .ARM.Collect$$libinit$$0000002E  c_w.l(libinit2.o)
    0x0800026e   0x00000000   Code   RO         1767    .ARM.Collect$$libinit$$00000030  c_w.l(libinit2.o)
    0x0800026e   0x00000000   Code   RO         1769    .ARM.Collect$$libinit$$00000032  c_w.l(libinit2.o)
    0x0800026e   0x00000002   Code   RO         1770    .ARM.Collect$$libinit$$00000033  c_w.l(libinit2.o)
    0x08000270   0x00000002   Code   RO         1802    .ARM.Collect$$libshutdown$$00000000  c_w.l(libshutdown.o)
    0x08000272   0x00000000   Code   RO         1811    .ARM.Collect$$libshutdown$$00000002  c_w.l(libshutdown2.o)
    0x08000272   0x00000000   Code   RO         1813    .ARM.Collect$$libshutdown$$00000004  c_w.l(libshutdown2.o)
    0x08000272   0x00000000   Code   RO         1816    .ARM.Collect$$libshutdown$$00000007  c_w.l(libshutdown2.o)
    0x08000272   0x00000000   Code   RO         1819    .ARM.Collect$$libshutdown$$0000000A  c_w.l(libshutdown2.o)
    0x08000272   0x00000000   Code   RO         1821    .ARM.Collect$$libshutdown$$0000000C  c_w.l(libshutdown2.o)
    0x08000272   0x00000000   Code   RO         1824    .ARM.Collect$$libshutdown$$0000000F  c_w.l(libshutdown2.o)
    0x08000272   0x00000002   Code   RO         1825    .ARM.Collect$$libshutdown$$00000010  c_w.l(libshutdown2.o)
    0x08000274   0x00000000   Code   RO         1594    .ARM.Collect$$rtentry$$00000000  c_w.l(__rtentry.o)
    0x08000274   0x00000000   Code   RO         1647    .ARM.Collect$$rtentry$$00000002  c_w.l(__rtentry2.o)
    0x08000274   0x00000006   Code   RO         1659    .ARM.Collect$$rtentry$$00000004  c_w.l(__rtentry4.o)
    0x0800027a   0x00000000   Code   RO         1649    .ARM.Collect$$rtentry$$00000009  c_w.l(__rtentry2.o)
    0x0800027a   0x00000004   Code   RO         1650    .ARM.Collect$$rtentry$$0000000A  c_w.l(__rtentry2.o)
    0x0800027e   0x00000000   Code   RO         1652    .ARM.Collect$$rtentry$$0000000C  c_w.l(__rtentry2.o)
    0x0800027e   0x00000008   Code   RO         1653    .ARM.Collect$$rtentry$$0000000D  c_w.l(__rtentry2.o)
    0x08000286   0x00000002   Code   RO         1773    .ARM.Collect$$rtexit$$00000000  c_w.l(rtexit.o)
    0x08000288   0x00000000   Code   RO         1782    .ARM.Collect$$rtexit$$00000002  c_w.l(rtexit2.o)
    0x08000288   0x00000004   Code   RO         1783    .ARM.Collect$$rtexit$$00000003  c_w.l(rtexit2.o)
    0x0800028c   0x00000006   Code   RO         1784    .ARM.Collect$$rtexit$$00000004  c_w.l(rtexit2.o)
    0x08000292   0x00000002   PAD
    0x08000294   0x000009a4   Code   RO            3    .text               main.o
    0x08000c38   0x0000001a   Code   RO          203    .text               stm32f4xx_it.o
    0x08000c52   0x00000002   PAD
    0x08000c54   0x00000210   Code   RO          252    .text               system_stm32f4xx.o
    0x08000e64   0x00004c80   Code   RO          302    .text               lcd.o
    0x08005ae4   0x000001a0   Code   RO          333    .text               usart2.o
    0x08005c84   0x0000005c   Code   RO          354    .text               timer.o
    0x08005ce0   0x00000208   Code   RO          374    .text               pwm.o
    0x08005ee8   0x00000304   Code   RO          394    .text               control.o
    0x080061ec   0x0000017a   Code   RO          420    .text               24cxx.o
    0x08006366   0x00000002   PAD
    0x08006368   0x00000ef0   Code   RO          446    .text               interface.o
    0x08007258   0x0000008c   Code   RO          466    .text               jidianqi.o
    0x080072e4   0x00000320   Code   RO          486    .text               us100.o
    0x08007604   0x00000254   Code   RO          515    .text               ctiic.o
    0x08007858   0x0000032c   Code   RO          538    .text               ft5206.o
    0x08007b84   0x00000448   Code   RO          562    .text               gt9147.o
    0x08007fcc   0x00000388   Code   RO          586    .text               ott2001a.o
    0x08008354   0x000010e4   Code   RO          610    .text               touch.o
    0x08009438   0x0000025c   Code   RO          638    .text               myiic.o
    0x08009694   0x00000104   Code   RO          661    .text               delay.o
    0x08009798   0x000000c8   Code   RO          701    .text               usart.o
    0x08009860   0x00000040   Code   RO          733    .text               startup_stm32f40_41xxx.o
    0x080098a0   0x000000e0   Code   RO          739    .text               misc.o
    0x08009980   0x00000294   Code   RO          779    .text               stm32f4xx_gpio.o
    0x08009c14   0x000005c8   Code   RO          799    .text               stm32f4xx_fsmc.o
    0x0800a1dc   0x0000065c   Code   RO          842    .text               stm32f4xx_rcc.o
    0x0800a838   0x00000094   Code   RO          864    .text               stm32f4xx_syscfg.o
    0x0800a8cc   0x00000454   Code   RO          884    .text               stm32f4xx_usart.o
    0x0800ad20   0x00000ca2   Code   RO          904    .text               stm32f4xx_tim.o
    0x0800b9c2   0x00000002   PAD
    0x0800b9c4   0x00000110   Code   RO         1127    .text               stm32f4xx_exti.o
    0x0800bad4   0x00000002   Code   RO         1456    .text               c_w.l(use_no_semi_2.o)
    0x0800bad6   0x00000002   PAD
    0x0800bad8   0x00000018   Code   RO         1462    .text               c_w.l(noretval__2printf.o)
    0x0800baf0   0x00000028   Code   RO         1464    .text               c_w.l(noretval__2sprintf.o)
    0x0800bb18   0x00000052   Code   RO         1468    .text               c_w.l(_printf_str.o)
    0x0800bb6a   0x00000002   PAD
    0x0800bb6c   0x00000078   Code   RO         1470    .text               c_w.l(_printf_dec.o)
    0x0800bbe4   0x00000058   Code   RO         1475    .text               c_w.l(_printf_hex_int.o)
    0x0800bc3c   0x0000010e   Code   RO         1501    .text               c_w.l(__printf_wp.o)
    0x0800bd4a   0x00000002   PAD
    0x0800bd4c   0x00000080   Code   RO         1518    .text               c_w.l(strcmpv7m.o)
    0x0800bdcc   0x00000006   Code   RO         1520    .text               c_w.l(heapauxi.o)
    0x0800bdd2   0x00000002   Code   RO         1592    .text               c_w.l(use_no_semi.o)
    0x0800bdd4   0x00000016   Code   RO         1595    .text               c_w.l(_rserrno.o)
    0x0800bdea   0x000000b2   Code   RO         1597    .text               c_w.l(_printf_intcommon.o)
    0x0800be9c   0x0000041a   Code   RO         1599    .text               c_w.l(_printf_fp_dec.o)
    0x0800c2b6   0x00000002   PAD
    0x0800c2b8   0x00000030   Code   RO         1601    .text               c_w.l(_printf_char_common.o)
    0x0800c2e8   0x0000000a   Code   RO         1603    .text               c_w.l(_sputc.o)
    0x0800c2f2   0x0000002c   Code   RO         1605    .text               c_w.l(_printf_char.o)
    0x0800c31e   0x00000002   PAD
    0x0800c320   0x00000024   Code   RO         1607    .text               c_w.l(_printf_char_file.o)
    0x0800c344   0x00000008   Code   RO         1664    .text               c_w.l(rt_locale_intlibspace.o)
    0x0800c34c   0x00000008   Code   RO         1669    .text               c_w.l(rt_errno_addr_intlibspace.o)
    0x0800c354   0x0000008a   Code   RO         1671    .text               c_w.l(lludiv10.o)
    0x0800c3de   0x00000002   PAD
    0x0800c3e0   0x00000080   Code   RO         1673    .text               c_w.l(_printf_fp_infnan.o)
    0x0800c460   0x000000dc   Code   RO         1677    .text               c_w.l(bigflt0.o)
    0x0800c53c   0x00000008   Code   RO         1702    .text               c_w.l(ferror.o)
    0x0800c544   0x00000008   Code   RO         1713    .text               c_w.l(libspace.o)
    0x0800c54c   0x0000004a   Code   RO         1716    .text               c_w.l(sys_stackheap_outer.o)
    0x0800c596   0x00000012   Code   RO         1718    .text               c_w.l(exit.o)
    0x0800c5a8   0x0000003e   Code   RO         1680    CL$$btod_d2e        c_w.l(btod.o)
    0x0800c5e6   0x00000046   Code   RO         1682    CL$$btod_d2e_denorm_low  c_w.l(btod.o)
    0x0800c62c   0x00000060   Code   RO         1681    CL$$btod_d2e_norm_op1  c_w.l(btod.o)
    0x0800c68c   0x00000338   Code   RO         1690    CL$$btod_div_common  c_w.l(btod.o)
    0x0800c9c4   0x000000c6   Code   RO         1687    CL$$btod_e2e        c_w.l(btod.o)
    0x0800ca8a   0x00000028   Code   RO         1684    CL$$btod_ediv       c_w.l(btod.o)
    0x0800cab2   0x00000028   Code   RO         1683    CL$$btod_emul       c_w.l(btod.o)
    0x0800cada   0x00000244   Code   RO         1689    CL$$btod_mult_common  c_w.l(btod.o)
    0x0800cd1e   0x00000030   Code   RO         1641    i.__ARM_fpclassify  m_wm.l(fpclassify.o)
    0x0800cd4e   0x00000014   Code   RO         1560    i.__hardfp_fabs     m_wm.l(fabs.o)
    0x0800cd62   0x00000006   PAD
    0x0800cd68   0x00000c50   Code   RO         1566    i.__hardfp_pow      m_wm.l(pow.o)
    0x0800d9b8   0x0000007a   Code   RO         1580    i.__hardfp_sqrt     m_wm.l(sqrt.o)
    0x0800da32   0x000000f8   Code   RO         1643    i.__kernel_poly     m_wm.l(poly.o)
    0x0800db2a   0x00000006   PAD
    0x0800db30   0x00000030   Code   RO         1627    i.__mathlib_dbl_divzero  m_wm.l(dunder.o)
    0x0800db60   0x00000014   Code   RO         1629    i.__mathlib_dbl_infnan2  m_wm.l(dunder.o)
    0x0800db74   0x00000004   PAD
    0x0800db78   0x00000020   Code   RO         1630    i.__mathlib_dbl_invalid  m_wm.l(dunder.o)
    0x0800db98   0x00000020   Code   RO         1631    i.__mathlib_dbl_overflow  m_wm.l(dunder.o)
    0x0800dbb8   0x00000020   Code   RO         1633    i.__mathlib_dbl_underflow  m_wm.l(dunder.o)
    0x0800dbd8   0x0000000e   Code   RO         1503    i._is_digit         c_w.l(__printf_wp.o)
    0x0800dbe6   0x00000018   Code   RO         1562    i.fabs              m_wm.l(fabs.o)
    0x0800dbfe   0x0000006e   Code   RO         1582    i.sqrt              m_wm.l(sqrt.o)
    0x0800dc6c   0x0000002c   Code   RO         1707    locale$$code        c_w.l(lc_numeric_c.o)
    0x0800dc98   0x00000018   Code   RO         1610    x$fpl$basic         fz_wm.l(basic.o)
    0x0800dcb0   0x00000062   Code   RO         1524    x$fpl$d2f           fz_wm.l(d2f.o)
    0x0800dd12   0x00000002   PAD
    0x0800dd14   0x00000150   Code   RO         1526    x$fpl$dadd          fz_wm.l(daddsub_clz.o)
    0x0800de64   0x00000010   Code   RO         1709    x$fpl$dcheck1       fz_wm.l(dcheck1.o)
    0x0800de74   0x00000018   Code   RO         1612    x$fpl$dcmpinf       fz_wm.l(dcmpi.o)
    0x0800de8c   0x000002b0   Code   RO         1533    x$fpl$ddiv          fz_wm.l(ddiv.o)
    0x0800e13c   0x0000005e   Code   RO         1536    x$fpl$dfix          fz_wm.l(dfix.o)
    0x0800e19a   0x00000002   PAD
    0x0800e19c   0x0000005a   Code   RO         1540    x$fpl$dfixu         fz_wm.l(dfixu.o)
    0x0800e1f6   0x0000002e   Code   RO         1545    x$fpl$dflt          fz_wm.l(dflt_clz.o)
    0x0800e224   0x00000026   Code   RO         1544    x$fpl$dfltu         fz_wm.l(dflt_clz.o)
    0x0800e24a   0x00000002   PAD
    0x0800e24c   0x00000078   Code   RO         1550    x$fpl$dleqf         fz_wm.l(dleqf.o)
    0x0800e2c4   0x00000154   Code   RO         1552    x$fpl$dmul          fz_wm.l(dmul.o)
    0x0800e418   0x0000009c   Code   RO         1614    x$fpl$dnaninf       fz_wm.l(dnaninf.o)
    0x0800e4b4   0x0000000c   Code   RO         1616    x$fpl$dretinf       fz_wm.l(dretinf.o)
    0x0800e4c0   0x0000006c   Code   RO         1554    x$fpl$drleqf        fz_wm.l(drleqf.o)
    0x0800e52c   0x00000016   Code   RO         1527    x$fpl$drsb          fz_wm.l(daddsub_clz.o)
    0x0800e542   0x00000002   PAD
    0x0800e544   0x00000198   Code   RO         1618    x$fpl$dsqrt         fz_wm.l(dsqrt_umaal.o)
    0x0800e6dc   0x000001d4   Code   RO         1528    x$fpl$dsub          fz_wm.l(daddsub_clz.o)
    0x0800e8b0   0x00000056   Code   RO         1556    x$fpl$f2d           fz_wm.l(f2d.o)
    0x0800e906   0x0000008c   Code   RO         1620    x$fpl$fnaninf       fz_wm.l(fnaninf.o)
    0x0800e992   0x0000000a   Code   RO         1777    x$fpl$fpinit        fz_wm.l(fpinit.o)
    0x0800e99c   0x0000000a   Code   RO         1622    x$fpl$fretinf       fz_wm.l(fretinf.o)
    0x0800e9a6   0x00000004   Code   RO         1558    x$fpl$printf1       fz_wm.l(printf1.o)
    0x0800e9aa   0x00000064   Code   RO         1771    x$fpl$retnan        fz_wm.l(retnan.o)
    0x0800ea0e   0x0000005c   Code   RO         1624    x$fpl$scalbn        fz_wm.l(scalbn.o)
    0x0800ea6a   0x00000030   Code   RO         1779    x$fpl$trapveneer    fz_wm.l(trapv.o)
    0x0800ea9a   0x00000000   Code   RO         1626    x$fpl$usenofp       fz_wm.l(usenofp.o)
    0x0800ea9a   0x000017c0   Data   RO          304    .constdata          lcd.o
    0x0801025a   0x0000000a   Data   RO          539    .constdata          ft5206.o
    0x08010264   0x000000c2   Data   RO          563    .constdata          gt9147.o
    0x08010326   0x0000000a   Data   RO          587    .constdata          ott2001a.o
    0x08010330   0x00000004   Data   RO          611    .constdata          touch.o
    0x08010334   0x0000001c   Data   RO          800    .constdata          stm32f4xx_fsmc.o
    0x08010350   0x00000028   Data   RO         1476    .constdata          c_w.l(_printf_hex_int.o)
    0x08010378   0x00000088   Data   RO         1569    .constdata          m_wm.l(pow.o)
    0x08010400   0x00000008   Data   RO         1645    .constdata          m_wm.l(qnan.o)
    0x08010408   0x00000094   Data   RO         1678    .constdata          c_w.l(bigflt0.o)
    0x0801049c   0x00000079   Data   RO          612    .conststring        touch.o
    0x08010515   0x00000003   PAD
    0x08010518   0x00000020   Data   RO         1850    Region$$Table       anon$$obj.o
    0x08010538   0x0000001c   Data   RO         1706    locale$$data        c_w.l(lc_numeric_c.o)


    Execution Region RW_IRAM1 (Base: 0x20000000, Size: 0x000008c0, Max: 0x00020000, ABSOLUTE, COMPRESSED[0x00000054])

    Base Addr    Size         Type   Attr      Idx    E Section Name        Object

    0x20000000   0x000000a4   Data   RW            5    .data               main.o
    0x200000a4   0x00000014   Data   RW          253    .data               system_stm32f4xx.o
    0x200000b8   0x00000004   Data   RW          305    .data               lcd.o
    0x200000bc   0x00000001   Data   RW          334    .data               usart2.o
    0x200000bd   0x00000003   PAD
    0x200000c0   0x0000001c   Data   RW          396    .data               control.o
    0x200000dc   0x00000015   Data   RW          488    .data               us100.o
    0x200000f1   0x00000001   Data   RW          540    .data               ft5206.o
    0x200000f2   0x00000001   Data   RW          564    .data               gt9147.o
    0x200000f3   0x00000001   Data   RW          588    .data               ott2001a.o
    0x200000f4   0x00000036   Data   RW          613    .data               touch.o
    0x2000012a   0x00000004   Data   RW          662    .data               delay.o
    0x2000012e   0x00000002   PAD
    0x20000130   0x00000006   Data   RW          703    .data               usart.o
    0x20000136   0x00000010   Data   RW          843    .data               stm32f4xx_rcc.o
    0x20000146   0x00000002   PAD
    0x20000148   0x00000078   Zero   RW            4    .bss                main.o
    0x200001c0   0x0000000e   Zero   RW          303    .bss                lcd.o
    0x200001ce   0x00000014   Zero   RW          395    .bss                control.o
    0x200001e2   0x00000078   Zero   RW          487    .bss                us100.o
    0x2000025a   0x00000002   PAD
    0x2000025c   0x00000060   Zero   RW         1714    .bss                c_w.l(libspace.o)
    0x200002bc   0x00000004   PAD
    0x200002c0   0x00000200   Zero   RW          731    HEAP                startup_stm32f40_41xxx.o
    0x200004c0   0x00000400   Zero   RW          730    STACK               startup_stm32f40_41xxx.o


==============================================================================

Image component sizes


      Code (inc. data)   RO Data    RW Data    ZI Data      Debug   Object Name

       378          0          0          0          0       2958   24cxx.o
       772        118          0         28         20       1362   control.o
       596         24          0          0          0       2169   ctiic.o
       260          8          0          4          0       1645   delay.o
       812         40         10          1          0       2783   ft5206.o
      1096         78        194          1          0       3342   gt9147.o
      3824        420          0          0          0       3220   interface.o
       140          6          0          0          0        879   jidianqi.o
     19584        174       6080          4         14      23286   lcd.o
      2468        302          0        164        120     297608   main.o
       224         20          0          0          0       1981   misc.o
       604         14          0          0          0       1996   myiic.o
       904         66         10          1          0       2999   ott2001a.o
       520         22          0          0          0       1722   pwm.o
        64         26        392          0       1536        892   startup_stm32f40_41xxx.o
       272         10          0          0          0       2451   stm32f4xx_exti.o
      1480         18         28          0          0       5894   stm32f4xx_fsmc.o
       660         44          0          0          0       4321   stm32f4xx_gpio.o
        26          0          0          0          0       1306   stm32f4xx_it.o
      1628         52          0         16          0      13280   stm32f4xx_rcc.o
       148         12          0          0          0       1925   stm32f4xx_syscfg.o
      3234         60          0          0          0      23180   stm32f4xx_tim.o
      1108         34          0          0          0       8048   stm32f4xx_usart.o
       528         46          0         20          0       2023   system_stm32f4xx.o
        92          4          0          0          0        772   timer.o
      4324        230        125         54          0       7217   touch.o
       800        106          0         21        120       3009   us100.o
       200         10          0          6          0       3332   usart.o
       416         26          0          1          0       1368   usart2.o

    ----------------------------------------------------------------------
     47168       1970       6874        328       1812     426968   Object Totals
         0          0         32          0          0          0   (incl. Generated)
         6          0          3          7          2          0   (incl. Padding)

    ----------------------------------------------------------------------

      Code (inc. data)   RO Data    RW Data    ZI Data      Debug   Library Member Name

        90          0          0          0          0          0   __dczerorl2.o
         8          0          0          0          0         68   __main.o
       284          0          0          0          0        156   __printf_wp.o
         0          0          0          0          0          0   __rtentry.o
        12          0          0          0          0          0   __rtentry2.o
         6          0          0          0          0          0   __rtentry4.o
        52          8          0          0          0          0   __scatter.o
        28          0          0          0          0          0   __scatter_zi.o
        44          0          0          0          0        108   _printf_char.o
        48          6          0          0          0         96   _printf_char_common.o
        36          4          0          0          0         80   _printf_char_file.o
         6          0          0          0          0          0   _printf_d.o
       120         16          0          0          0         92   _printf_dec.o
         6          0          0          0          0          0   _printf_f.o
      1050          0          0          0          0        216   _printf_fp_dec.o
       128         16          0          0          0         84   _printf_fp_infnan.o
        88          4         40          0          0         88   _printf_hex_int.o
       178          0          0          0          0         88   _printf_intcommon.o
         0          0          0          0          0          0   _printf_percent.o
         4          0          0          0          0          0   _printf_percent_end.o
         6          0          0          0          0          0   _printf_s.o
        82          0          0          0          0         80   _printf_str.o
         6          0          0          0          0          0   _printf_x.o
        22          0          0          0          0        100   _rserrno.o
        10          0          0          0          0         68   _sputc.o
       220          4        148          0          0         96   bigflt0.o
      1910        128          0          0          0        672   btod.o
        18          0          0          0          0         80   exit.o
         8          0          0          0          0         68   ferror.o
         6          0          0          0          0        152   heapauxi.o
        44         10         28          0          0         76   lc_numeric_c.o
         2          0          0          0          0          0   libinit.o
        22          0          0          0          0          0   libinit2.o
         2          0          0          0          0          0   libshutdown.o
         2          0          0          0          0          0   libshutdown2.o
         8          4          0          0         96         68   libspace.o
       138          0          0          0          0         80   lludiv10.o
        24          4          0          0          0         84   noretval__2printf.o
        40          6          0          0          0         84   noretval__2sprintf.o
         8          4          0          0          0         68   rt_errno_addr_intlibspace.o
         8          4          0          0          0         68   rt_locale_intlibspace.o
         2          0          0          0          0          0   rtexit.o
        10          0          0          0          0          0   rtexit2.o
       128          0          0          0          0         68   strcmpv7m.o
        74          0          0          0          0         80   sys_stackheap_outer.o
         2          0          0          0          0         68   use_no_semi.o
         2          0          0          0          0         68   use_no_semi_2.o
        24          0          0          0          0        164   basic.o
        98          4          0          0          0        140   d2f.o
       826         16          0          0          0        492   daddsub_clz.o
        16          4          0          0          0        116   dcheck1.o
        24          0          0          0          0        116   dcmpi.o
       688        140          0          0          0        256   ddiv.o
        94          4          0          0          0        140   dfix.o
        90          4          0          0          0        140   dfixu.o
        84          0          0          0          0        232   dflt_clz.o
       120          4          0          0          0        140   dleqf.o
       340         12          0          0          0        152   dmul.o
       156          4          0          0          0        140   dnaninf.o
        12          0          0          0          0        116   dretinf.o
       108          0          0          0          0        128   drleqf.o
       408         56          0          0          0        168   dsqrt_umaal.o
        86          4          0          0          0        132   f2d.o
       140          4          0          0          0        132   fnaninf.o
        10          0          0          0          0        116   fpinit.o
        10          0          0          0          0        116   fretinf.o
         4          0          0          0          0        116   printf1.o
       100          0          0          0          0        116   retnan.o
        92          0          0          0          0        116   scalbn.o
        48          0          0          0          0        116   trapv.o
         0          0          0          0          0          0   usenofp.o
       164         44          0          0          0        620   dunder.o
        44          0          0          0          0        248   fabs.o
        48          0          0          0          0        124   fpclassify.o
       248          0          0          0          0        152   poly.o
      3152        296        136          0          0        352   pow.o
         0          0          8          0          0          0   qnan.o
       232          0          0          0          0        296   sqrt.o

    ----------------------------------------------------------------------
     12498        814        360          0        100       8596   Library Totals
        40          0          0          0          4          0   (incl. Padding)

    ----------------------------------------------------------------------

      Code (inc. data)   RO Data    RW Data    ZI Data      Debug   Library Name

      4992        218        216          0         96       3204   c_w.l
      3578        256          0          0          0       3600   fz_wm.l
      3888        340        144          0          0       1792   m_wm.l

    ----------------------------------------------------------------------
     12498        814        360          0        100       8596   Library Totals

    ----------------------------------------------------------------------

==============================================================================


      Code (inc. data)   RO Data    RW Data    ZI Data      Debug   

     59666       2784       7234        328       1912     425196   Grand Totals
     59666       2784       7234         84       1912     425196   ELF Image Totals (compressed)
     59666       2784       7234         84          0          0   ROM Totals

==============================================================================

    Total RO  Size (Code + RO Data)                66900 (  65.33kB)
    Total RW  Size (RW Data + ZI Data)              2240 (   2.19kB)
    Total ROM Size (Code + RO Data + RW Data)      66984 (  65.41kB)

==============================================================================

